Archive member included to satisfy reference by file (symbol)

e:/stm32cubeide_1.6.1/stm32cubeide/plugins/com.st.stm32cube.ide.mcu.externaltools.gnu-tools-for-stm32.9-2020-q2-update.win32_2.0.0.202105311346/tools/bin/../lib/gcc/arm-none-eabi/9.3.1/../../../../arm-none-eabi/lib/thumb/v7e-m+dp/hard\libc_nano.a(lib_a-errno.o)
                              ./Core/Src/syscalls.o (__errno)
e:/stm32cubeide_1.6.1/stm32cubeide/plugins/com.st.stm32cube.ide.mcu.externaltools.gnu-tools-for-stm32.9-2020-q2-update.win32_2.0.0.202105311346/tools/bin/../lib/gcc/arm-none-eabi/9.3.1/../../../../arm-none-eabi/lib/thumb/v7e-m+dp/hard\libc_nano.a(lib_a-exit.o)
                              e:/stm32cubeide_1.6.1/stm32cubeide/plugins/com.st.stm32cube.ide.mcu.externaltools.gnu-tools-for-stm32.9-2020-q2-update.win32_2.0.0.202105311346/tools/bin/../lib/gcc/arm-none-eabi/9.3.1/../../../../arm-none-eabi/lib/thumb/v7e-m+dp/hard/crt0.o (exit)
e:/stm32cubeide_1.6.1/stm32cubeide/plugins/com.st.stm32cube.ide.mcu.externaltools.gnu-tools-for-stm32.9-2020-q2-update.win32_2.0.0.202105311346/tools/bin/../lib/gcc/arm-none-eabi/9.3.1/../../../../arm-none-eabi/lib/thumb/v7e-m+dp/hard\libc_nano.a(lib_a-impure.o)
                              e:/stm32cubeide_1.6.1/stm32cubeide/plugins/com.st.stm32cube.ide.mcu.externaltools.gnu-tools-for-stm32.9-2020-q2-update.win32_2.0.0.202105311346/tools/bin/../lib/gcc/arm-none-eabi/9.3.1/../../../../arm-none-eabi/lib/thumb/v7e-m+dp/hard\libc_nano.a(lib_a-exit.o) (_global_impure_ptr)
e:/stm32cubeide_1.6.1/stm32cubeide/plugins/com.st.stm32cube.ide.mcu.externaltools.gnu-tools-for-stm32.9-2020-q2-update.win32_2.0.0.202105311346/tools/bin/../lib/gcc/arm-none-eabi/9.3.1/../../../../arm-none-eabi/lib/thumb/v7e-m+dp/hard\libc_nano.a(lib_a-init.o)
                              e:/stm32cubeide_1.6.1/stm32cubeide/plugins/com.st.stm32cube.ide.mcu.externaltools.gnu-tools-for-stm32.9-2020-q2-update.win32_2.0.0.202105311346/tools/bin/../lib/gcc/arm-none-eabi/9.3.1/../../../../arm-none-eabi/lib/thumb/v7e-m+dp/hard/crt0.o (__libc_init_array)
e:/stm32cubeide_1.6.1/stm32cubeide/plugins/com.st.stm32cube.ide.mcu.externaltools.gnu-tools-for-stm32.9-2020-q2-update.win32_2.0.0.202105311346/tools/bin/../lib/gcc/arm-none-eabi/9.3.1/../../../../arm-none-eabi/lib/thumb/v7e-m+dp/hard\libc_nano.a(lib_a-memset.o)
                              e:/stm32cubeide_1.6.1/stm32cubeide/plugins/com.st.stm32cube.ide.mcu.externaltools.gnu-tools-for-stm32.9-2020-q2-update.win32_2.0.0.202105311346/tools/bin/../lib/gcc/arm-none-eabi/9.3.1/../../../../arm-none-eabi/lib/thumb/v7e-m+dp/hard/crt0.o (memset)
e:/stm32cubeide_1.6.1/stm32cubeide/plugins/com.st.stm32cube.ide.mcu.externaltools.gnu-tools-for-stm32.9-2020-q2-update.win32_2.0.0.202105311346/tools/bin/../lib/gcc/arm-none-eabi/9.3.1/../../../../arm-none-eabi/lib/thumb/v7e-m+dp/hard\libc_nano.a(lib_a-sprintf.o)
                              ./Core/Src/LL_UART_TEO.o (sprintf)
e:/stm32cubeide_1.6.1/stm32cubeide/plugins/com.st.stm32cube.ide.mcu.externaltools.gnu-tools-for-stm32.9-2020-q2-update.win32_2.0.0.202105311346/tools/bin/../lib/gcc/arm-none-eabi/9.3.1/../../../../arm-none-eabi/lib/thumb/v7e-m+dp/hard\libc_nano.a(lib_a-nano-svfprintf.o)
                              e:/stm32cubeide_1.6.1/stm32cubeide/plugins/com.st.stm32cube.ide.mcu.externaltools.gnu-tools-for-stm32.9-2020-q2-update.win32_2.0.0.202105311346/tools/bin/../lib/gcc/arm-none-eabi/9.3.1/../../../../arm-none-eabi/lib/thumb/v7e-m+dp/hard\libc_nano.a(lib_a-sprintf.o) (_svfprintf_r)
e:/stm32cubeide_1.6.1/stm32cubeide/plugins/com.st.stm32cube.ide.mcu.externaltools.gnu-tools-for-stm32.9-2020-q2-update.win32_2.0.0.202105311346/tools/bin/../lib/gcc/arm-none-eabi/9.3.1/../../../../arm-none-eabi/lib/thumb/v7e-m+dp/hard\libc_nano.a(lib_a-nano-vfprintf_i.o)
                              e:/stm32cubeide_1.6.1/stm32cubeide/plugins/com.st.stm32cube.ide.mcu.externaltools.gnu-tools-for-stm32.9-2020-q2-update.win32_2.0.0.202105311346/tools/bin/../lib/gcc/arm-none-eabi/9.3.1/../../../../arm-none-eabi/lib/thumb/v7e-m+dp/hard\libc_nano.a(lib_a-nano-svfprintf.o) (_printf_i)
e:/stm32cubeide_1.6.1/stm32cubeide/plugins/com.st.stm32cube.ide.mcu.externaltools.gnu-tools-for-stm32.9-2020-q2-update.win32_2.0.0.202105311346/tools/bin/../lib/gcc/arm-none-eabi/9.3.1/../../../../arm-none-eabi/lib/thumb/v7e-m+dp/hard\libc_nano.a(lib_a-memchr.o)
                              e:/stm32cubeide_1.6.1/stm32cubeide/plugins/com.st.stm32cube.ide.mcu.externaltools.gnu-tools-for-stm32.9-2020-q2-update.win32_2.0.0.202105311346/tools/bin/../lib/gcc/arm-none-eabi/9.3.1/../../../../arm-none-eabi/lib/thumb/v7e-m+dp/hard\libc_nano.a(lib_a-nano-svfprintf.o) (memchr)
e:/stm32cubeide_1.6.1/stm32cubeide/plugins/com.st.stm32cube.ide.mcu.externaltools.gnu-tools-for-stm32.9-2020-q2-update.win32_2.0.0.202105311346/tools/bin/../lib/gcc/arm-none-eabi/9.3.1/../../../../arm-none-eabi/lib/thumb/v7e-m+dp/hard\libc_nano.a(lib_a-memcpy-stub.o)
[...]
Memory Configuration

Name             Origin             Length             Attributes
DTCMRAM          0x0000000020000000 0x0000000000020000 xrw
ITCMRAM          0x0000000000000000 0x0000000000010000 xrw
RAM_D1           0x0000000024000000 0x0000000000080000 xrw
RAM_D2           0x0000000030000000 0x0000000000048000 xrw
RAM_D3           0x0000000038000000 0x0000000000010000 xrw
FLASH            0x0000000008000000 0x0000000000020000 xr
*default*        0x0000000000000000 0xffffffffffffffff

Linker script and memory map

LOAD e:/stm32cubeide_1.6.1/stm32cubeide/plugins/com.st.stm32cube.ide.mcu.externaltools.gnu-tools-for-stm32.9-2020-q2-update.win32_2.0.0.202105311346/tools/bin/../lib/gcc/arm-none-eabi/9.3.1/thumb/v7e-m+dp/hard/crti.o
LOAD e:/stm32cubeide_1.6.1/stm32cubeide/plugins/com.st.stm32cube.ide.mcu.externaltools.gnu-tools-for-stm32.9-2020-q2-update.win32_2.0.0.202105311346/tools/bin/../lib/gcc/arm-none-eabi/9.3.1/thumb/v7e-m+dp/hard/crtbegin.o
LOAD e:/stm32cubeide_1.6.1/stm32cubeide/plugins/com.st.stm32cube.ide.mcu.externaltools.gnu-tools-for-stm32.9-2020-q2-update.win32_2.0.0.202105311346/tools/bin/../lib/gcc/arm-none-eabi/9.3.1/../../../../arm-none-eabi/lib/thumb/v7e-m+dp/hard/crt0.o
LOAD ./Core/Src/HUB_75.o
LOAD ./Core/Src/LL_UART_TEO.o
LOAD ./Core/Src/Napisy.o
LOAD ./Core/Src/PIXEL_MAPS.o
LOAD ./Core/Src/String_From_UART.o
LOAD ./Core/Src/gpio.o
LOAD ./Core/Src/iwdg.o
LOAD ./Core/Src/main.o
LOAD ./Core/Src/mdma.o
LOAD ./Core/Src/quadspi.o
LOAD ./Core/Src/spi.o
LOAD ./Core/Src/stm32h7xx_hal_msp.o
LOAD ./Core/Src/stm32h7xx_it.o
LOAD ./Core/Src/syscalls.o
LOAD ./Core/Src/sysmem.o
LOAD ./Core/Src/system_stm32h7xx.o
LOAD ./Core/Src/tim.o
LOAD ./Core/Src/usart.o
LOAD ./Core/Startup/startup_stm32h750vbtx.o
LOAD ./Drivers/STM32H7xx_HAL_Driver/Src/stm32h7xx_hal.o
LOAD ./Drivers/STM32H7xx_HAL_Driver/Src/stm32h7xx_hal_cortex.o
LOAD ./Drivers/STM32H7xx_HAL_Driver/Src/stm32h7xx_hal_dma.o
LOAD ./Drivers/STM32H7xx_HAL_Driver/Src/stm32h7xx_hal_dma_ex.o
LOAD ./Drivers/STM32H7xx_HAL_Driver/Src/stm32h7xx_hal_exti.o
LOAD ./Drivers/STM32H7xx_HAL_Driver/Src/stm32h7xx_hal_flash.o
LOAD ./Drivers/STM32H7xx_HAL_Driver/Src/stm32h7xx_hal_flash_ex.o
LOAD ./Drivers/STM32H7xx_HAL_Driver/Src/stm32h7xx_hal_gpio.o
LOAD ./Drivers/STM32H7xx_HAL_Driver/Src/stm32h7xx_hal_hsem.o
LOAD ./Drivers/STM32H7xx_HAL_Driver/Src/stm32h7xx_hal_i2c.o
LOAD ./Drivers/STM32H7xx_HAL_Driver/Src/stm32h7xx_hal_i2c_ex.o
LOAD ./Drivers/STM32H7xx_HAL_Driver/Src/stm32h7xx_hal_iwdg.o
LOAD ./Drivers/STM32H7xx_HAL_Driver/Src/stm32h7xx_hal_mdma.o
LOAD ./Drivers/STM32H7xx_HAL_Driver/Src/stm32h7xx_hal_pwr.o
LOAD ./Drivers/STM32H7xx_HAL_Driver/Src/stm32h7xx_hal_pwr_ex.o
LOAD ./Drivers/STM32H7xx_HAL_Driver/Src/stm32h7xx_hal_qspi.o
LOAD ./Drivers/STM32H7xx_HAL_Driver/Src/stm32h7xx_hal_rcc.o
LOAD ./Drivers/STM32H7xx_HAL_Driver/Src/stm32h7xx_hal_rcc_ex.o
LOAD ./Drivers/STM32H7xx_HAL_Driver/Src/stm32h7xx_hal_spi.o
LOAD ./Drivers/STM32H7xx_HAL_Driver/Src/stm32h7xx_hal_spi_ex.o
LOAD ./Drivers/STM32H7xx_HAL_Driver/Src/stm32h7xx_hal_tim.o
LOAD ./Drivers/STM32H7xx_HAL_Driver/Src/stm32h7xx_hal_tim_ex.o
LOAD ./Drivers/STM32H7xx_HAL_Driver/Src/stm32h7xx_ll_dma.o
LOAD ./Drivers/STM32H7xx_HAL_Driver/Src/stm32h7xx_ll_exti.o
LOAD ./Drivers/STM32H7xx_HAL_Driver/Src/stm32h7xx_ll_gpio.o
LOAD ./Drivers/STM32H7xx_HAL_Driver/Src/stm32h7xx_ll_rcc.o
LOAD ./Drivers/STM32H7xx_HAL_Driver/Src/stm32h7xx_ll_tim.o
LOAD ./Drivers/STM32H7xx_HAL_Driver/Src/stm32h7xx_ll_usart.o
LOAD ./Drivers/STM32H7xx_HAL_Driver/Src/stm32h7xx_ll_utils.o
START GROUP
LOAD e:/stm32cubeide_1.6.1/stm32cubeide/plugins/com.st.stm32cube.ide.mcu.externaltools.gnu-tools-for-stm32.9-2020-q2-update.win32_2.0.0.202105311346/tools/bin/../lib/gcc/arm-none-eabi/9.3.1/../../../../arm-none-eabi/lib/thumb/v7e-m+dp/hard\libc_nano.a
LOAD e:/stm32cubeide_1.6.1/stm32cubeide/plugins/com.st.stm32cube.ide.mcu.externaltools.gnu-tools-for-stm32.9-2020-q2-update.win32_2.0.0.202105311346/tools/bin/../lib/gcc/arm-none-eabi/9.3.1/../../../../arm-none-eabi/lib/thumb/v7e-m+dp/hard\libm.a
END GROUP
START GROUP
LOAD e:/stm32cubeide_1.6.1/stm32cubeide/plugins/com.st.stm32cube.ide.mcu.externaltools.gnu-tools-for-stm32.9-2020-q2-update.win32_2.0.0.202105311346/tools/bin/../lib/gcc/arm-none-eabi/9.3.1/thumb/v7e-m+dp/hard\libgcc.a
LOAD e:/stm32cubeide_1.6.1/stm32cubeide/plugins/com.st.stm32cube.ide.mcu.externaltools.gnu-tools-for-stm32.9-2020-q2-update.win32_2.0.0.202105311346/tools/bin/../lib/gcc/arm-none-eabi/9.3.1/../../../../arm-none-eabi/lib/thumb/v7e-m+dp/hard\libc_nano.a
END GROUP
START GROUP
LOAD e:/stm32cubeide_1.6.1/stm32cubeide/plugins/com.st.stm32cube.ide.mcu.externaltools.gnu-tools-for-stm32.9-2020-q2-update.win32_2.0.0.202105311346/tools/bin/../lib/gcc/arm-none-eabi/9.3.1/thumb/v7e-m+dp/hard\libgcc.a
LOAD e:/stm32cubeide_1.6.1/stm32cubeide/plugins/com.st.stm32cube.ide.mcu.externaltools.gnu-tools-for-stm32.9-2020-q2-update.win32_2.0.0.202105311346/tools/bin/../lib/gcc/arm-none-eabi/9.3.1/../../../../arm-none-eabi/lib/thumb/v7e-m+dp/hard\libc_nano.a
LOAD e:/stm32cubeide_1.6.1/stm32cubeide/plugins/com.st.stm32cube.ide.mcu.externaltools.gnu-tools-for-stm32.9-2020-q2-update.win32_2.0.0.202105311346/tools/bin/../lib/gcc/arm-none-eabi/9.3.1/../../../../arm-none-eabi/lib/thumb/v7e-m+dp/hard\libnosys.a
END GROUP
START GROUP
LOAD e:/stm32cubeide_1.6.1/stm32cubeide/plugins/com.st.stm32cube.ide.mcu.externaltools.gnu-tools-for-stm32.9-2020-q2-update.win32_2.0.0.202105311346/tools/bin/../lib/gcc/arm-none-eabi/9.3.1/thumb/v7e-m+dp/hard\libgcc.a
LOAD e:/stm32cubeide_1.6.1/stm32cubeide/plugins/com.st.stm32cube.ide.mcu.externaltools.gnu-tools-for-stm32.9-2020-q2-update.win32_2.0.0.202105311346/tools/bin/../lib/gcc/arm-none-eabi/9.3.1/../../../../arm-none-eabi/lib/thumb/v7e-m+dp/hard\libc_nano.a
LOAD e:/stm32cubeide_1.6.1/stm32cubeide/plugins/com.st.stm32cube.ide.mcu.externaltools.gnu-tools-for-stm32.9-2020-q2-update.win32_2.0.0.202105311346/tools/bin/../lib/gcc/arm-none-eabi/9.3.1/../../../../arm-none-eabi/lib/thumb/v7e-m+dp/hard\libnosys.a
END GROUP
LOAD e:/stm32cubeide_1.6.1/stm32cubeide/plugins/com.st.stm32cube.ide.mcu.externaltools.gnu-tools-for-stm32.9-2020-q2-update.win32_2.0.0.202105311346/tools/bin/../lib/gcc/arm-none-eabi/9.3.1/thumb/v7e-m+dp/hard/crtend.o
LOAD e:/stm32cubeide_1.6.1/stm32cubeide/plugins/com.st.stm32cube.ide.mcu.externaltools.gnu-tools-for-stm32.9-2020-q2-update.win32_2.0.0.202105311346/tools/bin/../lib/gcc/arm-none-eabi/9.3.1/thumb/v7e-m+dp/hard/crtn.o
                0x0000000024080000                _estack = (ORIGIN (RAM_D1) + LENGTH (RAM_D1))
                0x0000000000000200                _Min_Heap_Size = 0x200
                0x0000000000000400                _Min_Stack_Size = 0x400

.isr_vector     0x0000000008000000      0x298
                0x0000000008000000                . = ALIGN (0x4)
 *(.isr_vector)
 .isr_vector    0x0000000008000000      0x298 ./Core/Startup/startup_stm32h750vbtx.o
                0x0000000008000000                g_pfnVectors
                0x0000000008000298                . = ALIGN (0x4)

.text           0x0000000008000298     0x8244
                0x0000000008000298                . = ALIGN (0x4)
 *(.text)
 .text          0x0000000008000298       0x40 e:/stm32cubeide_1.6.1/stm32cubeide/plugins/com.st.stm32cube.ide.mcu.externaltools.gnu-tools-for-stm32.9-2020-q2-update.win32_2.0.0.202105311346/tools/bin/../lib/gcc/arm-none-eabi/9.3.1/thumb/v7e-m+dp/hard/crtbegin.o
 *(.text*)
 .text.LL_TIM_EnableCounter
                0x00000000080002d8       0x20 ./Core/Src/HUB_75.o
 .text.LL_TIM_EnableIT_CC1
                0x00000000080002f8       0x20 ./Core/Src/HUB_75.o
 .text.TIM5_CallBack
                0x0000000008000318      0x140 ./Core/Src/HUB_75.o
                0x0000000008000318                TIM5_CallBack
 .text.Send_BUF_IN_SCR
                0x0000000008000458      0x248 ./Core/Src/HUB_75.o
                0x0000000008000458                Send_BUF_IN_SCR
 .text.View256ColorBitMap
                0x00000000080006a0       0x28 ./Core/Src/HUB_75.o
                0x00000000080006a0                View256ColorBitMap
 .text.PrepareFull256Color_Buffer
                0x00000000080006c8      0x1d0 ./Core/Src/HUB_75.o
 .text.PrepareAndGetWithBritnessRowPart255Color
                0x0000000008000898      0x1da ./Core/Src/HUB_75.o
 .text.Prepare256Color_Row
                0x0000000008000a72      0x194 ./Core/Src/HUB_75.o
 *fill*         0x0000000008000c06        0x2 
 .text.HAL_QSPI_TxCpltCallback
                0x0000000008000c08       0x5c ./Core/Src/HUB_75.o
                0x0000000008000c08                HAL_QSPI_TxCpltCallback
 .text.HUB_75_INIT
                0x0000000008000c64       0x94 ./Core/Src/HUB_75.o
                0x0000000008000c64                HUB_75_INIT
 .text.LL_USART_IsActiveFlag_RXNE_RXFNE
                0x0000000008000cf8       0x26 ./Core/Src/LL_UART_TEO.o
 .text.LL_USART_IsActiveFlag_TC
                0x0000000008000d1e       0x26 ./Core/Src/LL_UART_TEO.o
 .text.LL_USART_IsActiveFlag_TXE_TXFNF
                0x0000000008000d44       0x26 ./Core/Src/LL_UART_TEO.o
 .text.LL_USART_ClearFlag_TC
                0x0000000008000d6a       0x1a ./Core/Src/LL_UART_TEO.o
 .text.LL_USART_EnableIT_TC
                0x0000000008000d84       0x20 ./Core/Src/LL_UART_TEO.o
 .text.LL_USART_DisableIT_TXE_TXFNF
                0x0000000008000da4       0x20 ./Core/Src/LL_UART_TEO.o
 .text.LL_USART_IsEnabledIT_RXNE_RXFNE
                0x0000000008000dc4       0x26 ./Core/Src/LL_UART_TEO.o
 .text.LL_USART_IsEnabledIT_TC
                0x0000000008000dea       0x26 ./Core/Src/LL_UART_TEO.o
 .text.LL_USART_IsEnabledIT_TXE_TXFNF
                0x0000000008000e10       0x26 ./Core/Src/LL_UART_TEO.o
 .text.LL_USART_ReceiveData8
                0x0000000008000e36       0x1a ./Core/Src/LL_UART_TEO.o
 .text.LL_USART_TransmitData8
                0x0000000008000e50       0x1e ./Core/Src/LL_UART_TEO.o
 .text.USART_CharReception_Callback
                0x0000000008000e6e       0x30 ./Core/Src/LL_UART_TEO.o
                0x0000000008000e6e                USART_CharReception_Callback
 .text.USART_TXEmpty_Callback
                0x0000000008000e9e       0x58 ./Core/Src/LL_UART_TEO.o
                0x0000000008000e9e                USART_TXEmpty_Callback
 .text.USART_CharTransmitComplete_Callback
                0x0000000008000ef6       0x2a ./Core/Src/LL_UART_TEO.o
                0x0000000008000ef6                USART_CharTransmitComplete_Callback
 .text.TUART_CallBack_IRQ
                0x0000000008000f20       0x8c ./Core/Src/LL_UART_TEO.o
                0x0000000008000f20                TUART_CallBack_IRQ
 .text.MX_GPIO_Init
                0x0000000008000fac      0x184 ./Core/Src/gpio.o
                0x0000000008000fac                MX_GPIO_Init
 .text.main     0x0000000008001130       0x54 ./Core/Src/main.o
                0x0000000008001130                main
 .text.SystemClock_Config
                0x0000000008001184      0x110 ./Core/Src/main.o
                0x0000000008001184                SystemClock_Config
 .text.PeriphCommonClock_Config
                0x0000000008001294       0x60 ./Core/Src/main.o
                0x0000000008001294                PeriphCommonClock_Config
 .text.Error_Handler
                0x00000000080012f4        0xe ./Core/Src/main.o
                0x00000000080012f4                Error_Handler
 *fill*         0x0000000008001302        0x2 
 .text.MX_MDMA_Init
                0x0000000008001304       0x40 ./Core/Src/mdma.o
                0x0000000008001304                MX_MDMA_Init
 .text.MX_QUADSPI_Init
                0x0000000008001344       0x58 ./Core/Src/quadspi.o
                0x0000000008001344                MX_QUADSPI_Init
 .text.HAL_QSPI_MspInit
                0x000000000800139c      0x1c0 ./Core/Src/quadspi.o
                0x000000000800139c                HAL_QSPI_MspInit
 .text.MX_SPI2_Init
                0x000000000800155c       0xac ./Core/Src/spi.o
                0x000000000800155c                MX_SPI2_Init
 .text.HAL_SPI_MspInit
                0x0000000008001608       0xd8 ./Core/Src/spi.o
                0x0000000008001608                HAL_SPI_MspInit
 .text.HAL_MspInit
                0x00000000080016e0       0x34 ./Core/Src/stm32h7xx_hal_msp.o
                0x00000000080016e0                HAL_MspInit
 .text.LL_TIM_ClearFlag_CC1
                0x0000000008001714       0x1c ./Core/Src/stm32h7xx_it.o
 .text.NMI_Handler
                0x0000000008001730        0xe ./Core/Src/stm32h7xx_it.o
                0x0000000008001730                NMI_Handler
 .text.HardFault_Handler
                0x000000000800173e        0x6 ./Core/Src/stm32h7xx_it.o
                0x000000000800173e                HardFault_Handler
 .text.MemManage_Handler
                0x0000000008001744        0x6 ./Core/Src/stm32h7xx_it.o
                0x0000000008001744                MemManage_Handler
 .text.BusFault_Handler
                0x000000000800174a        0x6 ./Core/Src/stm32h7xx_it.o
                0x000000000800174a                BusFault_Handler
 .text.UsageFault_Handler
                0x0000000008001750        0x6 ./Core/Src/stm32h7xx_it.o
                0x0000000008001750                UsageFault_Handler
 .text.SVC_Handler
                0x0000000008001756        0xe ./Core/Src/stm32h7xx_it.o
                0x0000000008001756                SVC_Handler
 .text.DebugMon_Handler
                0x0000000008001764        0xe ./Core/Src/stm32h7xx_it.o
                0x0000000008001764                DebugMon_Handler
 .text.PendSV_Handler
                0x0000000008001772        0xe ./Core/Src/stm32h7xx_it.o
                0x0000000008001772                PendSV_Handler
 .text.SysTick_Handler
                0x0000000008001780        0xc ./Core/Src/stm32h7xx_it.o
                0x0000000008001780                SysTick_Handler
 .text.TIM2_IRQHandler
                0x000000000800178c       0x20 ./Core/Src/stm32h7xx_it.o
                0x000000000800178c                TIM2_IRQHandler
 .text.TIM3_IRQHandler
                0x00000000080017ac        0xe ./Core/Src/stm32h7xx_it.o
                0x00000000080017ac                TIM3_IRQHandler
 *fill*         0x00000000080017ba        0x2 
 .text.USART3_IRQHandler
                0x00000000080017bc       0x14 ./Core/Src/stm32h7xx_it.o
                0x00000000080017bc                USART3_IRQHandler
 .text.TIM5_IRQHandler
                0x00000000080017d0       0x18 ./Core/Src/stm32h7xx_it.o
                0x00000000080017d0                TIM5_IRQHandler
 .text.QUADSPI_IRQHandler
                0x00000000080017e8       0x14 ./Core/Src/stm32h7xx_it.o
                0x00000000080017e8                QUADSPI_IRQHandler
 .text.MDMA_IRQHandler
                0x00000000080017fc       0x14 ./Core/Src/stm32h7xx_it.o
                0x00000000080017fc                MDMA_IRQHandler
 .text.SystemInit
                0x0000000008001810       0xc4 ./Core/Src/system_stm32h7xx.o
                0x0000000008001810                SystemInit
 .text.__NVIC_GetPriorityGrouping
                0x00000000080018d4       0x1c ./Core/Src/tim.o
 .text.__NVIC_EnableIRQ
                0x00000000080018f0       0x3c ./Core/Src/tim.o
 .text.__NVIC_SetPriority
                0x000000000800192c       0x54 ./Core/Src/tim.o
 .text.NVIC_EncodePriority
                0x0000000008001980       0x66 ./Core/Src/tim.o
 .text.LL_TIM_DisableARRPreload
                0x00000000080019e6       0x20 ./Core/Src/tim.o
 *fill*         0x0000000008001a06        0x2 
 .text.LL_TIM_SetClockSource
                0x0000000008001a08       0x2c ./Core/Src/tim.o
 .text.LL_TIM_SetTriggerOutput
                0x0000000008001a34       0x26 ./Core/Src/tim.o
 .text.LL_TIM_DisableMasterSlaveMode
                0x0000000008001a5a       0x20 ./Core/Src/tim.o
 *fill*         0x0000000008001a7a        0x2 
 .text.LL_APB1_GRP1_EnableClock
                0x0000000008001a7c       0x38 ./Core/Src/tim.o
 .text.MX_TIM2_Init
                0x0000000008001ab4       0x82 ./Core/Src/tim.o
                0x0000000008001ab4                MX_TIM2_Init
 *fill*         0x0000000008001b36        0x2 
 .text.MX_TIM3_Init
                0x0000000008001b38       0x7c ./Core/Src/tim.o
                0x0000000008001b38                MX_TIM3_Init
 .text.MX_TIM4_Init
                0x0000000008001bb4       0xec ./Core/Src/tim.o
                0x0000000008001bb4                MX_TIM4_Init
 .text.MX_TIM5_Init
                0x0000000008001ca0       0x7c ./Core/Src/tim.o
                0x0000000008001ca0                MX_TIM5_Init
 .text.HAL_TIM_Base_MspInit
                0x0000000008001d1c       0x44 ./Core/Src/tim.o
                0x0000000008001d1c                HAL_TIM_Base_MspInit
 .text.HAL_TIM_MspPostInit
                0x0000000008001d60       0x78 ./Core/Src/tim.o
                0x0000000008001d60                HAL_TIM_MspPostInit
 .text.__NVIC_GetPriorityGrouping
                0x0000000008001dd8       0x1c ./Core/Src/usart.o
 .text.__NVIC_EnableIRQ
                0x0000000008001df4       0x3c ./Core/Src/usart.o
 .text.__NVIC_SetPriority
                0x0000000008001e30       0x54 ./Core/Src/usart.o
 .text.NVIC_EncodePriority
                0x0000000008001e84       0x66 ./Core/Src/usart.o
 .text.LL_USART_Enable
                0x0000000008001eea       0x20 ./Core/Src/usart.o
 .text.LL_USART_DisableFIFO
                0x0000000008001f0a       0x20 ./Core/Src/usart.o
 .text.LL_USART_SetTXFIFOThreshold
                0x0000000008001f2a       0x28 ./Core/Src/usart.o
 .text.LL_USART_SetRXFIFOThreshold
                0x0000000008001f52       0x28 ./Core/Src/usart.o
 .text.LL_USART_ConfigAsyncMode
                0x0000000008001f7a       0x2c ./Core/Src/usart.o
 .text.LL_USART_IsActiveFlag_TEACK
                0x0000000008001fa6       0x28 ./Core/Src/usart.o
 .text.LL_USART_IsActiveFlag_REACK
                0x0000000008001fce       0x28 ./Core/Src/usart.o
 *fill*         0x0000000008001ff6        0x2 
 .text.LL_AHB4_GRP1_EnableClock
                0x0000000008001ff8       0x38 ./Core/Src/usart.o
 .text.LL_APB1_GRP1_EnableClock
                0x0000000008002030       0x38 ./Core/Src/usart.o
 .text.MX_USART3_UART_Init
                0x0000000008002068      0x138 ./Core/Src/usart.o
                0x0000000008002068                MX_USART3_UART_Init
 .text.Reset_Handler
                0x00000000080021a0       0x50 ./Core/Startup/startup_stm32h750vbtx.o
                0x00000000080021a0                Reset_Handler
 .text.Default_Handler
                0x00000000080021f0        0x2 ./Core/Startup/startup_stm32h750vbtx.o
                0x00000000080021f0                RTC_Alarm_IRQHandler
                0x00000000080021f0                HASH_RNG_IRQHandler
                0x00000000080021f0                EXTI2_IRQHandler
                0x00000000080021f0                TIM8_CC_IRQHandler
                0x00000000080021f0                HRTIM1_Master_IRQHandler
                0x00000000080021f0                UART8_IRQHandler
                0x00000000080021f0                SPI4_IRQHandler
                0x00000000080021f0                TIM1_CC_IRQHandler
                0x00000000080021f0                BDMA_Channel6_IRQHandler
                0x00000000080021f0                DMA2_Stream5_IRQHandler
                0x00000000080021f0                HRTIM1_FLT_IRQHandler
                0x00000000080021f0                JPEG_IRQHandler
                0x00000000080021f0                DMA1_Stream5_IRQHandler
                0x00000000080021f0                BDMA_Channel1_IRQHandler
                0x00000000080021f0                HRTIM1_TIMD_IRQHandler
                0x00000000080021f0                TAMP_STAMP_IRQHandler
                0x00000000080021f0                EXTI3_IRQHandler
                0x00000000080021f0                LPTIM4_IRQHandler
                0x00000000080021f0                TIM8_TRG_COM_TIM14_IRQHandler
                0x00000000080021f0                LPTIM2_IRQHandler
                0x00000000080021f0                DFSDM1_FLT1_IRQHandler
                0x00000000080021f0                DMAMUX2_OVR_IRQHandler
                0x00000000080021f0                TIM8_UP_TIM13_IRQHandler
                0x00000000080021f0                I2C3_ER_IRQHandler
                0x00000000080021f0                DFSDM1_FLT2_IRQHandler
                0x00000000080021f0                LPTIM3_IRQHandler
                0x00000000080021f0                HSEM1_IRQHandler
                0x00000000080021f0                EXTI0_IRQHandler
                0x00000000080021f0                I2C2_EV_IRQHandler
                0x00000000080021f0                DMA1_Stream2_IRQHandler
                0x00000000080021f0                FPU_IRQHandler
                0x00000000080021f0                OTG_HS_WKUP_IRQHandler
                0x00000000080021f0                FDCAN1_IT1_IRQHandler
                0x00000000080021f0                LTDC_ER_IRQHandler
                0x00000000080021f0                DMA2_Stream2_IRQHandler
                0x00000000080021f0                HRTIM1_TIME_IRQHandler
                0x00000000080021f0                SPI1_IRQHandler
                0x00000000080021f0                TIM6_DAC_IRQHandler
                0x00000000080021f0                DCMI_IRQHandler
                0x00000000080021f0                HRTIM1_TIMC_IRQHandler
                0x00000000080021f0                DMA2_Stream3_IRQHandler
                0x00000000080021f0                SAI2_IRQHandler
                0x00000000080021f0                DFSDM1_FLT3_IRQHandler
                0x00000000080021f0                USART6_IRQHandler
                0x00000000080021f0                TIM17_IRQHandler
                0x00000000080021f0                BDMA_Channel7_IRQHandler
                0x00000000080021f0                CRYP_IRQHandler
                0x00000000080021f0                LPTIM5_IRQHandler
                0x00000000080021f0                UART5_IRQHandler
                0x00000000080021f0                ADC3_IRQHandler
                0x00000000080021f0                DMA2_Stream0_IRQHandler
                0x00000000080021f0                TIM4_IRQHandler
                0x00000000080021f0                BDMA_Channel2_IRQHandler
                0x00000000080021f0                I2C1_EV_IRQHandler
                0x00000000080021f0                DMA1_Stream6_IRQHandler
                0x00000000080021f0                DMAMUX1_OVR_IRQHandler
                0x00000000080021f0                DMA1_Stream1_IRQHandler
                0x00000000080021f0                TIM16_IRQHandler
                0x00000000080021f0                UART4_IRQHandler
                0x00000000080021f0                BDMA_Channel5_IRQHandler
                0x00000000080021f0                RCC_IRQHandler
                0x00000000080021f0                TIM8_BRK_TIM12_IRQHandler
                0x00000000080021f0                TIM1_TRG_COM_IRQHandler
                0x00000000080021f0                Default_Handler
                0x00000000080021f0                ECC_IRQHandler
                0x00000000080021f0                CEC_IRQHandler
                0x00000000080021f0                EXTI15_10_IRQHandler
                0x00000000080021f0                BDMA_Channel0_IRQHandler
                0x00000000080021f0                ADC_IRQHandler
                0x00000000080021f0                DMA1_Stream7_IRQHandler
                0x00000000080021f0                HRTIM1_TIMA_IRQHandler
                0x00000000080021f0                SPI5_IRQHandler
                0x00000000080021f0                TIM7_IRQHandler
                0x00000000080021f0                SDMMC1_IRQHandler
                0x00000000080021f0                DMA2_Stream7_IRQHandler
                0x00000000080021f0                TIM15_IRQHandler
                0x00000000080021f0                PVD_AVD_IRQHandler
                0x00000000080021f0                I2C3_EV_IRQHandler
                0x00000000080021f0                EXTI9_5_IRQHandler
                0x00000000080021f0                RTC_WKUP_IRQHandler
                0x00000000080021f0                LTDC_IRQHandler
                0x00000000080021f0                SAI3_IRQHandler
                0x00000000080021f0                ETH_WKUP_IRQHandler
                0x00000000080021f0                SPDIF_RX_IRQHandler
                0x00000000080021f0                SPI2_IRQHandler
                0x00000000080021f0                OTG_HS_EP1_IN_IRQHandler
                0x00000000080021f0                DMA1_Stream0_IRQHandler
                0x00000000080021f0                CRS_IRQHandler
                0x00000000080021f0                EXTI4_IRQHandler
                0x00000000080021f0                HRTIM1_TIMB_IRQHandler
                0x00000000080021f0                FDCAN2_IT1_IRQHandler
                0x00000000080021f0                ETH_IRQHandler
                0x00000000080021f0                TIM1_UP_IRQHandler
                0x00000000080021f0                BDMA_Channel4_IRQHandler
                0x00000000080021f0                OTG_HS_EP1_OUT_IRQHandler
                0x00000000080021f0                WWDG_IRQHandler
                0x00000000080021f0                SPI6_IRQHandler
                0x00000000080021f0                MDIOS_IRQHandler
                0x00000000080021f0                I2C4_EV_IRQHandler
                0x00000000080021f0                FDCAN2_IT0_IRQHandler
                0x00000000080021f0                LPUART1_IRQHandler
                0x00000000080021f0                FDCAN1_IT0_IRQHandler
                0x00000000080021f0                OTG_FS_WKUP_IRQHandler
                0x00000000080021f0                OTG_HS_IRQHandler
                0x00000000080021f0                DMA2D_IRQHandler
                0x00000000080021f0                TIM1_BRK_IRQHandler
                0x00000000080021f0                EXTI1_IRQHandler
                0x00000000080021f0                SDMMC2_IRQHandler
                0x00000000080021f0                OTG_FS_EP1_OUT_IRQHandler
                0x00000000080021f0                BDMA_Channel3_IRQHandler
                0x00000000080021f0                UART7_IRQHandler
                0x00000000080021f0                MDIOS_WKUP_IRQHandler
                0x00000000080021f0                USART2_IRQHandler
                0x00000000080021f0                DFSDM1_FLT0_IRQHandler
                0x00000000080021f0                SAI4_IRQHandler
                0x00000000080021f0                I2C2_ER_IRQHandler
                0x00000000080021f0                DMA2_Stream1_IRQHandler
                0x00000000080021f0                FLASH_IRQHandler
                0x00000000080021f0                DMA2_Stream4_IRQHandler
                0x00000000080021f0                USART1_IRQHandler
                0x00000000080021f0                OTG_FS_IRQHandler
                0x00000000080021f0                SPI3_IRQHandler
                0x00000000080021f0                WAKEUP_PIN_IRQHandler
                0x00000000080021f0                DMA1_Stream4_IRQHandler
                0x00000000080021f0                OTG_FS_EP1_IN_IRQHandler
                0x00000000080021f0                I2C1_ER_IRQHandler
                0x00000000080021f0                FMC_IRQHandler
                0x00000000080021f0                FDCAN_CAL_IRQHandler
                0x00000000080021f0                SWPMI1_IRQHandler
                0x00000000080021f0                COMP1_IRQHandler
                0x00000000080021f0                LPTIM1_IRQHandler
                0x00000000080021f0                I2C4_ER_IRQHandler
                0x00000000080021f0                DMA2_Stream6_IRQHandler
                0x00000000080021f0                SAI1_IRQHandler
                0x00000000080021f0                DMA1_Stream3_IRQHandler
 *fill*         0x00000000080021f2        0x2 
 .text.HAL_Init
                0x00000000080021f4       0x78 ./Drivers/STM32H7xx_HAL_Driver/Src/stm32h7xx_hal.o
                0x00000000080021f4                HAL_Init
 .text.HAL_InitTick
                0x000000000800226c       0x6c ./Drivers/STM32H7xx_HAL_Driver/Src/stm32h7xx_hal.o
                0x000000000800226c                HAL_InitTick
 .text.HAL_IncTick
                0x00000000080022d8       0x28 ./Drivers/STM32H7xx_HAL_Driver/Src/stm32h7xx_hal.o
                0x00000000080022d8                HAL_IncTick
 .text.HAL_GetTick
                0x0000000008002300       0x18 ./Drivers/STM32H7xx_HAL_Driver/Src/stm32h7xx_hal.o
                0x0000000008002300                HAL_GetTick
 .text.HAL_GetREVID
                0x0000000008002318       0x18 ./Drivers/STM32H7xx_HAL_Driver/Src/stm32h7xx_hal.o
                0x0000000008002318                HAL_GetREVID
 .text.__NVIC_SetPriorityGrouping
                0x0000000008002330       0x48 ./Drivers/STM32H7xx_HAL_Driver/Src/stm32h7xx_hal_cortex.o
 .text.__NVIC_GetPriorityGrouping
                0x0000000008002378       0x1c ./Drivers/STM32H7xx_HAL_Driver/Src/stm32h7xx_hal_cortex.o
 .text.__NVIC_EnableIRQ
                0x0000000008002394       0x3c ./Drivers/STM32H7xx_HAL_Driver/Src/stm32h7xx_hal_cortex.o
 .text.__NVIC_SetPriority
                0x00000000080023d0       0x54 ./Drivers/STM32H7xx_HAL_Driver/Src/stm32h7xx_hal_cortex.o
 .text.NVIC_EncodePriority
                0x0000000008002424       0x66 ./Drivers/STM32H7xx_HAL_Driver/Src/stm32h7xx_hal_cortex.o
 *fill*         0x000000000800248a        0x2 
 .text.SysTick_Config
                0x000000000800248c       0x44 ./Drivers/STM32H7xx_HAL_Driver/Src/stm32h7xx_hal_cortex.o
 .text.HAL_NVIC_SetPriorityGrouping
                0x00000000080024d0       0x16 ./Drivers/STM32H7xx_HAL_Driver/Src/stm32h7xx_hal_cortex.o
                0x00000000080024d0                HAL_NVIC_SetPriorityGrouping
 .text.HAL_NVIC_SetPriority
                0x00000000080024e6       0x34 ./Drivers/STM32H7xx_HAL_Driver/Src/stm32h7xx_hal_cortex.o
                0x00000000080024e6                HAL_NVIC_SetPriority
 .text.HAL_NVIC_EnableIRQ
                0x000000000800251a       0x1c ./Drivers/STM32H7xx_HAL_Driver/Src/stm32h7xx_hal_cortex.o
                0x000000000800251a                HAL_NVIC_EnableIRQ
 .text.HAL_SYSTICK_Config
                0x0000000008002536       0x18 ./Drivers/STM32H7xx_HAL_Driver/Src/stm32h7xx_hal_cortex.o
                0x0000000008002536                HAL_SYSTICK_Config
 *fill*         0x000000000800254e        0x2 
 .text.HAL_GPIO_Init
                0x0000000008002550      0x360 ./Drivers/STM32H7xx_HAL_Driver/Src/stm32h7xx_hal_gpio.o
                0x0000000008002550                HAL_GPIO_Init
 .text.HAL_GPIO_WritePin
                0x00000000080028b0       0x32 ./Drivers/STM32H7xx_HAL_Driver/Src/stm32h7xx_hal_gpio.o
                0x00000000080028b0                HAL_GPIO_WritePin
 .text.HAL_GPIO_TogglePin
                0x00000000080028e2       0x34 ./Drivers/STM32H7xx_HAL_Driver/Src/stm32h7xx_hal_gpio.o
                0x00000000080028e2                HAL_GPIO_TogglePin
 .text.HAL_MDMA_Init
                0x0000000008002916       0x98 ./Drivers/STM32H7xx_HAL_Driver/Src/stm32h7xx_hal_mdma.o
                0x0000000008002916                HAL_MDMA_Init
 .text.HAL_MDMA_ConfigPostRequestMask
                0x00000000080029ae       0xa4 ./Drivers/STM32H7xx_HAL_Driver/Src/stm32h7xx_hal_mdma.o
                0x00000000080029ae                HAL_MDMA_ConfigPostRequestMask
 .text.HAL_MDMA_Start_IT
                0x0000000008002a52      0x102 ./Drivers/STM32H7xx_HAL_Driver/Src/stm32h7xx_hal_mdma.o
                0x0000000008002a52                HAL_MDMA_Start_IT
 .text.HAL_MDMA_Abort_IT
                0x0000000008002b54       0x4e ./Drivers/STM32H7xx_HAL_Driver/Src/stm32h7xx_hal_mdma.o
                0x0000000008002b54                HAL_MDMA_Abort_IT
 *fill*         0x0000000008002ba2        0x2 
 .text.HAL_MDMA_IRQHandler
                0x0000000008002ba4      0x2ac ./Drivers/STM32H7xx_HAL_Driver/Src/stm32h7xx_hal_mdma.o
                0x0000000008002ba4                HAL_MDMA_IRQHandler
 .text.MDMA_SetConfig
                0x0000000008002e50       0xe0 ./Drivers/STM32H7xx_HAL_Driver/Src/stm32h7xx_hal_mdma.o
 .text.MDMA_Init
                0x0000000008002f30      0x130 ./Drivers/STM32H7xx_HAL_Driver/Src/stm32h7xx_hal_mdma.o
 .text.HAL_PWREx_ConfigSupply
                0x0000000008003060       0x74 ./Drivers/STM32H7xx_HAL_Driver/Src/stm32h7xx_hal_pwr_ex.o
                0x0000000008003060                HAL_PWREx_ConfigSupply
 .text.HAL_QSPI_Init
                0x00000000080030d4       0xe8 ./Drivers/STM32H7xx_HAL_Driver/Src/stm32h7xx_hal_qspi.o
                0x00000000080030d4                HAL_QSPI_Init
 .text.HAL_QSPI_IRQHandler
                0x00000000080031bc      0x374 ./Drivers/STM32H7xx_HAL_Driver/Src/stm32h7xx_hal_qspi.o
                0x00000000080031bc                HAL_QSPI_IRQHandler
 .text.HAL_QSPI_Command
                0x0000000008003530       0xbc ./Drivers/STM32H7xx_HAL_Driver/Src/stm32h7xx_hal_qspi.o
                0x0000000008003530                HAL_QSPI_Command
 .text.HAL_QSPI_Transmit_DMA
                0x00000000080035ec      0x1d8 ./Drivers/STM32H7xx_HAL_Driver/Src/stm32h7xx_hal_qspi.o
                0x00000000080035ec                HAL_QSPI_Transmit_DMA
 .text.HAL_QSPI_ErrorCallback
                0x00000000080037c4       0x14 ./Drivers/STM32H7xx_HAL_Driver/Src/stm32h7xx_hal_qspi.o
                0x00000000080037c4                HAL_QSPI_ErrorCallback
 .text.HAL_QSPI_AbortCpltCallback
                0x00000000080037d8       0x14 ./Drivers/STM32H7xx_HAL_Driver/Src/stm32h7xx_hal_qspi.o
                0x00000000080037d8                HAL_QSPI_AbortCpltCallback
 .text.HAL_QSPI_CmdCpltCallback
                0x00000000080037ec       0x14 ./Drivers/STM32H7xx_HAL_Driver/Src/stm32h7xx_hal_qspi.o
                0x00000000080037ec                HAL_QSPI_CmdCpltCallback
 .text.HAL_QSPI_RxCpltCallback
                0x0000000008003800       0x14 ./Drivers/STM32H7xx_HAL_Driver/Src/stm32h7xx_hal_qspi.o
                0x0000000008003800                HAL_QSPI_RxCpltCallback
 .text.HAL_QSPI_FifoThresholdCallback
                0x0000000008003814       0x14 ./Drivers/STM32H7xx_HAL_Driver/Src/stm32h7xx_hal_qspi.o
                0x0000000008003814                HAL_QSPI_FifoThresholdCallback
 .text.HAL_QSPI_StatusMatchCallback
                0x0000000008003828       0x14 ./Drivers/STM32H7xx_HAL_Driver/Src/stm32h7xx_hal_qspi.o
                0x0000000008003828                HAL_QSPI_StatusMatchCallback
 .text.HAL_QSPI_TimeOutCallback
                0x000000000800383c       0x14 ./Drivers/STM32H7xx_HAL_Driver/Src/stm32h7xx_hal_qspi.o
                0x000000000800383c                HAL_QSPI_TimeOutCallback
 .text.HAL_QSPI_Abort_IT
                0x0000000008003850       0xb8 ./Drivers/STM32H7xx_HAL_Driver/Src/stm32h7xx_hal_qspi.o
                0x0000000008003850                HAL_QSPI_Abort_IT
 .text.HAL_QSPI_SetTimeout
                0x0000000008003908       0x1c ./Drivers/STM32H7xx_HAL_Driver/Src/stm32h7xx_hal_qspi.o
                0x0000000008003908                HAL_QSPI_SetTimeout
 .text.QSPI_DMATxCplt
                0x0000000008003924       0x30 ./Drivers/STM32H7xx_HAL_Driver/Src/stm32h7xx_hal_qspi.o
 .text.QSPI_DMAError
                0x0000000008003954       0x44 ./Drivers/STM32H7xx_HAL_Driver/Src/stm32h7xx_hal_qspi.o
 .text.QSPI_DMAAbortCplt
                0x0000000008003998       0x66 ./Drivers/STM32H7xx_HAL_Driver/Src/stm32h7xx_hal_qspi.o
 .text.QSPI_WaitFlagStateUntilTimeout
                0x00000000080039fe       0x6e ./Drivers/STM32H7xx_HAL_Driver/Src/stm32h7xx_hal_qspi.o
 .text.QSPI_Config
                0x0000000008003a6c      0x30c ./Drivers/STM32H7xx_HAL_Driver/Src/stm32h7xx_hal_qspi.o
 .text.HAL_RCC_OscConfig
                0x0000000008003d78      0x820 ./Drivers/STM32H7xx_HAL_Driver/Src/stm32h7xx_hal_rcc.o
                0x0000000008003d78                HAL_RCC_OscConfig
 .text.HAL_RCC_ClockConfig
                0x0000000008004598      0x36c ./Drivers/STM32H7xx_HAL_Driver/Src/stm32h7xx_hal_rcc.o
                0x0000000008004598                HAL_RCC_ClockConfig
 .text.HAL_RCC_GetSysClockFreq
                0x0000000008004904      0x2f4 ./Drivers/STM32H7xx_HAL_Driver/Src/stm32h7xx_hal_rcc.o
                0x0000000008004904                HAL_RCC_GetSysClockFreq
 .text.HAL_RCCEx_PeriphCLKConfig
                0x0000000008004bf8      0xe80 ./Drivers/STM32H7xx_HAL_Driver/Src/stm32h7xx_hal_rcc_ex.o
                0x0000000008004bf8                HAL_RCCEx_PeriphCLKConfig
 .text.RCCEx_PLL2_Config
                0x0000000008005a78      0x164 ./Drivers/STM32H7xx_HAL_Driver/Src/stm32h7xx_hal_rcc_ex.o
 .text.RCCEx_PLL3_Config
                0x0000000008005bdc      0x164 ./Drivers/STM32H7xx_HAL_Driver/Src/stm32h7xx_hal_rcc_ex.o
 .text.HAL_SPI_Init
                0x0000000008005d40      0x204 ./Drivers/STM32H7xx_HAL_Driver/Src/stm32h7xx_hal_spi.o
                0x0000000008005d40                HAL_SPI_Init
 .text.SPI_GetPacketSize
                0x0000000008005f44       0x36 ./Drivers/STM32H7xx_HAL_Driver/Src/stm32h7xx_hal_spi.o
 .text.HAL_TIM_Base_Init
                0x0000000008005f7a       0xae ./Drivers/STM32H7xx_HAL_Driver/Src/stm32h7xx_hal_tim.o
                0x0000000008005f7a                HAL_TIM_Base_Init
 .text.HAL_TIM_PWM_Init
                0x0000000008006028       0xae ./Drivers/STM32H7xx_HAL_Driver/Src/stm32h7xx_hal_tim.o
                0x0000000008006028                HAL_TIM_PWM_Init
 .text.HAL_TIM_PWM_MspInit
                0x00000000080060d6       0x14 ./Drivers/STM32H7xx_HAL_Driver/Src/stm32h7xx_hal_tim.o
                0x00000000080060d6                HAL_TIM_PWM_MspInit
 *fill*         0x00000000080060ea        0x2 
 .text.HAL_TIM_PWM_Start
                0x00000000080060ec      0x210 ./Drivers/STM32H7xx_HAL_Driver/Src/stm32h7xx_hal_tim.o
                0x00000000080060ec                HAL_TIM_PWM_Start
 .text.HAL_TIM_PWM_ConfigChannel
                0x00000000080062fc      0x220 ./Drivers/STM32H7xx_HAL_Driver/Src/stm32h7xx_hal_tim.o
                0x00000000080062fc                HAL_TIM_PWM_ConfigChannel
 .text.HAL_TIM_ConfigClockSource
                0x000000000800651c      0x1e8 ./Drivers/STM32H7xx_HAL_Driver/Src/stm32h7xx_hal_tim.o
                0x000000000800651c                HAL_TIM_ConfigClockSource
 .text.TIM_Base_SetConfig
                0x0000000008006704      0x134 ./Drivers/STM32H7xx_HAL_Driver/Src/stm32h7xx_hal_tim.o
                0x0000000008006704                TIM_Base_SetConfig
 .text.TIM_OC1_SetConfig
                0x0000000008006838      0x120 ./Drivers/STM32H7xx_HAL_Driver/Src/stm32h7xx_hal_tim.o
 .text.TIM_OC2_SetConfig
                0x0000000008006958      0x114 ./Drivers/STM32H7xx_HAL_Driver/Src/stm32h7xx_hal_tim.o
                0x0000000008006958                TIM_OC2_SetConfig
 .text.TIM_OC3_SetConfig
                0x0000000008006a6c      0x10c ./Drivers/STM32H7xx_HAL_Driver/Src/stm32h7xx_hal_tim.o
 .text.TIM_OC4_SetConfig
                0x0000000008006b78       0xd0 ./Drivers/STM32H7xx_HAL_Driver/Src/stm32h7xx_hal_tim.o
 .text.TIM_OC5_SetConfig
                0x0000000008006c48       0xc4 ./Drivers/STM32H7xx_HAL_Driver/Src/stm32h7xx_hal_tim.o
 .text.TIM_OC6_SetConfig
                0x0000000008006d0c       0xc8 ./Drivers/STM32H7xx_HAL_Driver/Src/stm32h7xx_hal_tim.o
 .text.TIM_TI1_ConfigInputStage
                0x0000000008006dd4       0x5e ./Drivers/STM32H7xx_HAL_Driver/Src/stm32h7xx_hal_tim.o
 .text.TIM_TI2_ConfigInputStage
                0x0000000008006e32       0x60 ./Drivers/STM32H7xx_HAL_Driver/Src/stm32h7xx_hal_tim.o
 *fill*         0x0000000008006e92        0x2 
 .text.TIM_ITRx_SetConfig
                0x0000000008006e94       0x3c ./Drivers/STM32H7xx_HAL_Driver/Src/stm32h7xx_hal_tim.o
 .text.TIM_ETR_SetConfig
                0x0000000008006ed0       0x40 ./Drivers/STM32H7xx_HAL_Driver/Src/stm32h7xx_hal_tim.o
                0x0000000008006ed0                TIM_ETR_SetConfig
 .text.TIM_CCxChannelCmd
                0x0000000008006f10       0x4a ./Drivers/STM32H7xx_HAL_Driver/Src/stm32h7xx_hal_tim.o
                0x0000000008006f10                TIM_CCxChannelCmd
 *fill*         0x0000000008006f5a        0x2 
 .text.HAL_TIMEx_MasterConfigSynchronization
                0x0000000008006f5c      0x110 ./Drivers/STM32H7xx_HAL_Driver/Src/stm32h7xx_hal_tim_ex.o
                0x0000000008006f5c                HAL_TIMEx_MasterConfigSynchronization
 .text.LL_GPIO_SetPinMode
                0x000000000800706c       0x40 ./Drivers/STM32H7xx_HAL_Driver/Src/stm32h7xx_ll_gpio.o
 .text.LL_GPIO_SetPinOutputType
                0x00000000080070ac       0x30 ./Drivers/STM32H7xx_HAL_Driver/Src/stm32h7xx_ll_gpio.o
 .text.LL_GPIO_SetPinSpeed
                0x00000000080070dc       0x40 ./Drivers/STM32H7xx_HAL_Driver/Src/stm32h7xx_ll_gpio.o
 .text.LL_GPIO_SetPinPull
                0x000000000800711c       0x40 ./Drivers/STM32H7xx_HAL_Driver/Src/stm32h7xx_ll_gpio.o
 .text.LL_GPIO_SetAFPin_0_7
                0x000000000800715c       0x58 ./Drivers/STM32H7xx_HAL_Driver/Src/stm32h7xx_ll_gpio.o
 .text.LL_GPIO_SetAFPin_8_15
                0x00000000080071b4       0x6c ./Drivers/STM32H7xx_HAL_Driver/Src/stm32h7xx_ll_gpio.o
 .text.LL_GPIO_Init
                0x0000000008007220       0xdc ./Drivers/STM32H7xx_HAL_Driver/Src/stm32h7xx_ll_gpio.o
                0x0000000008007220                LL_GPIO_Init
 .text.LL_RCC_HSE_IsReady
                0x00000000080072fc       0x28 ./Drivers/STM32H7xx_HAL_Driver/Src/stm32h7xx_ll_rcc.o
 .text.LL_RCC_HSI_IsReady
                0x0000000008007324       0x24 ./Drivers/STM32H7xx_HAL_Driver/Src/stm32h7xx_ll_rcc.o
 .text.LL_RCC_HSI_GetDivider
                0x0000000008007348       0x1c ./Drivers/STM32H7xx_HAL_Driver/Src/stm32h7xx_ll_rcc.o
 .text.LL_RCC_CSI_IsReady
                0x0000000008007364       0x28 ./Drivers/STM32H7xx_HAL_Driver/Src/stm32h7xx_ll_rcc.o
 .text.LL_RCC_LSE_IsReady
                0x000000000800738c       0x24 ./Drivers/STM32H7xx_HAL_Driver/Src/stm32h7xx_ll_rcc.o
 .text.LL_RCC_GetSysClkSource
                0x00000000080073b0       0x1c ./Drivers/STM32H7xx_HAL_Driver/Src/stm32h7xx_ll_rcc.o
 .text.LL_RCC_GetSysPrescaler
                0x00000000080073cc       0x1c ./Drivers/STM32H7xx_HAL_Driver/Src/stm32h7xx_ll_rcc.o
 .text.LL_RCC_GetAHBPrescaler
                0x00000000080073e8       0x1c ./Drivers/STM32H7xx_HAL_Driver/Src/stm32h7xx_ll_rcc.o
 .text.LL_RCC_GetAPB1Prescaler
                0x0000000008007404       0x1c ./Drivers/STM32H7xx_HAL_Driver/Src/stm32h7xx_ll_rcc.o
 .text.LL_RCC_GetAPB2Prescaler
                0x0000000008007420       0x1c ./Drivers/STM32H7xx_HAL_Driver/Src/stm32h7xx_ll_rcc.o
 .text.LL_RCC_GetClockSource
                0x000000000800743c       0x4c ./Drivers/STM32H7xx_HAL_Driver/Src/stm32h7xx_ll_rcc.o
 .text.LL_RCC_GetUSARTClockSource
                0x0000000008007488       0x18 ./Drivers/STM32H7xx_HAL_Driver/Src/stm32h7xx_ll_rcc.o
 .text.LL_RCC_PLL_GetSource
                0x00000000080074a0       0x1c ./Drivers/STM32H7xx_HAL_Driver/Src/stm32h7xx_ll_rcc.o
 .text.LL_RCC_PLL1P_IsEnabled
                0x00000000080074bc       0x28 ./Drivers/STM32H7xx_HAL_Driver/Src/stm32h7xx_ll_rcc.o
 .text.LL_RCC_PLL1Q_IsEnabled
                0x00000000080074e4       0x28 ./Drivers/STM32H7xx_HAL_Driver/Src/stm32h7xx_ll_rcc.o
 .text.LL_RCC_PLL1R_IsEnabled
                0x000000000800750c       0x28 ./Drivers/STM32H7xx_HAL_Driver/Src/stm32h7xx_ll_rcc.o
 .text.LL_RCC_PLL1FRACN_IsEnabled
                0x0000000008007534       0x24 ./Drivers/STM32H7xx_HAL_Driver/Src/stm32h7xx_ll_rcc.o
 .text.LL_RCC_PLL1_GetN
                0x0000000008007558       0x1c ./Drivers/STM32H7xx_HAL_Driver/Src/stm32h7xx_ll_rcc.o
 .text.LL_RCC_PLL1_GetM
                0x0000000008007574       0x1c ./Drivers/STM32H7xx_HAL_Driver/Src/stm32h7xx_ll_rcc.o
 .text.LL_RCC_PLL1_GetP
                0x0000000008007590       0x20 ./Drivers/STM32H7xx_HAL_Driver/Src/stm32h7xx_ll_rcc.o
 .text.LL_RCC_PLL1_GetQ
                0x00000000080075b0       0x20 ./Drivers/STM32H7xx_HAL_Driver/Src/stm32h7xx_ll_rcc.o
 .text.LL_RCC_PLL1_GetR
                0x00000000080075d0       0x20 ./Drivers/STM32H7xx_HAL_Driver/Src/stm32h7xx_ll_rcc.o
 .text.LL_RCC_PLL1_GetFRACN
                0x00000000080075f0       0x1c ./Drivers/STM32H7xx_HAL_Driver/Src/stm32h7xx_ll_rcc.o
 .text.LL_RCC_PLL2_IsReady
                0x000000000800760c       0x28 ./Drivers/STM32H7xx_HAL_Driver/Src/stm32h7xx_ll_rcc.o
 .text.LL_RCC_PLL2P_IsEnabled
                0x0000000008007634       0x28 ./Drivers/STM32H7xx_HAL_Driver/Src/stm32h7xx_ll_rcc.o
 .text.LL_RCC_PLL2Q_IsEnabled
                0x000000000800765c       0x28 ./Drivers/STM32H7xx_HAL_Driver/Src/stm32h7xx_ll_rcc.o
 .text.LL_RCC_PLL2R_IsEnabled
                0x0000000008007684       0x28 ./Drivers/STM32H7xx_HAL_Driver/Src/stm32h7xx_ll_rcc.o
 .text.LL_RCC_PLL2FRACN_IsEnabled
                0x00000000080076ac       0x24 ./Drivers/STM32H7xx_HAL_Driver/Src/stm32h7xx_ll_rcc.o
 .text.LL_RCC_PLL2_GetN
                0x00000000080076d0       0x1c ./Drivers/STM32H7xx_HAL_Driver/Src/stm32h7xx_ll_rcc.o
 .text.LL_RCC_PLL2_GetM
                0x00000000080076ec       0x1c ./Drivers/STM32H7xx_HAL_Driver/Src/stm32h7xx_ll_rcc.o
 .text.LL_RCC_PLL2_GetP
                0x0000000008007708       0x20 ./Drivers/STM32H7xx_HAL_Driver/Src/stm32h7xx_ll_rcc.o
 .text.LL_RCC_PLL2_GetQ
                0x0000000008007728       0x20 ./Drivers/STM32H7xx_HAL_Driver/Src/stm32h7xx_ll_rcc.o
 .text.LL_RCC_PLL2_GetR
                0x0000000008007748       0x20 ./Drivers/STM32H7xx_HAL_Driver/Src/stm32h7xx_ll_rcc.o
 .text.LL_RCC_PLL2_GetFRACN
                0x0000000008007768       0x1c ./Drivers/STM32H7xx_HAL_Driver/Src/stm32h7xx_ll_rcc.o
 .text.LL_RCC_PLL3_IsReady
                0x0000000008007784       0x28 ./Drivers/STM32H7xx_HAL_Driver/Src/stm32h7xx_ll_rcc.o
 .text.LL_RCC_PLL3P_IsEnabled
                0x00000000080077ac       0x28 ./Drivers/STM32H7xx_HAL_Driver/Src/stm32h7xx_ll_rcc.o
 .text.LL_RCC_PLL3Q_IsEnabled
                0x00000000080077d4       0x28 ./Drivers/STM32H7xx_HAL_Driver/Src/stm32h7xx_ll_rcc.o
 .text.LL_RCC_PLL3R_IsEnabled
                0x00000000080077fc       0x28 ./Drivers/STM32H7xx_HAL_Driver/Src/stm32h7xx_ll_rcc.o
 .text.LL_RCC_PLL3FRACN_IsEnabled
                0x0000000008007824       0x28 ./Drivers/STM32H7xx_HAL_Driver/Src/stm32h7xx_ll_rcc.o
 .text.LL_RCC_PLL3_GetN
                0x000000000800784c       0x1c ./Drivers/STM32H7xx_HAL_Driver/Src/stm32h7xx_ll_rcc.o
 .text.LL_RCC_PLL3_GetM
                0x0000000008007868       0x1c ./Drivers/STM32H7xx_HAL_Driver/Src/stm32h7xx_ll_rcc.o
 .text.LL_RCC_PLL3_GetP
                0x0000000008007884       0x20 ./Drivers/STM32H7xx_HAL_Driver/Src/stm32h7xx_ll_rcc.o
 .text.LL_RCC_PLL3_GetQ
                0x00000000080078a4       0x20 ./Drivers/STM32H7xx_HAL_Driver/Src/stm32h7xx_ll_rcc.o
 .text.LL_RCC_PLL3_GetR
                0x00000000080078c4       0x20 ./Drivers/STM32H7xx_HAL_Driver/Src/stm32h7xx_ll_rcc.o
 .text.LL_RCC_PLL3_GetFRACN
                0x00000000080078e4       0x1c ./Drivers/STM32H7xx_HAL_Driver/Src/stm32h7xx_ll_rcc.o
 .text.LL_RCC_GetPLL1ClockFreq
                0x0000000008007900      0x130 ./Drivers/STM32H7xx_HAL_Driver/Src/stm32h7xx_ll_rcc.o
                0x0000000008007900                LL_RCC_GetPLL1ClockFreq
 .text.LL_RCC_GetPLL2ClockFreq
                0x0000000008007a30      0x130 ./Drivers/STM32H7xx_HAL_Driver/Src/stm32h7xx_ll_rcc.o
                0x0000000008007a30                LL_RCC_GetPLL2ClockFreq
 .text.LL_RCC_GetPLL3ClockFreq
                0x0000000008007b60      0x134 ./Drivers/STM32H7xx_HAL_Driver/Src/stm32h7xx_ll_rcc.o
                0x0000000008007b60                LL_RCC_GetPLL3ClockFreq
 .text.LL_RCC_CalcPLLClockFreq
                0x0000000008007c94       0x80 ./Drivers/STM32H7xx_HAL_Driver/Src/stm32h7xx_ll_rcc.o
                0x0000000008007c94                LL_RCC_CalcPLLClockFreq
 .text.LL_RCC_GetUSARTClockFreq
                0x0000000008007d14      0x1dc ./Drivers/STM32H7xx_HAL_Driver/Src/stm32h7xx_ll_rcc.o
                0x0000000008007d14                LL_RCC_GetUSARTClockFreq
 .text.RCC_GetSystemClockFreq
                0x0000000008007ef0       0xc4 ./Drivers/STM32H7xx_HAL_Driver/Src/stm32h7xx_ll_rcc.o
 .text.RCC_GetHCLKClockFreq
                0x0000000008007fb4       0x2c ./Drivers/STM32H7xx_HAL_Driver/Src/stm32h7xx_ll_rcc.o
 .text.RCC_GetPCLK1ClockFreq
                0x0000000008007fe0       0x30 ./Drivers/STM32H7xx_HAL_Driver/Src/stm32h7xx_ll_rcc.o
 .text.RCC_GetPCLK2ClockFreq
                0x0000000008008010       0x30 ./Drivers/STM32H7xx_HAL_Driver/Src/stm32h7xx_ll_rcc.o
 .text.LL_TIM_SetPrescaler
                0x0000000008008040       0x1c ./Drivers/STM32H7xx_HAL_Driver/Src/stm32h7xx_ll_tim.o
 .text.LL_TIM_SetAutoReload
                0x000000000800805c       0x1c ./Drivers/STM32H7xx_HAL_Driver/Src/stm32h7xx_ll_tim.o
 .text.LL_TIM_SetRepetitionCounter
                0x0000000008008078       0x1c ./Drivers/STM32H7xx_HAL_Driver/Src/stm32h7xx_ll_tim.o
 .text.LL_TIM_GenerateEvent_UPDATE
                0x0000000008008094       0x20 ./Drivers/STM32H7xx_HAL_Driver/Src/stm32h7xx_ll_tim.o
 .text.LL_TIM_Init
                0x00000000080080b4      0x128 ./Drivers/STM32H7xx_HAL_Driver/Src/stm32h7xx_ll_tim.o
                0x00000000080080b4                LL_TIM_Init
 .text.LL_USART_IsEnabled
                0x00000000080081dc       0x26 ./Drivers/STM32H7xx_HAL_Driver/Src/stm32h7xx_ll_usart.o
 .text.LL_USART_SetPrescaler
                0x0000000008008202       0x28 ./Drivers/STM32H7xx_HAL_Driver/Src/stm32h7xx_ll_usart.o
 .text.LL_USART_SetStopBitsLength
                0x000000000800822a       0x26 ./Drivers/STM32H7xx_HAL_Driver/Src/stm32h7xx_ll_usart.o
 .text.LL_USART_SetHWFlowCtrl
                0x0000000008008250       0x26 ./Drivers/STM32H7xx_HAL_Driver/Src/stm32h7xx_ll_usart.o
 *fill*         0x0000000008008276        0x2 
 .text.LL_USART_SetBaudRate
                0x0000000008008278       0xa0 ./Drivers/STM32H7xx_HAL_Driver/Src/stm32h7xx_ll_usart.o
 .text.LL_USART_Init
                0x0000000008008318      0x154 ./Drivers/STM32H7xx_HAL_Driver/Src/stm32h7xx_ll_usart.o
                0x0000000008008318                LL_USART_Init
 .text.__libc_init_array
                0x000000000800846c       0x48 e:/stm32cubeide_1.6.1/stm32cubeide/plugins/com.st.stm32cube.ide.mcu.externaltools.gnu-tools-for-stm32.9-2020-q2-update.win32_2.0.0.202105311346/tools/bin/../lib/gcc/arm-none-eabi/9.3.1/../../../../arm-none-eabi/lib/thumb/v7e-m+dp/hard\libc_nano.a(lib_a-init.o)
                0x000000000800846c                __libc_init_array
 .text.memset   0x00000000080084b4       0x10 e:/stm32cubeide_1.6.1/stm32cubeide/plugins/com.st.stm32cube.ide.mcu.externaltools.gnu-tools-for-stm32.9-2020-q2-update.win32_2.0.0.202105311346/tools/bin/../lib/gcc/arm-none-eabi/9.3.1/../../../../arm-none-eabi/lib/thumb/v7e-m+dp/hard\libc_nano.a(lib_a-memset.o)
                0x00000000080084b4                memset
 *(.glue_7)
 .glue_7        0x00000000080084c4        0x0 linker stubs
 *(.glue_7t)
 .glue_7t       0x00000000080084c4        0x0 linker stubs
 *(.eh_frame)
 .eh_frame      0x00000000080084c4        0x0 e:/stm32cubeide_1.6.1/stm32cubeide/plugins/com.st.stm32cube.ide.mcu.externaltools.gnu-tools-for-stm32.9-2020-q2-update.win32_2.0.0.202105311346/tools/bin/../lib/gcc/arm-none-eabi/9.3.1/thumb/v7e-m+dp/hard/crtbegin.o
 *(.init)
 .init          0x00000000080084c4        0x4 e:/stm32cubeide_1.6.1/stm32cubeide/plugins/com.st.stm32cube.ide.mcu.externaltools.gnu-tools-for-stm32.9-2020-q2-update.win32_2.0.0.202105311346/tools/bin/../lib/gcc/arm-none-eabi/9.3.1/thumb/v7e-m+dp/hard/crti.o
                0x00000000080084c4                _init
 .init          0x00000000080084c8        0x8 e:/stm32cubeide_1.6.1/stm32cubeide/plugins/com.st.stm32cube.ide.mcu.externaltools.gnu-tools-for-stm32.9-2020-q2-update.win32_2.0.0.202105311346/tools/bin/../lib/gcc/arm-none-eabi/9.3.1/thumb/v7e-m+dp/hard/crtn.o
 *(.fini)
 .fini          0x00000000080084d0        0x4 e:/stm32cubeide_1.6.1/stm32cubeide/plugins/com.st.stm32cube.ide.mcu.externaltools.gnu-tools-for-stm32.9-2020-q2-update.win32_2.0.0.202105311346/tools/bin/../lib/gcc/arm-none-eabi/9.3.1/thumb/v7e-m+dp/hard/crti.o
                0x00000000080084d0                _fini
 .fini          0x00000000080084d4        0x8 e:/stm32cubeide_1.6.1/stm32cubeide/plugins/com.st.stm32cube.ide.mcu.externaltools.gnu-tools-for-stm32.9-2020-q2-update.win32_2.0.0.202105311346/tools/bin/../lib/gcc/arm-none-eabi/9.3.1/thumb/v7e-m+dp/hard/crtn.o
                0x00000000080084dc                . = ALIGN (0x4)
                0x00000000080084dc                _etext = .

.vfp11_veneer   0x00000000080084dc        0x0
 .vfp11_veneer  0x00000000080084dc        0x0 linker stubs

.v4_bx          0x00000000080084dc        0x0
 .v4_bx         0x00000000080084dc        0x0 linker stubs

.iplt           0x00000000080084dc        0x0
 .iplt          0x00000000080084dc        0x0 e:/stm32cubeide_1.6.1/stm32cubeide/plugins/com.st.stm32cube.ide.mcu.externaltools.gnu-tools-for-stm32.9-2020-q2-update.win32_2.0.0.202105311346/tools/bin/../lib/gcc/arm-none-eabi/9.3.1/thumb/v7e-m+dp/hard/crtbegin.o

.rodata         0x00000000080084dc     0x1050
                0x00000000080084dc                . = ALIGN (0x4)
 *(.rodata)
 *(.rodata*)
 .rodata.Palette256color
                0x00000000080084dc     0x1000 ./Core/Src/PIXEL_MAPS.o
                0x00000000080084dc                Palette256color
 .rodata.D1CorePrescTable
                0x00000000080094dc       0x10 ./Core/Src/system_stm32h7xx.o
                0x00000000080094dc                D1CorePrescTable
 .rodata.LL_RCC_PrescTable
                0x00000000080094ec       0x10 ./Drivers/STM32H7xx_HAL_Driver/Src/stm32h7xx_ll_rcc.o
                0x00000000080094ec                LL_RCC_PrescTable
 .rodata.USART_PRESCALER_TAB
                0x00000000080094fc       0x30 ./Drivers/STM32H7xx_HAL_Driver/Src/stm32h7xx_ll_usart.o
                0x000000000800952c                . = ALIGN (0x4)

.rel.dyn        0x000000000800952c        0x0
 .rel.iplt      0x000000000800952c        0x0 e:/stm32cubeide_1.6.1/stm32cubeide/plugins/com.st.stm32cube.ide.mcu.externaltools.gnu-tools-for-stm32.9-2020-q2-update.win32_2.0.0.202105311346/tools/bin/../lib/gcc/arm-none-eabi/9.3.1/thumb/v7e-m+dp/hard/crtbegin.o

.ARM.extab      0x000000000800952c        0x0
                0x000000000800952c                . = ALIGN (0x4)
 *(.ARM.extab* .gnu.linkonce.armextab.*)
                0x000000000800952c                . = ALIGN (0x4)

.ARM            0x000000000800952c        0x0
                0x000000000800952c                . = ALIGN (0x4)
                0x000000000800952c                __exidx_start = .
 *(.ARM.exidx*)
                0x000000000800952c                __exidx_end = .
                0x000000000800952c                . = ALIGN (0x4)

.preinit_array  0x000000000800952c        0x0
                0x000000000800952c                . = ALIGN (0x4)
                0x000000000800952c                PROVIDE (__preinit_array_start = .)
 *(.preinit_array*)
                0x000000000800952c                PROVIDE (__preinit_array_end = .)
                0x000000000800952c                . = ALIGN (0x4)

.init_array     0x000000000800952c        0x4
                0x000000000800952c                . = ALIGN (0x4)
                0x000000000800952c                PROVIDE (__init_array_start = .)
 *(SORT_BY_NAME(.init_array.*))
 *(.init_array*)
 .init_array    0x000000000800952c        0x4 e:/stm32cubeide_1.6.1/stm32cubeide/plugins/com.st.stm32cube.ide.mcu.externaltools.gnu-tools-for-stm32.9-2020-q2-update.win32_2.0.0.202105311346/tools/bin/../lib/gcc/arm-none-eabi/9.3.1/thumb/v7e-m+dp/hard/crtbegin.o
                0x0000000008009530                PROVIDE (__init_array_end = .)
                0x0000000008009530                . = ALIGN (0x4)

.fini_array     0x0000000008009530        0x4
                0x0000000008009530                . = ALIGN (0x4)
                [!provide]                        PROVIDE (__fini_array_start = .)
 *(SORT_BY_NAME(.fini_array.*))
 *(.fini_array*)
 .fini_array    0x0000000008009530        0x4 e:/stm32cubeide_1.6.1/stm32cubeide/plugins/com.st.stm32cube.ide.mcu.externaltools.gnu-tools-for-stm32.9-2020-q2-update.win32_2.0.0.202105311346/tools/bin/../lib/gcc/arm-none-eabi/9.3.1/thumb/v7e-m+dp/hard/crtbegin.o
                [!provide]                        PROVIDE (__fini_array_end = .)
                0x0000000008009534                . = ALIGN (0x4)
                0x0000000008009534                _sidata = LOADADDR (.data)

.data           0x0000000024000000       0x10 load address 0x0000000008009534
                0x0000000024000000                . = ALIGN (0x4)
                0x0000000024000000                _sdata = .
 *(.data)
 *(.data*)
 .data.SystemCoreClock
                0x0000000024000000        0x4 ./Core/Src/system_stm32h7xx.o
                0x0000000024000000                SystemCoreClock
 .data.SystemD2Clock
                0x0000000024000004        0x4 ./Core/Src/system_stm32h7xx.o
                0x0000000024000004                SystemD2Clock
 .data.uwTickPrio
                0x0000000024000008        0x4 ./Drivers/STM32H7xx_HAL_Driver/Src/stm32h7xx_hal.o
                0x0000000024000008                uwTickPrio
 .data.uwTickFreq
                0x000000002400000c        0x1 ./Drivers/STM32H7xx_HAL_Driver/Src/stm32h7xx_hal.o
                0x000000002400000c                uwTickFreq
                0x0000000024000010                . = ALIGN (0x4)
 *fill*         0x000000002400000d        0x3 
                0x0000000024000010                _edata = .

.igot.plt       0x0000000024000010        0x0 load address 0x0000000008009544
 .igot.plt      0x0000000024000010        0x0 e:/stm32cubeide_1.6.1/stm32cubeide/plugins/com.st.stm32cube.ide.mcu.externaltools.gnu-tools-for-stm32.9-2020-q2-update.win32_2.0.0.202105311346/tools/bin/../lib/gcc/arm-none-eabi/9.3.1/thumb/v7e-m+dp/hard/crtbegin.o
                0x0000000024000010                . = ALIGN (0x4)

.bss            0x0000000024000010     0x498c load address 0x0000000008009544
                0x0000000024000010                _sbss = .
                0x0000000024000010                __bss_start__ = _sbss
 *(.bss)
 .bss           0x0000000024000010       0x1c e:/stm32cubeide_1.6.1/stm32cubeide/plugins/com.st.stm32cube.ide.mcu.externaltools.gnu-tools-for-stm32.9-2020-q2-update.win32_2.0.0.202105311346/tools/bin/../lib/gcc/arm-none-eabi/9.3.1/thumb/v7e-m+dp/hard/crtbegin.o
 *(.bss*)
 .bss.OUT_B1    0x000000002400002c      0x9f6 ./Core/Src/HUB_75.o
                0x000000002400002c                OUT_B1
 *fill*         0x0000000024000a22        0x2 
 .bss.LINIA     0x0000000024000a24        0x4 ./Core/Src/HUB_75.o
                0x0000000024000a24                LINIA
 .bss.SedingBufor_Adr
                0x0000000024000a28        0x4 ./Core/Src/HUB_75.o
                0x0000000024000a28                SedingBufor_Adr
 .bss.Count8Ticks.15901
                0x0000000024000a2c        0x4 ./Core/Src/HUB_75.o
 .bss.t2        0x0000000024000a30        0x4 ./Core/Src/stm32h7xx_it.o
                0x0000000024000a30                t2
 *(COMMON)
 COMMON         0x0000000024000a34     0x3c0c ./Core/Src/HUB_75.o
                0x0000000024000a34                SCR_PROCESS
                0x0000000024000a35                My_Scr_Status
                0x0000000024000a38                start_view_by_time
                0x0000000024000a3c                sCommand
                0x0000000024000a74                HUB75_DescStruct
 COMMON         0x0000000024004640      0x1cc ./Core/Src/LL_UART_TEO.o
                0x0000000024004640                Thuart3
                0x0000000024004668                Tx_USART3
                0x0000000024004744                Rx_USART3
 COMMON         0x000000002400480c       0xb8 ./Core/Src/quadspi.o
                0x000000002400480c                hmdma_quadspi_fifo_th
                0x0000000024004878                hqspi
 COMMON         0x00000000240048c4       0x88 ./Core/Src/spi.o
                0x00000000240048c4                hspi2
 COMMON         0x000000002400494c       0x4c ./Core/Src/tim.o
                0x000000002400494c                htim4
 COMMON         0x0000000024004998        0x4 ./Drivers/STM32H7xx_HAL_Driver/Src/stm32h7xx_hal.o
                0x0000000024004998                uwTick
                0x000000002400499c                . = ALIGN (0x4)
                0x000000002400499c                _ebss = .
                0x000000002400499c                __bss_end__ = _ebss

._user_heap_stack
                0x000000002400499c      0x604 load address 0x0000000008009544
                0x00000000240049a0                . = ALIGN (0x8)
 *fill*         0x000000002400499c        0x4 
                [!provide]                        PROVIDE (end = .)
                0x00000000240049a0                PROVIDE (_end = .)
                0x0000000024004ba0                . = (. + _Min_Heap_Size)
 *fill*         0x00000000240049a0      0x200 
                0x0000000024004fa0                . = (. + _Min_Stack_Size)
 *fill*         0x0000000024004ba0      0x400 
                0x0000000024004fa0                . = ALIGN (0x8)

/DISCARD/
 libc.a(*)
 libm.a(*)
 libgcc.a(*)

.ARM.attributes
                0x0000000000000000       0x2e
 *(.ARM.attributes)
 .ARM.attributes
                0x0000000000000000       0x1e e:/stm32cubeide_1.6.1/stm32cubeide/plugins/com.st.stm32cube.ide.mcu.externaltools.gnu-tools-for-stm32.9-2020-q2-update.win32_2.0.0.202105311346/tools/bin/../lib/gcc/arm-none-eabi/9.3.1/thumb/v7e-m+dp/hard/crti.o
 .ARM.attributes
                0x000000000000001e       0x32 e:/stm32cubeide_1.6.1/stm32cubeide/plugins/com.st.stm32cube.ide.mcu.externaltools.gnu-tools-for-stm32.9-2020-q2-update.win32_2.0.0.202105311346/tools/bin/../lib/gcc/arm-none-eabi/9.3.1/thumb/v7e-m+dp/hard/crtbegin.o
 .ARM.attributes
                0x0000000000000050       0x32 ./Core/Src/HUB_75.o
 .ARM.attributes
                0x0000000000000082       0x32 ./Core/Src/LL_UART_TEO.o
 .ARM.attributes
                0x00000000000000b4       0x32 ./Core/Src/PIXEL_MAPS.o
 .ARM.attributes
                0x00000000000000e6       0x32 ./Core/Src/gpio.o
 .ARM.attributes
                0x0000000000000118       0x32 ./Core/Src/main.o
 .ARM.attributes
                0x000000000000014a       0x32 ./Core/Src/mdma.o
 .ARM.attributes
                0x000000000000017c       0x32 ./Core/Src/quadspi.o
 .ARM.attributes
                0x00000000000001ae       0x32 ./Core/Src/spi.o
 .ARM.attributes
                0x00000000000001e0       0x32 ./Core/Src/stm32h7xx_hal_msp.o
 .ARM.attributes
                0x0000000000000212       0x32 ./Core/Src/stm32h7xx_it.o
 .ARM.attributes
                0x0000000000000244       0x32 ./Core/Src/system_stm32h7xx.o
 .ARM.attributes
                0x0000000000000276       0x32 ./Core/Src/tim.o
 .ARM.attributes
                0x00000000000002a8       0x32 ./Core/Src/usart.o
 .ARM.attributes
                0x00000000000002da       0x21 ./Core/Startup/startup_stm32h750vbtx.o
 .ARM.attributes
                0x00000000000002fb       0x32 ./Drivers/STM32H7xx_HAL_Driver/Src/stm32h7xx_hal.o
 .ARM.attributes
                0x000000000000032d       0x32 ./Drivers/STM32H7xx_HAL_Driver/Src/stm32h7xx_hal_cortex.o
 .ARM.attributes
                0x000000000000035f       0x32 ./Drivers/STM32H7xx_HAL_Driver/Src/stm32h7xx_hal_gpio.o
 .ARM.attributes
                0x0000000000000391       0x32 ./Drivers/STM32H7xx_HAL_Driver/Src/stm32h7xx_hal_mdma.o
 .ARM.attributes
                0x00000000000003c3       0x32 ./Drivers/STM32H7xx_HAL_Driver/Src/stm32h7xx_hal_pwr_ex.o
 .ARM.attributes
                0x00000000000003f5       0x32 ./Drivers/STM32H7xx_HAL_Driver/Src/stm32h7xx_hal_qspi.o
 .ARM.attributes
                0x0000000000000427       0x32 ./Drivers/STM32H7xx_HAL_Driver/Src/stm32h7xx_hal_rcc.o
 .ARM.attributes
                0x0000000000000459       0x32 ./Drivers/STM32H7xx_HAL_Driver/Src/stm32h7xx_hal_rcc_ex.o
 .ARM.attributes
                0x000000000000048b       0x32 ./Drivers/STM32H7xx_HAL_Driver/Src/stm32h7xx_hal_spi.o
 .ARM.attributes
                0x00000000000004bd       0x32 ./Drivers/STM32H7xx_HAL_Driver/Src/stm32h7xx_hal_tim.o
 .ARM.attributes
                0x00000000000004ef       0x32 ./Drivers/STM32H7xx_HAL_Driver/Src/stm32h7xx_hal_tim_ex.o
 .ARM.attributes
                0x0000000000000521       0x32 ./Drivers/STM32H7xx_HAL_Driver/Src/stm32h7xx_ll_gpio.o
 .ARM.attributes
                0x0000000000000553       0x32 ./Drivers/STM32H7xx_HAL_Driver/Src/stm32h7xx_ll_rcc.o
 .ARM.attributes
                0x0000000000000585       0x32 ./Drivers/STM32H7xx_HAL_Driver/Src/stm32h7xx_ll_tim.o
 .ARM.attributes
                0x00000000000005b7       0x32 ./Drivers/STM32H7xx_HAL_Driver/Src/stm32h7xx_ll_usart.o
 .ARM.attributes
                0x00000000000005e9       0x32 e:/stm32cubeide_1.6.1/stm32cubeide/plugins/com.st.stm32cube.ide.mcu.externaltools.gnu-tools-for-stm32.9-2020-q2-update.win32_2.0.0.202105311346/tools/bin/../lib/gcc/arm-none-eabi/9.3.1/../../../../arm-none-eabi/lib/thumb/v7e-m+dp/hard\libc_nano.a(lib_a-init.o)
 .ARM.attributes
                0x000000000000061b       0x32 e:/stm32cubeide_1.6.1/stm32cubeide/plugins/com.st.stm32cube.ide.mcu.externaltools.gnu-tools-for-stm32.9-2020-q2-update.win32_2.0.0.202105311346/tools/bin/../lib/gcc/arm-none-eabi/9.3.1/../../../../arm-none-eabi/lib/thumb/v7e-m+dp/hard\libc_nano.a(lib_a-memset.o)
 .ARM.attributes
                0x000000000000064d       0x1e e:/stm32cubeide_1.6.1/stm32cubeide/plugins/com.st.stm32cube.ide.mcu.externaltools.gnu-tools-for-stm32.9-2020-q2-update.win32_2.0.0.202105311346/tools/bin/../lib/gcc/arm-none-eabi/9.3.1/thumb/v7e-m+dp/hard/crtn.o
OUTPUT(WYSWTLACZ_HUB75a.elf elf32-littlearm)
LOAD linker stubs
LOAD e:/stm32cubeide_1.6.1/stm32cubeide/plugins/com.st.stm32cube.ide.mcu.externaltools.gnu-tools-for-stm32.9-2020-q2-update.win32_2.0.0.202105311346/tools/bin/../lib/gcc/arm-none-eabi/9.3.1/../../../../arm-none-eabi/lib/thumb/v7e-m+dp/hard\libc.a
LOAD e:/stm32cubeide_1.6.1/stm32cubeide/plugins/com.st.stm32cube.ide.mcu.externaltools.gnu-tools-for-stm32.9-2020-q2-update.win32_2.0.0.202105311346/tools/bin/../lib/gcc/arm-none-eabi/9.3.1/../../../../arm-none-eabi/lib/thumb/v7e-m+dp/hard\libm.a
LOAD e:/stm32cubeide_1.6.1/stm32cubeide/plugins/com.st.stm32cube.ide.mcu.externaltools.gnu-tools-for-stm32.9-2020-q2-update.win32_2.0.0.202105311346/tools/bin/../lib/gcc/arm-none-eabi/9.3.1/thumb/v7e-m+dp/hard\libgcc.a

.debug_info     0x0000000000000000    0x3038c
 .debug_info    0x0000000000000000     0x2528 ./Core/Src/HUB_75.o
 .debug_info    0x0000000000002528     0x1233 ./Core/Src/LL_UART_TEO.o
 .debug_info    0x000000000000375b      0xc98 ./Core/Src/PIXEL_MAPS.o
 .debug_info    0x00000000000043f3     0x11c1 ./Core/Src/gpio.o
 .debug_info    0x00000000000055b4     0x2c99 ./Core/Src/main.o
 .debug_info    0x000000000000824d     0x1396 ./Core/Src/mdma.o
 .debug_info    0x00000000000095e3     0x1bac ./Core/Src/quadspi.o
 .debug_info    0x000000000000b18f     0x18a0 ./Core/Src/spi.o
 .debug_info    0x000000000000ca2f     0x1009 ./Core/Src/stm32h7xx_hal_msp.o
 .debug_info    0x000000000000da38     0x17c2 ./Core/Src/stm32h7xx_it.o
 .debug_info    0x000000000000f1fa     0x1468 ./Core/Src/system_stm32h7xx.o
 .debug_info    0x0000000000010662     0x24f7 ./Core/Src/tim.o
 .debug_info    0x0000000000012b59     0x206c ./Core/Src/usart.o
 .debug_info    0x0000000000014bc5       0x22 ./Core/Startup/startup_stm32h750vbtx.o
 .debug_info    0x0000000000014be7     0x1f64 ./Drivers/STM32H7xx_HAL_Driver/Src/stm32h7xx_hal.o
 .debug_info    0x0000000000016b4b     0x1bda ./Drivers/STM32H7xx_HAL_Driver/Src/stm32h7xx_hal_cortex.o
 .debug_info    0x0000000000018725     0x17bf ./Drivers/STM32H7xx_HAL_Driver/Src/stm32h7xx_hal_gpio.o
 .debug_info    0x0000000000019ee4     0x16c6 ./Drivers/STM32H7xx_HAL_Driver/Src/stm32h7xx_hal_mdma.o
 .debug_info    0x000000000001b5aa     0x1b06 ./Drivers/STM32H7xx_HAL_Driver/Src/stm32h7xx_hal_pwr_ex.o
 .debug_info    0x000000000001d0b0     0x1d6a ./Drivers/STM32H7xx_HAL_Driver/Src/stm32h7xx_hal_qspi.o
 .debug_info    0x000000000001ee1a     0x192a ./Drivers/STM32H7xx_HAL_Driver/Src/stm32h7xx_hal_rcc.o
 .debug_info    0x0000000000020744     0x1cc2 ./Drivers/STM32H7xx_HAL_Driver/Src/stm32h7xx_hal_rcc_ex.o
 .debug_info    0x0000000000022406     0x1fa0 ./Drivers/STM32H7xx_HAL_Driver/Src/stm32h7xx_hal_spi.o
 .debug_info    0x00000000000243a6     0x3612 ./Drivers/STM32H7xx_HAL_Driver/Src/stm32h7xx_hal_tim.o
 .debug_info    0x00000000000279b8     0x21a8 ./Drivers/STM32H7xx_HAL_Driver/Src/stm32h7xx_hal_tim_ex.o
 .debug_info    0x0000000000029b60     0x1390 ./Drivers/STM32H7xx_HAL_Driver/Src/stm32h7xx_ll_gpio.o
 .debug_info    0x000000000002aef0     0x2281 ./Drivers/STM32H7xx_HAL_Driver/Src/stm32h7xx_ll_rcc.o
 .debug_info    0x000000000002d171     0x1dd7 ./Drivers/STM32H7xx_HAL_Driver/Src/stm32h7xx_ll_tim.o
 .debug_info    0x000000000002ef48     0x1444 ./Drivers/STM32H7xx_HAL_Driver/Src/stm32h7xx_ll_usart.o

.debug_abbrev   0x0000000000000000     0x4f21
 .debug_abbrev  0x0000000000000000      0x404 ./Core/Src/HUB_75.o
 .debug_abbrev  0x0000000000000404      0x2ed ./Core/Src/LL_UART_TEO.o
 .debug_abbrev  0x00000000000006f1      0x200 ./Core/Src/PIXEL_MAPS.o
 .debug_abbrev  0x00000000000008f1      0x229 ./Core/Src/gpio.o
 .debug_abbrev  0x0000000000000b1a      0x2b3 ./Core/Src/main.o
 .debug_abbrev  0x0000000000000dcd      0x20f ./Core/Src/mdma.o
 .debug_abbrev  0x0000000000000fdc      0x278 ./Core/Src/quadspi.o
 .debug_abbrev  0x0000000000001254      0x265 ./Core/Src/spi.o
 .debug_abbrev  0x00000000000014b9      0x20f ./Core/Src/stm32h7xx_hal_msp.o
 .debug_abbrev  0x00000000000016c8      0x282 ./Core/Src/stm32h7xx_it.o
 .debug_abbrev  0x000000000000194a      0x251 ./Core/Src/system_stm32h7xx.o
 .debug_abbrev  0x0000000000001b9b      0x2fb ./Core/Src/tim.o
 .debug_abbrev  0x0000000000001e96      0x2a3 ./Core/Src/usart.o
 .debug_abbrev  0x0000000000002139       0x12 ./Core/Startup/startup_stm32h750vbtx.o
 .debug_abbrev  0x000000000000214b      0x31b ./Drivers/STM32H7xx_HAL_Driver/Src/stm32h7xx_hal.o
 .debug_abbrev  0x0000000000002466      0x409 ./Drivers/STM32H7xx_HAL_Driver/Src/stm32h7xx_hal_cortex.o
 .debug_abbrev  0x000000000000286f      0x2cb ./Drivers/STM32H7xx_HAL_Driver/Src/stm32h7xx_hal_gpio.o
 .debug_abbrev  0x0000000000002b3a      0x29c ./Drivers/STM32H7xx_HAL_Driver/Src/stm32h7xx_hal_mdma.o
 .debug_abbrev  0x0000000000002dd6      0x350 ./Drivers/STM32H7xx_HAL_Driver/Src/stm32h7xx_hal_pwr_ex.o
 .debug_abbrev  0x0000000000003126      0x2e6 ./Drivers/STM32H7xx_HAL_Driver/Src/stm32h7xx_hal_qspi.o
 .debug_abbrev  0x000000000000340c      0x322 ./Drivers/STM32H7xx_HAL_Driver/Src/stm32h7xx_hal_rcc.o
 .debug_abbrev  0x000000000000372e      0x31d ./Drivers/STM32H7xx_HAL_Driver/Src/stm32h7xx_hal_rcc_ex.o
 .debug_abbrev  0x0000000000003a4b      0x313 ./Drivers/STM32H7xx_HAL_Driver/Src/stm32h7xx_hal_spi.o
 .debug_abbrev  0x0000000000003d5e      0x2f9 ./Drivers/STM32H7xx_HAL_Driver/Src/stm32h7xx_hal_tim.o
 .debug_abbrev  0x0000000000004057      0x301 ./Drivers/STM32H7xx_HAL_Driver/Src/stm32h7xx_hal_tim_ex.o
 .debug_abbrev  0x0000000000004358      0x2fe ./Drivers/STM32H7xx_HAL_Driver/Src/stm32h7xx_ll_gpio.o
 .debug_abbrev  0x0000000000004656      0x303 ./Drivers/STM32H7xx_HAL_Driver/Src/stm32h7xx_ll_rcc.o
 .debug_abbrev  0x0000000000004959      0x30e ./Drivers/STM32H7xx_HAL_Driver/Src/stm32h7xx_ll_tim.o
 .debug_abbrev  0x0000000000004c67      0x2ba ./Drivers/STM32H7xx_HAL_Driver/Src/stm32h7xx_ll_usart.o

.debug_aranges  0x0000000000000000     0x18f8
 .debug_aranges
                0x0000000000000000       0xb0 ./Core/Src/HUB_75.o
 .debug_aranges
                0x00000000000000b0       0xd0 ./Core/Src/LL_UART_TEO.o
 .debug_aranges
                0x0000000000000180       0x20 ./Core/Src/PIXEL_MAPS.o
 .debug_aranges
                0x00000000000001a0       0x20 ./Core/Src/gpio.o
 .debug_aranges
                0x00000000000001c0       0x38 ./Core/Src/main.o
 .debug_aranges
                0x00000000000001f8       0x20 ./Core/Src/mdma.o
 .debug_aranges
                0x0000000000000218       0x30 ./Core/Src/quadspi.o
 .debug_aranges
                0x0000000000000248       0x30 ./Core/Src/spi.o
 .debug_aranges
                0x0000000000000278       0x20 ./Core/Src/stm32h7xx_hal_msp.o
 .debug_aranges
                0x0000000000000298       0x98 ./Core/Src/stm32h7xx_it.o
 .debug_aranges
                0x0000000000000330       0x28 ./Core/Src/system_stm32h7xx.o
 .debug_aranges
                0x0000000000000358       0x98 ./Core/Src/tim.o
 .debug_aranges
                0x00000000000003f0       0x88 ./Core/Src/usart.o
 .debug_aranges
                0x0000000000000478       0x28 ./Core/Startup/startup_stm32h750vbtx.o
 .debug_aranges
                0x00000000000004a0      0x198 ./Drivers/STM32H7xx_HAL_Driver/Src/stm32h7xx_hal.o
 .debug_aranges
                0x0000000000000638      0x120 ./Drivers/STM32H7xx_HAL_Driver/Src/stm32h7xx_hal_cortex.o
 .debug_aranges
                0x0000000000000758       0x58 ./Drivers/STM32H7xx_HAL_Driver/Src/stm32h7xx_hal_gpio.o
 .debug_aranges
                0x00000000000007b0       0xc0 ./Drivers/STM32H7xx_HAL_Driver/Src/stm32h7xx_hal_mdma.o
 .debug_aranges
                0x0000000000000870      0x158 ./Drivers/STM32H7xx_HAL_Driver/Src/stm32h7xx_hal_pwr_ex.o
 .debug_aranges
                0x00000000000009c8      0x148 ./Drivers/STM32H7xx_HAL_Driver/Src/stm32h7xx_hal_qspi.o
 .debug_aranges
                0x0000000000000b10       0x88 ./Drivers/STM32H7xx_HAL_Driver/Src/stm32h7xx_hal_rcc.o
 .debug_aranges
                0x0000000000000b98       0xf8 ./Drivers/STM32H7xx_HAL_Driver/Src/stm32h7xx_hal_rcc_ex.o
 .debug_aranges
                0x0000000000000c90      0x1a0 ./Drivers/STM32H7xx_HAL_Driver/Src/stm32h7xx_hal_spi.o
 .debug_aranges
                0x0000000000000e30      0x3e0 ./Drivers/STM32H7xx_HAL_Driver/Src/stm32h7xx_hal_tim.o
 .debug_aranges
                0x0000000000001210      0x188 ./Drivers/STM32H7xx_HAL_Driver/Src/stm32h7xx_hal_tim_ex.o
 .debug_aranges
                0x0000000000001398       0x70 ./Drivers/STM32H7xx_HAL_Driver/Src/stm32h7xx_ll_gpio.o
 .debug_aranges
                0x0000000000001408      0x320 ./Drivers/STM32H7xx_HAL_Driver/Src/stm32h7xx_ll_rcc.o
 .debug_aranges
                0x0000000000001728      0x148 ./Drivers/STM32H7xx_HAL_Driver/Src/stm32h7xx_ll_tim.o
 .debug_aranges
                0x0000000000001870       0x88 ./Drivers/STM32H7xx_HAL_Driver/Src/stm32h7xx_ll_usart.o

.debug_ranges   0x0000000000000000     0x1730
 .debug_ranges  0x0000000000000000       0xa0 ./Core/Src/HUB_75.o
 .debug_ranges  0x00000000000000a0       0xc0 ./Core/Src/LL_UART_TEO.o
 .debug_ranges  0x0000000000000160       0x10 ./Core/Src/PIXEL_MAPS.o
 .debug_ranges  0x0000000000000170       0x10 ./Core/Src/gpio.o
 .debug_ranges  0x0000000000000180       0x28 ./Core/Src/main.o
 .debug_ranges  0x00000000000001a8       0x10 ./Core/Src/mdma.o
 .debug_ranges  0x00000000000001b8       0x20 ./Core/Src/quadspi.o
 .debug_ranges  0x00000000000001d8       0x20 ./Core/Src/spi.o
 .debug_ranges  0x00000000000001f8       0x10 ./Core/Src/stm32h7xx_hal_msp.o
 .debug_ranges  0x0000000000000208       0x88 ./Core/Src/stm32h7xx_it.o
 .debug_ranges  0x0000000000000290       0x18 ./Core/Src/system_stm32h7xx.o
 .debug_ranges  0x00000000000002a8       0x88 ./Core/Src/tim.o
 .debug_ranges  0x0000000000000330       0x78 ./Core/Src/usart.o
 .debug_ranges  0x00000000000003a8       0x20 ./Core/Startup/startup_stm32h750vbtx.o
 .debug_ranges  0x00000000000003c8      0x188 ./Drivers/STM32H7xx_HAL_Driver/Src/stm32h7xx_hal.o
 .debug_ranges  0x0000000000000550      0x110 ./Drivers/STM32H7xx_HAL_Driver/Src/stm32h7xx_hal_cortex.o
 .debug_ranges  0x0000000000000660       0x48 ./Drivers/STM32H7xx_HAL_Driver/Src/stm32h7xx_hal_gpio.o
 .debug_ranges  0x00000000000006a8       0xb0 ./Drivers/STM32H7xx_HAL_Driver/Src/stm32h7xx_hal_mdma.o
 .debug_ranges  0x0000000000000758      0x148 ./Drivers/STM32H7xx_HAL_Driver/Src/stm32h7xx_hal_pwr_ex.o
 .debug_ranges  0x00000000000008a0      0x138 ./Drivers/STM32H7xx_HAL_Driver/Src/stm32h7xx_hal_qspi.o
 .debug_ranges  0x00000000000009d8       0x78 ./Drivers/STM32H7xx_HAL_Driver/Src/stm32h7xx_hal_rcc.o
 .debug_ranges  0x0000000000000a50       0xe8 ./Drivers/STM32H7xx_HAL_Driver/Src/stm32h7xx_hal_rcc_ex.o
 .debug_ranges  0x0000000000000b38      0x190 ./Drivers/STM32H7xx_HAL_Driver/Src/stm32h7xx_hal_spi.o
 .debug_ranges  0x0000000000000cc8      0x3d0 ./Drivers/STM32H7xx_HAL_Driver/Src/stm32h7xx_hal_tim.o
 .debug_ranges  0x0000000000001098      0x178 ./Drivers/STM32H7xx_HAL_Driver/Src/stm32h7xx_hal_tim_ex.o
 .debug_ranges  0x0000000000001210       0x60 ./Drivers/STM32H7xx_HAL_Driver/Src/stm32h7xx_ll_gpio.o
 .debug_ranges  0x0000000000001270      0x310 ./Drivers/STM32H7xx_HAL_Driver/Src/stm32h7xx_ll_rcc.o
 .debug_ranges  0x0000000000001580      0x138 ./Drivers/STM32H7xx_HAL_Driver/Src/stm32h7xx_ll_tim.o
 .debug_ranges  0x00000000000016b8       0x78 ./Drivers/STM32H7xx_HAL_Driver/Src/stm32h7xx_ll_usart.o

.debug_macro    0x0000000000000000    0x3ead8
 .debug_macro   0x0000000000000000      0x39b ./Core/Src/HUB_75.o
 .debug_macro   0x000000000000039b      0xac6 ./Core/Src/HUB_75.o
 .debug_macro   0x0000000000000e61      0x244 ./Core/Src/HUB_75.o
 .debug_macro   0x00000000000010a5       0x2e ./Core/Src/HUB_75.o
 .debug_macro   0x00000000000010d3       0x3b ./Core/Src/HUB_75.o
 .debug_macro   0x000000000000110e       0x22 ./Core/Src/HUB_75.o
 .debug_macro   0x0000000000001130       0x8e ./Core/Src/HUB_75.o
 .debug_macro   0x00000000000011be       0x51 ./Core/Src/HUB_75.o
 .debug_macro   0x000000000000120f      0x103 ./Core/Src/HUB_75.o
 .debug_macro   0x0000000000001312       0x6a ./Core/Src/HUB_75.o
 .debug_macro   0x000000000000137c      0x1df ./Core/Src/HUB_75.o
 .debug_macro   0x000000000000155b       0x1c ./Core/Src/HUB_75.o
 .debug_macro   0x0000000000001577       0x22 ./Core/Src/HUB_75.o
 .debug_macro   0x0000000000001599      0x101 ./Core/Src/HUB_75.o
 .debug_macro   0x000000000000169a     0x1305 ./Core/Src/HUB_75.o
 .debug_macro   0x000000000000299f      0x11f ./Core/Src/HUB_75.o
 .debug_macro   0x0000000000002abe       0x27 ./Core/Src/HUB_75.o
 .debug_macro   0x0000000000002ae5    0x259c6 ./Core/Src/HUB_75.o
 .debug_macro   0x00000000000284ab       0x43 ./Core/Src/HUB_75.o
 .debug_macro   0x00000000000284ee     0x3cd3 ./Core/Src/HUB_75.o
 .debug_macro   0x000000000002c1c1      0x174 ./Core/Src/HUB_75.o
 .debug_macro   0x000000000002c335       0x52 ./Core/Src/HUB_75.o
 .debug_macro   0x000000000002c387       0x17 ./Core/Src/HUB_75.o
 .debug_macro   0x000000000002c39e       0x3c ./Core/Src/HUB_75.o
 .debug_macro   0x000000000002c3da       0x34 ./Core/Src/HUB_75.o
 .debug_macro   0x000000000002c40e       0x16 ./Core/Src/HUB_75.o
 .debug_macro   0x000000000002c424       0x43 ./Core/Src/HUB_75.o
 .debug_macro   0x000000000002c467       0x34 ./Core/Src/HUB_75.o
 .debug_macro   0x000000000002c49b       0x10 ./Core/Src/HUB_75.o
 .debug_macro   0x000000000002c4ab       0x58 ./Core/Src/HUB_75.o
 .debug_macro   0x000000000002c503       0x71 ./Core/Src/HUB_75.o
 .debug_macro   0x000000000002c574       0x1c ./Core/Src/HUB_75.o
 .debug_macro   0x000000000002c590      0x12a ./Core/Src/HUB_75.o
 .debug_macro   0x000000000002c6ba      0x333 ./Core/Src/HUB_75.o
 .debug_macro   0x000000000002c9ed      0x1a9 ./Core/Src/HUB_75.o
 .debug_macro   0x000000000002cb96       0x5d ./Core/Src/HUB_75.o
 .debug_macro   0x000000000002cbf3     0x240e ./Core/Src/HUB_75.o
 .debug_macro   0x000000000002f001     0x1002 ./Core/Src/HUB_75.o
 .debug_macro   0x0000000000030003      0x14d ./Core/Src/HUB_75.o
 .debug_macro   0x0000000000030150      0x117 ./Core/Src/HUB_75.o
 .debug_macro   0x0000000000030267      0x3b2 ./Core/Src/HUB_75.o
 .debug_macro   0x0000000000030619       0x27 ./Core/Src/HUB_75.o
 .debug_macro   0x0000000000030640      0x72d ./Core/Src/HUB_75.o
 .debug_macro   0x0000000000030d6d      0x229 ./Core/Src/HUB_75.o
 .debug_macro   0x0000000000030f96       0x66 ./Core/Src/HUB_75.o
 .debug_macro   0x0000000000030ffc      0x3bb ./Core/Src/HUB_75.o
 .debug_macro   0x00000000000313b7      0x3e5 ./Core/Src/HUB_75.o
 .debug_macro   0x000000000003179c      0x275 ./Core/Src/HUB_75.o
 .debug_macro   0x0000000000031a11      0x3cb ./Core/Src/HUB_75.o
 .debug_macro   0x0000000000031ddc      0x3de ./Core/Src/HUB_75.o
 .debug_macro   0x00000000000321ba       0x3c ./Core/Src/HUB_75.o
 .debug_macro   0x00000000000321f6       0x4a ./Core/Src/HUB_75.o
 .debug_macro   0x0000000000032240      0x22c ./Core/Src/HUB_75.o
 .debug_macro   0x000000000003246c       0x67 ./Core/Src/HUB_75.o
 .debug_macro   0x00000000000324d3       0xa5 ./Core/Src/HUB_75.o
 .debug_macro   0x0000000000032578       0x85 ./Core/Src/HUB_75.o
 .debug_macro   0x00000000000325fd      0x1c5 ./Core/Src/HUB_75.o
 .debug_macro   0x00000000000327c2      0x25f ./Core/Src/HUB_75.o
 .debug_macro   0x0000000000032a21       0x35 ./Core/Src/HUB_75.o
 .debug_macro   0x0000000000032a56      0x2d4 ./Core/Src/HUB_75.o
 .debug_macro   0x0000000000032d2a      0x5dd ./Core/Src/HUB_75.o
 .debug_macro   0x0000000000033307       0x9e ./Core/Src/HUB_75.o
 .debug_macro   0x00000000000333a5      0xad7 ./Core/Src/HUB_75.o
 .debug_macro   0x0000000000033e7c      0x2a0 ./Core/Src/HUB_75.o
 .debug_macro   0x000000000003411c      0x5a0 ./Core/Src/HUB_75.o
 .debug_macro   0x00000000000346bc      0xa6b ./Core/Src/HUB_75.o
 .debug_macro   0x0000000000035127      0x40f ./Core/Src/HUB_75.o
 .debug_macro   0x0000000000035536      0x9dc ./Core/Src/HUB_75.o
 .debug_macro   0x0000000000035f12      0x34c ./Core/Src/HUB_75.o
 .debug_macro   0x000000000003625e      0x1e1 ./Core/Src/HUB_75.o
 .debug_macro   0x000000000003643f      0x36e ./Core/Src/HUB_75.o
 .debug_macro   0x00000000000367ad       0x46 ./Core/Src/HUB_75.o
 .debug_macro   0x00000000000367f3      0x1f8 ./Core/Src/HUB_75.o
 .debug_macro   0x00000000000369eb      0x165 ./Core/Src/HUB_75.o
 .debug_macro   0x0000000000036b50      0x79b ./Core/Src/HUB_75.o
 .debug_macro   0x00000000000372eb      0x1ae ./Core/Src/HUB_75.o
 .debug_macro   0x0000000000037499      0x288 ./Core/Src/HUB_75.o
 .debug_macro   0x0000000000037721       0x58 ./Core/Src/HUB_75.o
 .debug_macro   0x0000000000037779       0x5e ./Core/Src/HUB_75.o
 .debug_macro   0x00000000000377d7       0x22 ./Core/Src/HUB_75.o
 .debug_macro   0x00000000000377f9      0x438 ./Core/Src/LL_UART_TEO.o
 .debug_macro   0x0000000000037c31       0x1c ./Core/Src/LL_UART_TEO.o
 .debug_macro   0x0000000000037c4d       0x35 ./Core/Src/LL_UART_TEO.o
 .debug_macro   0x0000000000037c82       0x10 ./Core/Src/LL_UART_TEO.o
 .debug_macro   0x0000000000037c92       0x10 ./Core/Src/LL_UART_TEO.o
 .debug_macro   0x0000000000037ca2       0x1c ./Core/Src/LL_UART_TEO.o
 .debug_macro   0x0000000000037cbe       0x52 ./Core/Src/LL_UART_TEO.o
 .debug_macro   0x0000000000037d10       0x22 ./Core/Src/LL_UART_TEO.o
 .debug_macro   0x0000000000037d32       0x10 ./Core/Src/LL_UART_TEO.o
 .debug_macro   0x0000000000037d42       0x40 ./Core/Src/LL_UART_TEO.o
 .debug_macro   0x0000000000037d82       0xd5 ./Core/Src/LL_UART_TEO.o
 .debug_macro   0x0000000000037e57       0x1c ./Core/Src/LL_UART_TEO.o
 .debug_macro   0x0000000000037e73       0x3d ./Core/Src/LL_UART_TEO.o
 .debug_macro   0x0000000000037eb0       0x16 ./Core/Src/LL_UART_TEO.o
 .debug_macro   0x0000000000037ec6      0x145 ./Core/Src/LL_UART_TEO.o
 .debug_macro   0x000000000003800b       0x16 ./Core/Src/LL_UART_TEO.o
 .debug_macro   0x0000000000038021      0x351 ./Core/Src/PIXEL_MAPS.o
 .debug_macro   0x0000000000038372      0x35b ./Core/Src/gpio.o
 .debug_macro   0x00000000000386cd      0x3e4 ./Core/Src/main.o
 .debug_macro   0x0000000000038ab1      0x35b ./Core/Src/mdma.o
 .debug_macro   0x0000000000038e0c      0x35b ./Core/Src/quadspi.o
 .debug_macro   0x0000000000039167      0x35b ./Core/Src/spi.o
 .debug_macro   0x00000000000394c2      0x351 ./Core/Src/stm32h7xx_hal_msp.o
 .debug_macro   0x0000000000039813      0x386 ./Core/Src/stm32h7xx_it.o
 .debug_macro   0x0000000000039b99      0x2c8 ./Core/Src/system_stm32h7xx.o
 .debug_macro   0x0000000000039e61      0x35b ./Core/Src/tim.o
 .debug_macro   0x000000000003a1bc      0x35b ./Core/Src/usart.o
 .debug_macro   0x000000000003a517      0x2ec ./Drivers/STM32H7xx_HAL_Driver/Src/stm32h7xx_hal.o
 .debug_macro   0x000000000003a803      0x2c2 ./Drivers/STM32H7xx_HAL_Driver/Src/stm32h7xx_hal_cortex.o
 .debug_macro   0x000000000003aac5      0x2fe ./Drivers/STM32H7xx_HAL_Driver/Src/stm32h7xx_hal_gpio.o
 .debug_macro   0x000000000003adc3      0x2d1 ./Drivers/STM32H7xx_HAL_Driver/Src/stm32h7xx_hal_mdma.o
 .debug_macro   0x000000000003b094      0x2fb ./Drivers/STM32H7xx_HAL_Driver/Src/stm32h7xx_hal_pwr_ex.o
 .debug_macro   0x000000000003b38f      0x2e6 ./Drivers/STM32H7xx_HAL_Driver/Src/stm32h7xx_hal_qspi.o
 .debug_macro   0x000000000003b675      0x2e6 ./Drivers/STM32H7xx_HAL_Driver/Src/stm32h7xx_hal_rcc.o
 .debug_macro   0x000000000003b95b      0x2e0 ./Drivers/STM32H7xx_HAL_Driver/Src/stm32h7xx_hal_rcc_ex.o
 .debug_macro   0x000000000003bc3b      0x2d1 ./Drivers/STM32H7xx_HAL_Driver/Src/stm32h7xx_hal_spi.o
 .debug_macro   0x000000000003bf0c      0x2c3 ./Drivers/STM32H7xx_HAL_Driver/Src/stm32h7xx_hal_tim.o
 .debug_macro   0x000000000003c1cf      0x2c2 ./Drivers/STM32H7xx_HAL_Driver/Src/stm32h7xx_hal_tim_ex.o
 .debug_macro   0x000000000003c491      0x304 ./Drivers/STM32H7xx_HAL_Driver/Src/stm32h7xx_ll_gpio.o
 .debug_macro   0x000000000003c795      0x15f ./Drivers/STM32H7xx_HAL_Driver/Src/stm32h7xx_ll_gpio.o
 .debug_macro   0x000000000003c8f4      0x2fe ./Drivers/STM32H7xx_HAL_Driver/Src/stm32h7xx_ll_rcc.o
 .debug_macro   0x000000000003cbf2      0x9d6 ./Drivers/STM32H7xx_HAL_Driver/Src/stm32h7xx_ll_rcc.o
 .debug_macro   0x000000000003d5c8      0x36b ./Drivers/STM32H7xx_HAL_Driver/Src/stm32h7xx_ll_tim.o
 .debug_macro   0x000000000003d933      0xa65 ./Drivers/STM32H7xx_HAL_Driver/Src/stm32h7xx_ll_tim.o
 .debug_macro   0x000000000003e398      0x337 ./Drivers/STM32H7xx_HAL_Driver/Src/stm32h7xx_ll_usart.o
 .debug_macro   0x000000000003e6cf      0x409 ./Drivers/STM32H7xx_HAL_Driver/Src/stm32h7xx_ll_usart.o

.debug_line     0x0000000000000000    0x1e58c
 .debug_line    0x0000000000000000     0x1460 ./Core/Src/HUB_75.o
 .debug_line    0x0000000000001460      0xe7a ./Core/Src/LL_UART_TEO.o
 .debug_line    0x00000000000022da      0x985 ./Core/Src/PIXEL_MAPS.o
 .debug_line    0x0000000000002c5f      0x9d4 ./Core/Src/gpio.o
 .debug_line    0x0000000000003633      0xb11 ./Core/Src/main.o
 .debug_line    0x0000000000004144      0x98d ./Core/Src/mdma.o
 .debug_line    0x0000000000004ad1      0xa6c ./Core/Src/quadspi.o
 .debug_line    0x000000000000553d      0xa30 ./Core/Src/spi.o
 .debug_line    0x0000000000005f6d      0x98f ./Core/Src/stm32h7xx_hal_msp.o
 .debug_line    0x00000000000068fc      0xb3b ./Core/Src/stm32h7xx_it.o
 .debug_line    0x0000000000007437      0xa01 ./Core/Src/system_stm32h7xx.o
 .debug_line    0x0000000000007e38      0xc52 ./Core/Src/tim.o
 .debug_line    0x0000000000008a8a      0xbff ./Core/Src/usart.o
 .debug_line    0x0000000000009689       0x87 ./Core/Startup/startup_stm32h750vbtx.o
 .debug_line    0x0000000000009710      0xe26 ./Drivers/STM32H7xx_HAL_Driver/Src/stm32h7xx_hal.o
 .debug_line    0x000000000000a536      0xe2c ./Drivers/STM32H7xx_HAL_Driver/Src/stm32h7xx_hal_cortex.o
 .debug_line    0x000000000000b362      0xcf1 ./Drivers/STM32H7xx_HAL_Driver/Src/stm32h7xx_hal_gpio.o
 .debug_line    0x000000000000c053     0x149d ./Drivers/STM32H7xx_HAL_Driver/Src/stm32h7xx_hal_mdma.o
 .debug_line    0x000000000000d4f0      0xf40 ./Drivers/STM32H7xx_HAL_Driver/Src/stm32h7xx_hal_pwr_ex.o
 .debug_line    0x000000000000e430     0x1487 ./Drivers/STM32H7xx_HAL_Driver/Src/stm32h7xx_hal_qspi.o
 .debug_line    0x000000000000f8b7     0x1372 ./Drivers/STM32H7xx_HAL_Driver/Src/stm32h7xx_hal_rcc.o
 .debug_line    0x0000000000010c29     0x1b3f ./Drivers/STM32H7xx_HAL_Driver/Src/stm32h7xx_hal_rcc_ex.o
 .debug_line    0x0000000000012768     0x2172 ./Drivers/STM32H7xx_HAL_Driver/Src/stm32h7xx_hal_spi.o
 .debug_line    0x00000000000148da     0x3df7 ./Drivers/STM32H7xx_HAL_Driver/Src/stm32h7xx_hal_tim.o
 .debug_line    0x00000000000186d1     0x1d61 ./Drivers/STM32H7xx_HAL_Driver/Src/stm32h7xx_hal_tim_ex.o
 .debug_line    0x000000000001a432      0xa78 ./Drivers/STM32H7xx_HAL_Driver/Src/stm32h7xx_ll_gpio.o
 .debug_line    0x000000000001aeaa     0x1bd1 ./Drivers/STM32H7xx_HAL_Driver/Src/stm32h7xx_ll_rcc.o
 .debug_line    0x000000000001ca7b     0x1007 ./Drivers/STM32H7xx_HAL_Driver/Src/stm32h7xx_ll_tim.o
 .debug_line    0x000000000001da82      0xb0a ./Drivers/STM32H7xx_HAL_Driver/Src/stm32h7xx_ll_usart.o

.debug_str      0x0000000000000000   0x17d34f
 .debug_str     0x0000000000000000   0x172c8b ./Core/Src/HUB_75.o
                                     0x1742fd (size before relaxing)
 .debug_str     0x0000000000172c8b     0x11d1 ./Core/Src/LL_UART_TEO.o
                                     0x174455 (size before relaxing)
 .debug_str     0x0000000000173e5c       0x19 ./Core/Src/PIXEL_MAPS.o
                                     0x173122 (size before relaxing)
 .debug_str     0x0000000000173e75      0x261 ./Core/Src/gpio.o
                                     0x1733d8 (size before relaxing)
 .debug_str     0x00000000001740d6      0x81a ./Core/Src/main.o
                                     0x174a0f (size before relaxing)
 .debug_str     0x00000000001748f0      0x7dc ./Core/Src/mdma.o
                                     0x173b65 (size before relaxing)
 .debug_str     0x00000000001750cc       0x6b ./Core/Src/quadspi.o
                                     0x174142 (size before relaxing)
 .debug_str     0x0000000000175137       0x41 ./Core/Src/spi.o
                                     0x1739a8 (size before relaxing)
 .debug_str     0x0000000000175178       0x2c ./Core/Src/stm32h7xx_hal_msp.o
                                     0x17333b (size before relaxing)
 .debug_str     0x00000000001751a4      0x115 ./Core/Src/stm32h7xx_it.o
                                     0x173a1a (size before relaxing)
 .debug_str     0x00000000001752b9      0x1fb ./Core/Src/system_stm32h7xx.o
                                     0x15bce0 (size before relaxing)
 .debug_str     0x00000000001754b4      0x2d3 ./Core/Src/tim.o
                                     0x174684 (size before relaxing)
 .debug_str     0x0000000000175787      0x185 ./Core/Src/usart.o
                                     0x174302 (size before relaxing)
 .debug_str     0x000000000017590c       0x36 ./Core/Startup/startup_stm32h750vbtx.o
                                         0x5a (size before relaxing)
 .debug_str     0x0000000000175942      0x769 ./Drivers/STM32H7xx_HAL_Driver/Src/stm32h7xx_hal.o
                                     0x15cc41 (size before relaxing)
 .debug_str     0x00000000001760ab      0x312 ./Drivers/STM32H7xx_HAL_Driver/Src/stm32h7xx_hal_cortex.o
                                     0x15c749 (size before relaxing)
 .debug_str     0x00000000001763bd      0x1ff ./Drivers/STM32H7xx_HAL_Driver/Src/stm32h7xx_hal_gpio.o
                                     0x15bed1 (size before relaxing)
 .debug_str     0x00000000001765bc      0x4f0 ./Drivers/STM32H7xx_HAL_Driver/Src/stm32h7xx_hal_mdma.o
                                     0x15c114 (size before relaxing)
 .debug_str     0x0000000000176aac      0x636 ./Drivers/STM32H7xx_HAL_Driver/Src/stm32h7xx_hal_pwr_ex.o
                                     0x15c28b (size before relaxing)
 .debug_str     0x00000000001770e2      0x5be ./Drivers/STM32H7xx_HAL_Driver/Src/stm32h7xx_hal_qspi.o
                                     0x15c4b4 (size before relaxing)
 .debug_str     0x00000000001776a0      0x38c ./Drivers/STM32H7xx_HAL_Driver/Src/stm32h7xx_hal_rcc.o
                                     0x15c160 (size before relaxing)
 .debug_str     0x0000000000177a2c      0x65b ./Drivers/STM32H7xx_HAL_Driver/Src/stm32h7xx_hal_rcc_ex.o
                                     0x15c612 (size before relaxing)
 .debug_str     0x0000000000178087      0x512 ./Drivers/STM32H7xx_HAL_Driver/Src/stm32h7xx_hal_spi.o
                                     0x15c450 (size before relaxing)
 .debug_str     0x0000000000178599      0xd85 ./Drivers/STM32H7xx_HAL_Driver/Src/stm32h7xx_hal_tim.o
                                     0x15ce8f (size before relaxing)
 .debug_str     0x000000000017931e      0x604 ./Drivers/STM32H7xx_HAL_Driver/Src/stm32h7xx_hal_tim_ex.o
                                     0x15c77c (size before relaxing)
 .debug_str     0x0000000000179922      0x671 ./Drivers/STM32H7xx_HAL_Driver/Src/stm32h7xx_ll_gpio.o
                                     0x15dfda (size before relaxing)
 .debug_str     0x0000000000179f93      0xea1 ./Drivers/STM32H7xx_HAL_Driver/Src/stm32h7xx_ll_rcc.o
                                     0x165548 (size before relaxing)
 .debug_str     0x000000000017ae34     0x1af1 ./Drivers/STM32H7xx_HAL_Driver/Src/stm32h7xx_ll_tim.o
                                     0x163f3d (size before relaxing)
 .debug_str     0x000000000017c925      0xa2a ./Drivers/STM32H7xx_HAL_Driver/Src/stm32h7xx_ll_usart.o
                                     0x166a4c (size before relaxing)

.comment        0x0000000000000000       0x53
 .comment       0x0000000000000000       0x53 ./Core/Src/HUB_75.o
                                         0x54 (size before relaxing)
 .comment       0x0000000000000053       0x54 ./Core/Src/LL_UART_TEO.o
 .comment       0x0000000000000053       0x54 ./Core/Src/PIXEL_MAPS.o
 .comment       0x0000000000000053       0x54 ./Core/Src/gpio.o
 .comment       0x0000000000000053       0x54 ./Core/Src/main.o
 .comment       0x0000000000000053       0x54 ./Core/Src/mdma.o
 .comment       0x0000000000000053       0x54 ./Core/Src/quadspi.o
 .comment       0x0000000000000053       0x54 ./Core/Src/spi.o
 .comment       0x0000000000000053       0x54 ./Core/Src/stm32h7xx_hal_msp.o
 .comment       0x0000000000000053       0x54 ./Core/Src/stm32h7xx_it.o