Archive member included to satisfy reference by file (symbol)

c:/st/stm32cubeide_1.3.0/stm32cubeide/plugins/com.st.stm32cube.ide.mcu.externaltools.gnu-tools-for-stm32.9-2020-q2-update.win32_1.5.0.202011040924/tools/bin/../lib/gcc/arm-none-eabi/9.3.1/../../../../arm-none-eabi/lib/thumb/v7e-m+dp/hard\libc_nano.a(lib_a-errno.o)
                              Core/Src/syscalls.o (__errno)
c:/st/stm32cubeide_1.3.0/stm32cubeide/plugins/com.st.stm32cube.ide.mcu.externaltools.gnu-tools-for-stm32.9-2020-q2-update.win32_1.5.0.202011040924/tools/bin/../lib/gcc/arm-none-eabi/9.3.1/../../../../arm-none-eabi/lib/thumb/v7e-m+dp/hard\libc_nano.a(lib_a-exit.o)
                              c:/st/stm32cubeide_1.3.0/stm32cubeide/plugins/com.st.stm32cube.ide.mcu.externaltools.gnu-tools-for-stm32.9-2020-q2-update.win32_1.5.0.202011040924/tools/bin/../lib/gcc/arm-none-eabi/9.3.1/../../../../arm-none-eabi/lib/thumb/v7e-m+dp/hard/crt0.o (exit)
c:/st/stm32cubeide_1.3.0/stm32cubeide/plugins/com.st.stm32cube.ide.mcu.externaltools.gnu-tools-for-stm32.9-2020-q2-update.win32_1.5.0.202011040924/tools/bin/../lib/gcc/arm-none-eabi/9.3.1/../../../../arm-none-eabi/lib/thumb/v7e-m+dp/hard\libc_nano.a(lib_a-impure.o)
                              c:/st/stm32cubeide_1.3.0/stm32cubeide/plugins/com.st.stm32cube.ide.mcu.externaltools.gnu-tools-for-stm32.9-2020-q2-update.win32_1.5.0.202011040924/tools/bin/../lib/gcc/arm-none-eabi/9.3.1/../../../../arm-none-eabi/lib/thumb/v7e-m+dp/hard\libc_nano.a(lib_a-exit.o) (_global_impure_ptr)
c:/st/stm32cubeide_1.3.0/stm32cubeide/plugins/com.st.stm32cube.ide.mcu.externaltools.gnu-tools-for-stm32.9-2020-q2-update.win32_1.5.0.202011040924/tools/bin/../lib/gcc/arm-none-eabi/9.3.1/../../../../arm-none-eabi/lib/thumb/v7e-m+dp/hard\libc_nano.a(lib_a-init.o)
                              c:/st/stm32cubeide_1.3.0/stm32cubeide/plugins/com.st.stm32cube.ide.mcu.externaltools.gnu-tools-for-stm32.9-2020-q2-update.win32_1.5.0.202011040924/tools/bin/../lib/gcc/arm-none-eabi/9.3.1/../../../../arm-none-eabi/lib/thumb/v7e-m+dp/hard/crt0.o (__libc_init_array)
c:/st/stm32cubeide_1.3.0/stm32cubeide/plugins/com.st.stm32cube.ide.mcu.externaltools.gnu-tools-for-stm32.9-2020-q2-update.win32_1.5.0.202011040924/tools/bin/../lib/gcc/arm-none-eabi/9.3.1/../../../../arm-none-eabi/lib/thumb/v7e-m+dp/hard\libc_nano.a(lib_a-memset.o)
                              c:/st/stm32cubeide_1.3.0/stm32cubeide/plugins/com.st.stm32cube.ide.mcu.externaltools.gnu-tools-for-stm32.9-2020-q2-update.win32_1.5.0.202011040924/tools/bin/../lib/gcc/arm-none-eabi/9.3.1/../../../../arm-none-eabi/lib/thumb/v7e-m+dp/hard/crt0.o (memset)
c:/st/stm32cubeide_1.3.0/stm32cubeide/plugins/com.st.stm32cube.ide.mcu.externaltools.gnu-tools-for-stm32.9-2020-q2-update.win32_1.5.0.202011040924/tools/bin/../lib/gcc/arm-none-eabi/9.3.1/../../../../arm-none-eabi/lib/thumb/v7e-m+dp/hard\libc_nano.a(lib_a-sprintf.o)
                              Core/Src/LL_UART_TEO.o (sprintf)
c:/st/stm32cubeide_1.3.0/stm32cubeide/plugins/com.st.stm32cube.ide.mcu.externaltools.gnu-tools-for-stm32.9-2020-q2-update.win32_1.5.0.202011040924/tools/bin/../lib/gcc/arm-none-eabi/9.3.1/../../../../arm-none-eabi/lib/thumb/v7e-m+dp/hard\libc_nano.a(lib_a-nano-svfprintf.o)
                              c:/st/stm32cubeide_1.3.0/stm32cubeide/plugins/com.st.stm32cube.ide.mcu.externaltools.gnu-tools-for-stm32.9-2020-q2-update.win32_1.5.0.202011040924/tools/bin/../lib/gcc/arm-none-eabi/9.3.1/../../../../arm-none-eabi/lib/thumb/v7e-m+dp/hard\libc_nano.a(lib_a-sprintf.o) (_svfprintf_r)
c:/st/stm32cubeide_1.3.0/stm32cubeide/plugins/com.st.stm32cube.ide.mcu.externaltools.gnu-tools-for-stm32.9-2020-q2-update.win32_1.5.0.202011040924/tools/bin/../lib/gcc/arm-none-eabi/9.3.1/../../../../arm-none-eabi/lib/thumb/v7e-m+dp/hard\libc_nano.a(lib_a-nano-vfprintf_i.o)
                              c:/st/stm32cubeide_1.3.0/stm32cubeide/plugins/com.st.stm32cube.ide.mcu.externaltools.gnu-tools-for-stm32.9-2020-q2-update.win32_1.5.0.202011040924/tools/bin/../lib/gcc/arm-none-eabi/9.3.1/../../../../arm-none-eabi/lib/thumb/v7e-m+dp/hard\libc_nano.a(lib_a-nano-svfprintf.o) (_printf_i)
c:/st/stm32cubeide_1.3.0/stm32cubeide/plugins/com.st.stm32cube.ide.mcu.externaltools.gnu-tools-for-stm32.9-2020-q2-update.win32_1.5.0.202011040924/tools/bin/../lib/gcc/arm-none-eabi/9.3.1/../../../../arm-none-eabi/lib/thumb/v7e-m+dp/hard\libc_nano.a(lib_a-memchr.o)
                              c:/st/stm32cubeide_1.3.0/stm32cubeide/plugins/com.st.stm32cube.ide.mcu.externaltools.gnu-tools-for-stm32.9-2020-q2-update.win32_1.5.0.202011040924/tools/bin/../lib/gcc/arm-none-eabi/9.3.1/../../../../arm-none-eabi/lib/thumb/v7e-m+dp/hard\libc_nano.a(lib_a-nano-svfprintf.o) (memchr)
c:/st/stm32cubeide_1.3.0/stm32cubeide/plugins/com.st.stm32cube.ide.mcu.externaltools.gnu-tools-for-stm32.9-2020-q2-update.win32_1.5.0.202011040924/tools/bin/../lib/gcc/arm-none-eabi/9.3.1/../../../../arm-none-eabi/lib/thumb/v7e-m+dp/hard\libc_nano.a(lib_a-memcpy-stub.o)
[...]
Memory Configuration

Name             Origin             Length             Attributes
DTCMRAM          0x0000000020000000 0x0000000000020000 xrw
ITCMRAM          0x0000000000000000 0x0000000000010000 xrw
RAM_D1           0x0000000024000000 0x0000000000080000 xrw
RAM_D2           0x0000000030000000 0x0000000000048000 xrw
RAM_D3           0x0000000038000000 0x0000000000010000 xrw
FLASH            0x0000000008000000 0x0000000000020000 xr
*default*        0x0000000000000000 0xffffffffffffffff

Linker script and memory map

LOAD c:/st/stm32cubeide_1.3.0/stm32cubeide/plugins/com.st.stm32cube.ide.mcu.externaltools.gnu-tools-for-stm32.9-2020-q2-update.win32_1.5.0.202011040924/tools/bin/../lib/gcc/arm-none-eabi/9.3.1/thumb/v7e-m+dp/hard/crti.o
LOAD c:/st/stm32cubeide_1.3.0/stm32cubeide/plugins/com.st.stm32cube.ide.mcu.externaltools.gnu-tools-for-stm32.9-2020-q2-update.win32_1.5.0.202011040924/tools/bin/../lib/gcc/arm-none-eabi/9.3.1/thumb/v7e-m+dp/hard/crtbegin.o
LOAD c:/st/stm32cubeide_1.3.0/stm32cubeide/plugins/com.st.stm32cube.ide.mcu.externaltools.gnu-tools-for-stm32.9-2020-q2-update.win32_1.5.0.202011040924/tools/bin/../lib/gcc/arm-none-eabi/9.3.1/../../../../arm-none-eabi/lib/thumb/v7e-m+dp/hard/crt0.o
LOAD Core/Src/HUB_75.o
LOAD Core/Src/LL_UART_TEO.o
LOAD Core/Src/Napisy.o
LOAD Core/Src/PIXEL_MAPS.o
LOAD Core/Src/String_From_UART.o
LOAD Core/Src/gpio.o
LOAD Core/Src/iwdg.o
LOAD Core/Src/main.o
LOAD Core/Src/mdma.o
LOAD Core/Src/quadspi.o
LOAD Core/Src/spi.o
LOAD Core/Src/stm32h7xx_hal_msp.o
LOAD Core/Src/stm32h7xx_it.o
LOAD Core/Src/syscalls.o
LOAD Core/Src/sysmem.o
LOAD Core/Src/system_stm32h7xx.o
LOAD Core/Src/tim.o
LOAD Core/Src/usart.o
LOAD Core/Startup/startup_stm32h750vbtx.o
LOAD Drivers/STM32H7xx_HAL_Driver/Src/stm32h7xx_hal.o
LOAD Drivers/STM32H7xx_HAL_Driver/Src/stm32h7xx_hal_cortex.o
LOAD Drivers/STM32H7xx_HAL_Driver/Src/stm32h7xx_hal_dma.o
LOAD Drivers/STM32H7xx_HAL_Driver/Src/stm32h7xx_hal_dma_ex.o
LOAD Drivers/STM32H7xx_HAL_Driver/Src/stm32h7xx_hal_exti.o
LOAD Drivers/STM32H7xx_HAL_Driver/Src/stm32h7xx_hal_flash.o
LOAD Drivers/STM32H7xx_HAL_Driver/Src/stm32h7xx_hal_flash_ex.o
LOAD Drivers/STM32H7xx_HAL_Driver/Src/stm32h7xx_hal_gpio.o
LOAD Drivers/STM32H7xx_HAL_Driver/Src/stm32h7xx_hal_hsem.o
LOAD Drivers/STM32H7xx_HAL_Driver/Src/stm32h7xx_hal_i2c.o
LOAD Drivers/STM32H7xx_HAL_Driver/Src/stm32h7xx_hal_i2c_ex.o
LOAD Drivers/STM32H7xx_HAL_Driver/Src/stm32h7xx_hal_iwdg.o
LOAD Drivers/STM32H7xx_HAL_Driver/Src/stm32h7xx_hal_mdma.o
LOAD Drivers/STM32H7xx_HAL_Driver/Src/stm32h7xx_hal_pwr.o
LOAD Drivers/STM32H7xx_HAL_Driver/Src/stm32h7xx_hal_pwr_ex.o
LOAD Drivers/STM32H7xx_HAL_Driver/Src/stm32h7xx_hal_qspi.o
LOAD Drivers/STM32H7xx_HAL_Driver/Src/stm32h7xx_hal_rcc.o
LOAD Drivers/STM32H7xx_HAL_Driver/Src/stm32h7xx_hal_rcc_ex.o
LOAD Drivers/STM32H7xx_HAL_Driver/Src/stm32h7xx_hal_spi.o
LOAD Drivers/STM32H7xx_HAL_Driver/Src/stm32h7xx_hal_spi_ex.o
LOAD Drivers/STM32H7xx_HAL_Driver/Src/stm32h7xx_hal_tim.o
LOAD Drivers/STM32H7xx_HAL_Driver/Src/stm32h7xx_hal_tim_ex.o
LOAD Drivers/STM32H7xx_HAL_Driver/Src/stm32h7xx_ll_dma.o
LOAD Drivers/STM32H7xx_HAL_Driver/Src/stm32h7xx_ll_exti.o
LOAD Drivers/STM32H7xx_HAL_Driver/Src/stm32h7xx_ll_gpio.o
LOAD Drivers/STM32H7xx_HAL_Driver/Src/stm32h7xx_ll_rcc.o
LOAD Drivers/STM32H7xx_HAL_Driver/Src/stm32h7xx_ll_tim.o
LOAD Drivers/STM32H7xx_HAL_Driver/Src/stm32h7xx_ll_usart.o
LOAD Drivers/STM32H7xx_HAL_Driver/Src/stm32h7xx_ll_utils.o
START GROUP
LOAD c:/st/stm32cubeide_1.3.0/stm32cubeide/plugins/com.st.stm32cube.ide.mcu.externaltools.gnu-tools-for-stm32.9-2020-q2-update.win32_1.5.0.202011040924/tools/bin/../lib/gcc/arm-none-eabi/9.3.1/../../../../arm-none-eabi/lib/thumb/v7e-m+dp/hard\libc_nano.a
LOAD c:/st/stm32cubeide_1.3.0/stm32cubeide/plugins/com.st.stm32cube.ide.mcu.externaltools.gnu-tools-for-stm32.9-2020-q2-update.win32_1.5.0.202011040924/tools/bin/../lib/gcc/arm-none-eabi/9.3.1/../../../../arm-none-eabi/lib/thumb/v7e-m+dp/hard\libm.a
END GROUP
START GROUP
LOAD c:/st/stm32cubeide_1.3.0/stm32cubeide/plugins/com.st.stm32cube.ide.mcu.externaltools.gnu-tools-for-stm32.9-2020-q2-update.win32_1.5.0.202011040924/tools/bin/../lib/gcc/arm-none-eabi/9.3.1/thumb/v7e-m+dp/hard\libgcc.a
LOAD c:/st/stm32cubeide_1.3.0/stm32cubeide/plugins/com.st.stm32cube.ide.mcu.externaltools.gnu-tools-for-stm32.9-2020-q2-update.win32_1.5.0.202011040924/tools/bin/../lib/gcc/arm-none-eabi/9.3.1/../../../../arm-none-eabi/lib/thumb/v7e-m+dp/hard\libc_nano.a
END GROUP
START GROUP
LOAD c:/st/stm32cubeide_1.3.0/stm32cubeide/plugins/com.st.stm32cube.ide.mcu.externaltools.gnu-tools-for-stm32.9-2020-q2-update.win32_1.5.0.202011040924/tools/bin/../lib/gcc/arm-none-eabi/9.3.1/thumb/v7e-m+dp/hard\libgcc.a
LOAD c:/st/stm32cubeide_1.3.0/stm32cubeide/plugins/com.st.stm32cube.ide.mcu.externaltools.gnu-tools-for-stm32.9-2020-q2-update.win32_1.5.0.202011040924/tools/bin/../lib/gcc/arm-none-eabi/9.3.1/../../../../arm-none-eabi/lib/thumb/v7e-m+dp/hard\libc_nano.a
LOAD c:/st/stm32cubeide_1.3.0/stm32cubeide/plugins/com.st.stm32cube.ide.mcu.externaltools.gnu-tools-for-stm32.9-2020-q2-update.win32_1.5.0.202011040924/tools/bin/../lib/gcc/arm-none-eabi/9.3.1/../../../../arm-none-eabi/lib/thumb/v7e-m+dp/hard\libnosys.a
END GROUP
START GROUP
LOAD c:/st/stm32cubeide_1.3.0/stm32cubeide/plugins/com.st.stm32cube.ide.mcu.externaltools.gnu-tools-for-stm32.9-2020-q2-update.win32_1.5.0.202011040924/tools/bin/../lib/gcc/arm-none-eabi/9.3.1/thumb/v7e-m+dp/hard\libgcc.a
LOAD c:/st/stm32cubeide_1.3.0/stm32cubeide/plugins/com.st.stm32cube.ide.mcu.externaltools.gnu-tools-for-stm32.9-2020-q2-update.win32_1.5.0.202011040924/tools/bin/../lib/gcc/arm-none-eabi/9.3.1/../../../../arm-none-eabi/lib/thumb/v7e-m+dp/hard\libc_nano.a
LOAD c:/st/stm32cubeide_1.3.0/stm32cubeide/plugins/com.st.stm32cube.ide.mcu.externaltools.gnu-tools-for-stm32.9-2020-q2-update.win32_1.5.0.202011040924/tools/bin/../lib/gcc/arm-none-eabi/9.3.1/../../../../arm-none-eabi/lib/thumb/v7e-m+dp/hard\libnosys.a
END GROUP
LOAD c:/st/stm32cubeide_1.3.0/stm32cubeide/plugins/com.st.stm32cube.ide.mcu.externaltools.gnu-tools-for-stm32.9-2020-q2-update.win32_1.5.0.202011040924/tools/bin/../lib/gcc/arm-none-eabi/9.3.1/thumb/v7e-m+dp/hard/crtend.o
LOAD c:/st/stm32cubeide_1.3.0/stm32cubeide/plugins/com.st.stm32cube.ide.mcu.externaltools.gnu-tools-for-stm32.9-2020-q2-update.win32_1.5.0.202011040924/tools/bin/../lib/gcc/arm-none-eabi/9.3.1/thumb/v7e-m+dp/hard/crtn.o
                0x0000000024080000                _estack = (ORIGIN (RAM_D1) + LENGTH (RAM_D1))
                0x0000000000000200                _Min_Heap_Size = 0x200
                0x0000000000000400                _Min_Stack_Size = 0x400

.isr_vector     0x0000000008000000      0x298
                0x0000000008000000                . = ALIGN (0x4)
 *(.isr_vector)
 .isr_vector    0x0000000008000000      0x298 Core/Startup/startup_stm32h750vbtx.o
                0x0000000008000000                g_pfnVectors
                0x0000000008000298                . = ALIGN (0x4)

.text           0x00000000080002a0     0xe674
                0x00000000080002a0                . = ALIGN (0x4)
 *(.text)
 .text          0x00000000080002a0       0x40 c:/st/stm32cubeide_1.3.0/stm32cubeide/plugins/com.st.stm32cube.ide.mcu.externaltools.gnu-tools-for-stm32.9-2020-q2-update.win32_1.5.0.202011040924/tools/bin/../lib/gcc/arm-none-eabi/9.3.1/thumb/v7e-m+dp/hard/crtbegin.o
 .text          0x00000000080002e0       0xa0 c:/st/stm32cubeide_1.3.0/stm32cubeide/plugins/com.st.stm32cube.ide.mcu.externaltools.gnu-tools-for-stm32.9-2020-q2-update.win32_1.5.0.202011040924/tools/bin/../lib/gcc/arm-none-eabi/9.3.1/../../../../arm-none-eabi/lib/thumb/v7e-m+dp/hard\libc_nano.a(lib_a-memchr.o)
                0x00000000080002e0                memchr
 *(.text*)
 .text.LL_TIM_EnableCounter
                0x0000000008000380       0x20 Core/Src/HUB_75.o
 .text.LL_TIM_EnableIT_CC1
                0x00000000080003a0       0x20 Core/Src/HUB_75.o
 .text.TIM5_CallBack
                0x00000000080003c0       0x24 Core/Src/HUB_75.o
                0x00000000080003c0                TIM5_CallBack
 .text.Send_BUF_IN_SCR
                0x00000000080003e4      0x248 Core/Src/HUB_75.o
                0x00000000080003e4                Send_BUF_IN_SCR
 .text.PrepareFullBuffer
                0x000000000800062c       0xac Core/Src/HUB_75.o
                0x000000000800062c                PrepareFullBuffer
 .text.PrepareRow
                0x00000000080006d8      0x18a Core/Src/HUB_75.o
                0x00000000080006d8                PrepareRow
 .text.PrepareRowPart
                0x0000000008000862      0x506 Core/Src/HUB_75.o
                0x0000000008000862                PrepareRowPart
 .text.HAL_QSPI_TxCpltCallback
                0x0000000008000d68       0x5c Core/Src/HUB_75.o
                0x0000000008000d68                HAL_QSPI_TxCpltCallback
 .text.HUB_75_INIT
                0x0000000008000dc4       0x94 Core/Src/HUB_75.o
                0x0000000008000dc4                HUB_75_INIT
 .text.Select_Send_Buf
                0x0000000008000e58       0x5c Core/Src/HUB_75.o
                0x0000000008000e58                Select_Send_Buf
 .text.Verical_Scroll_Flow_withHOLD
                0x0000000008000eb4      0x134 Core/Src/HUB_75.o
                0x0000000008000eb4                Verical_Scroll_Flow_withHOLD
 .text.Vertical_Scroll_Flow
                0x0000000008000fe8      0x150 Core/Src/HUB_75.o
                0x0000000008000fe8                Vertical_Scroll_Flow
 .text.Viewing_BitMapBy_Time
                0x0000000008001138       0x6c Core/Src/HUB_75.o
                0x0000000008001138                Viewing_BitMapBy_Time
 .text.Horizontal_SCROLL
                0x00000000080011a4      0x130 Core/Src/HUB_75.o
                0x00000000080011a4                Horizontal_SCROLL
 .text.HOR_SCROLL_PROCES
                0x00000000080012d4      0x18c Core/Src/HUB_75.o
                0x00000000080012d4                HOR_SCROLL_PROCES
 .text.LL_USART_IsActiveFlag_RXNE_RXFNE
                0x0000000008001460       0x26 Core/Src/LL_UART_TEO.o
 .text.LL_USART_IsActiveFlag_TC
                0x0000000008001486       0x26 Core/Src/LL_UART_TEO.o
 .text.LL_USART_IsActiveFlag_TXE_TXFNF
                0x00000000080014ac       0x26 Core/Src/LL_UART_TEO.o
 .text.LL_USART_ClearFlag_ORE
                0x00000000080014d2       0x1a Core/Src/LL_UART_TEO.o
 .text.LL_USART_ClearFlag_TC
                0x00000000080014ec       0x1a Core/Src/LL_UART_TEO.o
 .text.LL_USART_EnableIT_RXNE_RXFNE
                0x0000000008001506       0x20 Core/Src/LL_UART_TEO.o
 .text.LL_USART_EnableIT_TC
                0x0000000008001526       0x20 Core/Src/LL_UART_TEO.o
 .text.LL_USART_EnableIT_TXE_TXFNF
                0x0000000008001546       0x20 Core/Src/LL_UART_TEO.o
 .text.LL_USART_EnableIT_ERROR
                0x0000000008001566       0x20 Core/Src/LL_UART_TEO.o
 .text.LL_USART_DisableIT_TXE_TXFNF
                0x0000000008001586       0x20 Core/Src/LL_UART_TEO.o
 .text.LL_USART_IsEnabledIT_RXNE_RXFNE
                0x00000000080015a6       0x26 Core/Src/LL_UART_TEO.o
 .text.LL_USART_IsEnabledIT_TC
                0x00000000080015cc       0x26 Core/Src/LL_UART_TEO.o
 .text.LL_USART_IsEnabledIT_TXE_TXFNF
                0x00000000080015f2       0x26 Core/Src/LL_UART_TEO.o
 .text.LL_USART_ReceiveData8
                0x0000000008001618       0x1a Core/Src/LL_UART_TEO.o
 .text.LL_USART_TransmitData8
                0x0000000008001632       0x1e Core/Src/LL_UART_TEO.o
 .text.INIT_UART3
                0x0000000008001650       0x64 Core/Src/LL_UART_TEO.o
                0x0000000008001650                INIT_UART3
 .text.InitEcho
                0x00000000080016b4       0x2e Core/Src/LL_UART_TEO.o
                0x00000000080016b4                InitEcho
 *fill*         0x00000000080016e2        0x2 
 .text.HandleEcho
                0x00000000080016e4      0x138 Core/Src/LL_UART_TEO.o
                0x00000000080016e4                HandleEcho
 .text.USART_CharReception_Callback
                0x000000000800181c       0x30 Core/Src/LL_UART_TEO.o
                0x000000000800181c                USART_CharReception_Callback
 .text.Print_Data
                0x000000000800184c       0x44 Core/Src/LL_UART_TEO.o
                0x000000000800184c                Print_Data
 .text.USART_TXEmpty_Callback
                0x0000000008001890       0x58 Core/Src/LL_UART_TEO.o
                0x0000000008001890                USART_TXEmpty_Callback
 .text.USART_CharTransmitComplete_Callback
                0x00000000080018e8       0x2a Core/Src/LL_UART_TEO.o
                0x00000000080018e8                USART_CharTransmitComplete_Callback
 .text.TUART_CallBack_IRQ
                0x0000000008001912       0x8c Core/Src/LL_UART_TEO.o
                0x0000000008001912                TUART_CallBack_IRQ
 *fill*         0x000000000800199e        0x2 
 .text.Create_String_buffer
                0x00000000080019a0       0xd4 Core/Src/Napisy.o
                0x00000000080019a0                Create_String_buffer
 .text.Insert_Font_in_BUF
                0x0000000008001a74      0x1b0 Core/Src/Napisy.o
                0x0000000008001a74                Insert_Font_in_BUF
 .text.get_bit  0x0000000008001c24       0x2c Core/Src/Napisy.o
                0x0000000008001c24                get_bit
 .text.get_font
                0x0000000008001c50      0x128 Core/Src/Napisy.o
                0x0000000008001c50                get_font
 .text.siding_font
                0x0000000008001d78       0xf8 Core/Src/Napisy.o
                0x0000000008001d78                siding_font
 .text.change_font_color
                0x0000000008001e70       0x48 Core/Src/Napisy.o
                0x0000000008001e70                change_font_color
 .text.Odczytaj_znak_S16_uc8
                0x0000000008001eb8     0x442c Core/Src/Napisy.o
                0x0000000008001eb8                Odczytaj_znak_S16_uc8
 .text.Conv_String_From_UART_BMP
                0x00000000080062e4      0x128 Core/Src/String_From_UART.o
                0x00000000080062e4                Conv_String_From_UART_BMP
 .text.get_color_value
                0x000000000800640c       0xa8 Core/Src/String_From_UART.o
                0x000000000800640c                get_color_value
 .text.Set_Flag_String_From_Usart
                0x00000000080064b4       0x30 Core/Src/String_From_UART.o
                0x00000000080064b4                Set_Flag_String_From_Usart
 .text.MX_GPIO_Init
                0x00000000080064e4      0x184 Core/Src/gpio.o
                0x00000000080064e4                MX_GPIO_Init
 .text.MX_IWDG1_Init
                0x0000000008006668       0x3c Core/Src/iwdg.o
                0x0000000008006668                MX_IWDG1_Init
 .text.main     0x00000000080066a4      0x588 Core/Src/main.o
                0x00000000080066a4                main
 .text.SystemClock_Config
                0x0000000008006c2c      0x110 Core/Src/main.o
                0x0000000008006c2c                SystemClock_Config
 .text.PeriphCommonClock_Config
                0x0000000008006d3c       0x60 Core/Src/main.o
                0x0000000008006d3c                PeriphCommonClock_Config
 .text.Error_Handler
                0x0000000008006d9c        0xe Core/Src/main.o
                0x0000000008006d9c                Error_Handler
 *fill*         0x0000000008006daa        0x2 
 .text.MX_MDMA_Init
                0x0000000008006dac       0x40 Core/Src/mdma.o
                0x0000000008006dac                MX_MDMA_Init
 .text.MX_QUADSPI_Init
                0x0000000008006dec       0x58 Core/Src/quadspi.o
                0x0000000008006dec                MX_QUADSPI_Init
 .text.HAL_QSPI_MspInit
                0x0000000008006e44      0x1c0 Core/Src/quadspi.o
                0x0000000008006e44                HAL_QSPI_MspInit
 .text.MX_SPI2_Init
                0x0000000008007004       0xac Core/Src/spi.o
                0x0000000008007004                MX_SPI2_Init
 .text.HAL_SPI_MspInit
                0x00000000080070b0       0xd8 Core/Src/spi.o
                0x00000000080070b0                HAL_SPI_MspInit
 .text.HAL_MspInit
                0x0000000008007188       0x34 Core/Src/stm32h7xx_hal_msp.o
                0x0000000008007188                HAL_MspInit
 .text.LL_TIM_ClearFlag_CC1
                0x00000000080071bc       0x1c Core/Src/stm32h7xx_it.o
 .text.NMI_Handler
                0x00000000080071d8        0xe Core/Src/stm32h7xx_it.o
                0x00000000080071d8                NMI_Handler
 .text.HardFault_Handler
                0x00000000080071e6        0x6 Core/Src/stm32h7xx_it.o
                0x00000000080071e6                HardFault_Handler
 .text.MemManage_Handler
                0x00000000080071ec        0x6 Core/Src/stm32h7xx_it.o
                0x00000000080071ec                MemManage_Handler
 .text.BusFault_Handler
                0x00000000080071f2        0x6 Core/Src/stm32h7xx_it.o
                0x00000000080071f2                BusFault_Handler
 .text.UsageFault_Handler
                0x00000000080071f8        0x6 Core/Src/stm32h7xx_it.o
                0x00000000080071f8                UsageFault_Handler
 .text.SVC_Handler
                0x00000000080071fe        0xe Core/Src/stm32h7xx_it.o
                0x00000000080071fe                SVC_Handler
 .text.DebugMon_Handler
                0x000000000800720c        0xe Core/Src/stm32h7xx_it.o
                0x000000000800720c                DebugMon_Handler
 .text.PendSV_Handler
                0x000000000800721a        0xe Core/Src/stm32h7xx_it.o
                0x000000000800721a                PendSV_Handler
 .text.SysTick_Handler
                0x0000000008007228        0xc Core/Src/stm32h7xx_it.o
                0x0000000008007228                SysTick_Handler
 .text.TIM2_IRQHandler
                0x0000000008007234       0x20 Core/Src/stm32h7xx_it.o
                0x0000000008007234                TIM2_IRQHandler
 .text.TIM3_IRQHandler
                0x0000000008007254        0xe Core/Src/stm32h7xx_it.o
                0x0000000008007254                TIM3_IRQHandler
 *fill*         0x0000000008007262        0x2 
 .text.USART3_IRQHandler
                0x0000000008007264       0x14 Core/Src/stm32h7xx_it.o
                0x0000000008007264                USART3_IRQHandler
 .text.TIM5_IRQHandler
                0x0000000008007278       0x18 Core/Src/stm32h7xx_it.o
                0x0000000008007278                TIM5_IRQHandler
 .text.QUADSPI_IRQHandler
                0x0000000008007290       0x14 Core/Src/stm32h7xx_it.o
                0x0000000008007290                QUADSPI_IRQHandler
 .text.MDMA_IRQHandler
                0x00000000080072a4       0x14 Core/Src/stm32h7xx_it.o
                0x00000000080072a4                MDMA_IRQHandler
 .text._sbrk    0x00000000080072b8       0x6c Core/Src/sysmem.o
                0x00000000080072b8                _sbrk
 .text.SystemInit
                0x0000000008007324       0xc4 Core/Src/system_stm32h7xx.o
                0x0000000008007324                SystemInit
 .text.__NVIC_GetPriorityGrouping
                0x00000000080073e8       0x1c Core/Src/tim.o
 .text.__NVIC_EnableIRQ
                0x0000000008007404       0x3c Core/Src/tim.o
 .text.__NVIC_SetPriority
                0x0000000008007440       0x54 Core/Src/tim.o
 .text.NVIC_EncodePriority
                0x0000000008007494       0x66 Core/Src/tim.o
 .text.LL_TIM_DisableARRPreload
                0x00000000080074fa       0x20 Core/Src/tim.o
 *fill*         0x000000000800751a        0x2 
 .text.LL_TIM_SetClockSource
                0x000000000800751c       0x2c Core/Src/tim.o
 .text.LL_TIM_SetTriggerOutput
                0x0000000008007548       0x26 Core/Src/tim.o
 .text.LL_TIM_DisableMasterSlaveMode
                0x000000000800756e       0x20 Core/Src/tim.o
 *fill*         0x000000000800758e        0x2 
 .text.LL_APB1_GRP1_EnableClock
                0x0000000008007590       0x38 Core/Src/tim.o
 .text.MX_TIM2_Init
                0x00000000080075c8       0x82 Core/Src/tim.o
                0x00000000080075c8                MX_TIM2_Init
 *fill*         0x000000000800764a        0x2 
 .text.MX_TIM3_Init
                0x000000000800764c       0x7c Core/Src/tim.o
                0x000000000800764c                MX_TIM3_Init
 .text.MX_TIM4_Init
                0x00000000080076c8       0xec Core/Src/tim.o
                0x00000000080076c8                MX_TIM4_Init
 .text.MX_TIM5_Init
                0x00000000080077b4       0x7c Core/Src/tim.o
                0x00000000080077b4                MX_TIM5_Init
 .text.HAL_TIM_Base_MspInit
                0x0000000008007830       0x44 Core/Src/tim.o
                0x0000000008007830                HAL_TIM_Base_MspInit
 .text.HAL_TIM_MspPostInit
                0x0000000008007874       0x78 Core/Src/tim.o
                0x0000000008007874                HAL_TIM_MspPostInit
 .text.__NVIC_GetPriorityGrouping
                0x00000000080078ec       0x1c Core/Src/usart.o
 .text.__NVIC_EnableIRQ
                0x0000000008007908       0x3c Core/Src/usart.o
 .text.__NVIC_SetPriority
                0x0000000008007944       0x54 Core/Src/usart.o
 .text.NVIC_EncodePriority
                0x0000000008007998       0x66 Core/Src/usart.o
 .text.LL_USART_Enable
                0x00000000080079fe       0x20 Core/Src/usart.o
 .text.LL_USART_DisableFIFO
                0x0000000008007a1e       0x20 Core/Src/usart.o
 .text.LL_USART_SetTXFIFOThreshold
                0x0000000008007a3e       0x28 Core/Src/usart.o
 .text.LL_USART_SetRXFIFOThreshold
                0x0000000008007a66       0x28 Core/Src/usart.o
 .text.LL_USART_ConfigAsyncMode
                0x0000000008007a8e       0x2c Core/Src/usart.o
 .text.LL_USART_IsActiveFlag_TEACK
                0x0000000008007aba       0x28 Core/Src/usart.o
 .text.LL_USART_IsActiveFlag_REACK
                0x0000000008007ae2       0x28 Core/Src/usart.o
 *fill*         0x0000000008007b0a        0x2 
 .text.LL_AHB4_GRP1_EnableClock
                0x0000000008007b0c       0x38 Core/Src/usart.o
 .text.LL_APB1_GRP1_EnableClock
                0x0000000008007b44       0x38 Core/Src/usart.o
 .text.MX_USART3_UART_Init
                0x0000000008007b7c      0x138 Core/Src/usart.o
                0x0000000008007b7c                MX_USART3_UART_Init
 .text.Reset_Handler
                0x0000000008007cb4       0x50 Core/Startup/startup_stm32h750vbtx.o
                0x0000000008007cb4                Reset_Handler
 .text.Default_Handler
                0x0000000008007d04        0x2 Core/Startup/startup_stm32h750vbtx.o
                0x0000000008007d04                RTC_Alarm_IRQHandler
                0x0000000008007d04                HASH_RNG_IRQHandler
                0x0000000008007d04                EXTI2_IRQHandler
                0x0000000008007d04                TIM8_CC_IRQHandler
                0x0000000008007d04                HRTIM1_Master_IRQHandler
                0x0000000008007d04                UART8_IRQHandler
                0x0000000008007d04                SPI4_IRQHandler
                0x0000000008007d04                TIM1_CC_IRQHandler
                0x0000000008007d04                BDMA_Channel6_IRQHandler
                0x0000000008007d04                DMA2_Stream5_IRQHandler
                0x0000000008007d04                HRTIM1_FLT_IRQHandler
                0x0000000008007d04                JPEG_IRQHandler
                0x0000000008007d04                DMA1_Stream5_IRQHandler
                0x0000000008007d04                BDMA_Channel1_IRQHandler
                0x0000000008007d04                HRTIM1_TIMD_IRQHandler
                0x0000000008007d04                TAMP_STAMP_IRQHandler
                0x0000000008007d04                EXTI3_IRQHandler
                0x0000000008007d04                LPTIM4_IRQHandler
                0x0000000008007d04                TIM8_TRG_COM_TIM14_IRQHandler
                0x0000000008007d04                LPTIM2_IRQHandler
                0x0000000008007d04                DFSDM1_FLT1_IRQHandler
                0x0000000008007d04                DMAMUX2_OVR_IRQHandler
                0x0000000008007d04                TIM8_UP_TIM13_IRQHandler
                0x0000000008007d04                I2C3_ER_IRQHandler
                0x0000000008007d04                DFSDM1_FLT2_IRQHandler
                0x0000000008007d04                LPTIM3_IRQHandler
                0x0000000008007d04                HSEM1_IRQHandler
                0x0000000008007d04                EXTI0_IRQHandler
                0x0000000008007d04                I2C2_EV_IRQHandler
                0x0000000008007d04                DMA1_Stream2_IRQHandler
                0x0000000008007d04                FPU_IRQHandler
                0x0000000008007d04                OTG_HS_WKUP_IRQHandler
                0x0000000008007d04                FDCAN1_IT1_IRQHandler
                0x0000000008007d04                LTDC_ER_IRQHandler
                0x0000000008007d04                DMA2_Stream2_IRQHandler
                0x0000000008007d04                HRTIM1_TIME_IRQHandler
                0x0000000008007d04                SPI1_IRQHandler
                0x0000000008007d04                TIM6_DAC_IRQHandler
                0x0000000008007d04                DCMI_IRQHandler
                0x0000000008007d04                HRTIM1_TIMC_IRQHandler
                0x0000000008007d04                DMA2_Stream3_IRQHandler
                0x0000000008007d04                SAI2_IRQHandler
                0x0000000008007d04                DFSDM1_FLT3_IRQHandler
                0x0000000008007d04                USART6_IRQHandler
                0x0000000008007d04                TIM17_IRQHandler
                0x0000000008007d04                BDMA_Channel7_IRQHandler
                0x0000000008007d04                CRYP_IRQHandler
                0x0000000008007d04                LPTIM5_IRQHandler
                0x0000000008007d04                UART5_IRQHandler
                0x0000000008007d04                ADC3_IRQHandler
                0x0000000008007d04                DMA2_Stream0_IRQHandler
                0x0000000008007d04                TIM4_IRQHandler
                0x0000000008007d04                BDMA_Channel2_IRQHandler
                0x0000000008007d04                I2C1_EV_IRQHandler
                0x0000000008007d04                DMA1_Stream6_IRQHandler
                0x0000000008007d04                DMAMUX1_OVR_IRQHandler
                0x0000000008007d04                DMA1_Stream1_IRQHandler
                0x0000000008007d04                TIM16_IRQHandler
                0x0000000008007d04                UART4_IRQHandler
                0x0000000008007d04                BDMA_Channel5_IRQHandler
                0x0000000008007d04                RCC_IRQHandler
                0x0000000008007d04                TIM8_BRK_TIM12_IRQHandler
                0x0000000008007d04                TIM1_TRG_COM_IRQHandler
                0x0000000008007d04                Default_Handler
                0x0000000008007d04                ECC_IRQHandler
                0x0000000008007d04                CEC_IRQHandler
                0x0000000008007d04                EXTI15_10_IRQHandler
                0x0000000008007d04                BDMA_Channel0_IRQHandler
                0x0000000008007d04                ADC_IRQHandler
                0x0000000008007d04                DMA1_Stream7_IRQHandler
                0x0000000008007d04                HRTIM1_TIMA_IRQHandler
                0x0000000008007d04                SPI5_IRQHandler
                0x0000000008007d04                TIM7_IRQHandler
                0x0000000008007d04                SDMMC1_IRQHandler
                0x0000000008007d04                DMA2_Stream7_IRQHandler
                0x0000000008007d04                TIM15_IRQHandler
                0x0000000008007d04                PVD_AVD_IRQHandler
                0x0000000008007d04                I2C3_EV_IRQHandler
                0x0000000008007d04                EXTI9_5_IRQHandler
                0x0000000008007d04                RTC_WKUP_IRQHandler
                0x0000000008007d04                LTDC_IRQHandler
                0x0000000008007d04                SAI3_IRQHandler
                0x0000000008007d04                ETH_WKUP_IRQHandler
                0x0000000008007d04                SPDIF_RX_IRQHandler
                0x0000000008007d04                SPI2_IRQHandler
                0x0000000008007d04                OTG_HS_EP1_IN_IRQHandler
                0x0000000008007d04                DMA1_Stream0_IRQHandler
                0x0000000008007d04                CRS_IRQHandler
                0x0000000008007d04                EXTI4_IRQHandler
                0x0000000008007d04                HRTIM1_TIMB_IRQHandler
                0x0000000008007d04                FDCAN2_IT1_IRQHandler
                0x0000000008007d04                ETH_IRQHandler
                0x0000000008007d04                TIM1_UP_IRQHandler
                0x0000000008007d04                BDMA_Channel4_IRQHandler
                0x0000000008007d04                OTG_HS_EP1_OUT_IRQHandler
                0x0000000008007d04                WWDG_IRQHandler
                0x0000000008007d04                SPI6_IRQHandler
                0x0000000008007d04                MDIOS_IRQHandler
                0x0000000008007d04                I2C4_EV_IRQHandler
                0x0000000008007d04                FDCAN2_IT0_IRQHandler
                0x0000000008007d04                LPUART1_IRQHandler
                0x0000000008007d04                FDCAN1_IT0_IRQHandler
                0x0000000008007d04                OTG_FS_WKUP_IRQHandler
                0x0000000008007d04                OTG_HS_IRQHandler
                0x0000000008007d04                DMA2D_IRQHandler
                0x0000000008007d04                TIM1_BRK_IRQHandler
                0x0000000008007d04                EXTI1_IRQHandler
                0x0000000008007d04                SDMMC2_IRQHandler
                0x0000000008007d04                OTG_FS_EP1_OUT_IRQHandler
                0x0000000008007d04                BDMA_Channel3_IRQHandler
                0x0000000008007d04                UART7_IRQHandler
                0x0000000008007d04                MDIOS_WKUP_IRQHandler
                0x0000000008007d04                USART2_IRQHandler
                0x0000000008007d04                DFSDM1_FLT0_IRQHandler
                0x0000000008007d04                SAI4_IRQHandler
                0x0000000008007d04                I2C2_ER_IRQHandler
                0x0000000008007d04                DMA2_Stream1_IRQHandler
                0x0000000008007d04                FLASH_IRQHandler
                0x0000000008007d04                DMA2_Stream4_IRQHandler
                0x0000000008007d04                USART1_IRQHandler
                0x0000000008007d04                OTG_FS_IRQHandler
                0x0000000008007d04                SPI3_IRQHandler
                0x0000000008007d04                WAKEUP_PIN_IRQHandler
                0x0000000008007d04                DMA1_Stream4_IRQHandler
                0x0000000008007d04                OTG_FS_EP1_IN_IRQHandler
                0x0000000008007d04                I2C1_ER_IRQHandler
                0x0000000008007d04                FMC_IRQHandler
                0x0000000008007d04                FDCAN_CAL_IRQHandler
                0x0000000008007d04                SWPMI1_IRQHandler
                0x0000000008007d04                COMP1_IRQHandler
                0x0000000008007d04                LPTIM1_IRQHandler
                0x0000000008007d04                I2C4_ER_IRQHandler
                0x0000000008007d04                DMA2_Stream6_IRQHandler
                0x0000000008007d04                SAI1_IRQHandler
                0x0000000008007d04                DMA1_Stream3_IRQHandler
 *fill*         0x0000000008007d06        0x2 
 .text.HAL_Init
                0x0000000008007d08       0x78 Drivers/STM32H7xx_HAL_Driver/Src/stm32h7xx_hal.o
                0x0000000008007d08                HAL_Init
 .text.HAL_InitTick
                0x0000000008007d80       0x6c Drivers/STM32H7xx_HAL_Driver/Src/stm32h7xx_hal.o
                0x0000000008007d80                HAL_InitTick
 .text.HAL_IncTick
                0x0000000008007dec       0x28 Drivers/STM32H7xx_HAL_Driver/Src/stm32h7xx_hal.o
                0x0000000008007dec                HAL_IncTick
 .text.HAL_GetTick
                0x0000000008007e14       0x18 Drivers/STM32H7xx_HAL_Driver/Src/stm32h7xx_hal.o
                0x0000000008007e14                HAL_GetTick
 .text.HAL_GetREVID
                0x0000000008007e2c       0x18 Drivers/STM32H7xx_HAL_Driver/Src/stm32h7xx_hal.o
                0x0000000008007e2c                HAL_GetREVID
 .text.__NVIC_SetPriorityGrouping
                0x0000000008007e44       0x48 Drivers/STM32H7xx_HAL_Driver/Src/stm32h7xx_hal_cortex.o
 .text.__NVIC_GetPriorityGrouping
                0x0000000008007e8c       0x1c Drivers/STM32H7xx_HAL_Driver/Src/stm32h7xx_hal_cortex.o
 .text.__NVIC_EnableIRQ
                0x0000000008007ea8       0x3c Drivers/STM32H7xx_HAL_Driver/Src/stm32h7xx_hal_cortex.o
 .text.__NVIC_SetPriority
                0x0000000008007ee4       0x54 Drivers/STM32H7xx_HAL_Driver/Src/stm32h7xx_hal_cortex.o
 .text.NVIC_EncodePriority
                0x0000000008007f38       0x66 Drivers/STM32H7xx_HAL_Driver/Src/stm32h7xx_hal_cortex.o
 *fill*         0x0000000008007f9e        0x2 
 .text.SysTick_Config
                0x0000000008007fa0       0x44 Drivers/STM32H7xx_HAL_Driver/Src/stm32h7xx_hal_cortex.o
 .text.HAL_NVIC_SetPriorityGrouping
                0x0000000008007fe4       0x16 Drivers/STM32H7xx_HAL_Driver/Src/stm32h7xx_hal_cortex.o
                0x0000000008007fe4                HAL_NVIC_SetPriorityGrouping
 .text.HAL_NVIC_SetPriority
                0x0000000008007ffa       0x34 Drivers/STM32H7xx_HAL_Driver/Src/stm32h7xx_hal_cortex.o
                0x0000000008007ffa                HAL_NVIC_SetPriority
 .text.HAL_NVIC_EnableIRQ
                0x000000000800802e       0x1c Drivers/STM32H7xx_HAL_Driver/Src/stm32h7xx_hal_cortex.o
                0x000000000800802e                HAL_NVIC_EnableIRQ
 .text.HAL_SYSTICK_Config
                0x000000000800804a       0x18 Drivers/STM32H7xx_HAL_Driver/Src/stm32h7xx_hal_cortex.o
                0x000000000800804a                HAL_SYSTICK_Config
 *fill*         0x0000000008008062        0x2 
 .text.HAL_GPIO_Init
                0x0000000008008064      0x360 Drivers/STM32H7xx_HAL_Driver/Src/stm32h7xx_hal_gpio.o
                0x0000000008008064                HAL_GPIO_Init
 .text.HAL_GPIO_WritePin
                0x00000000080083c4       0x32 Drivers/STM32H7xx_HAL_Driver/Src/stm32h7xx_hal_gpio.o
                0x00000000080083c4                HAL_GPIO_WritePin
 .text.HAL_GPIO_TogglePin
                0x00000000080083f6       0x34 Drivers/STM32H7xx_HAL_Driver/Src/stm32h7xx_hal_gpio.o
                0x00000000080083f6                HAL_GPIO_TogglePin
 .text.HAL_IWDG_Init
                0x000000000800842a       0x9e Drivers/STM32H7xx_HAL_Driver/Src/stm32h7xx_hal_iwdg.o
                0x000000000800842a                HAL_IWDG_Init
 .text.HAL_IWDG_Refresh
                0x00000000080084c8       0x20 Drivers/STM32H7xx_HAL_Driver/Src/stm32h7xx_hal_iwdg.o
                0x00000000080084c8                HAL_IWDG_Refresh
 .text.HAL_MDMA_Init
                0x00000000080084e8       0x98 Drivers/STM32H7xx_HAL_Driver/Src/stm32h7xx_hal_mdma.o
                0x00000000080084e8                HAL_MDMA_Init
 .text.HAL_MDMA_ConfigPostRequestMask
                0x0000000008008580       0xa4 Drivers/STM32H7xx_HAL_Driver/Src/stm32h7xx_hal_mdma.o
                0x0000000008008580                HAL_MDMA_ConfigPostRequestMask
 .text.HAL_MDMA_Start_IT
                0x0000000008008624      0x102 Drivers/STM32H7xx_HAL_Driver/Src/stm32h7xx_hal_mdma.o
                0x0000000008008624                HAL_MDMA_Start_IT
 .text.HAL_MDMA_Abort_IT
                0x0000000008008726       0x4e Drivers/STM32H7xx_HAL_Driver/Src/stm32h7xx_hal_mdma.o
                0x0000000008008726                HAL_MDMA_Abort_IT
 .text.HAL_MDMA_IRQHandler
                0x0000000008008774      0x2ac Drivers/STM32H7xx_HAL_Driver/Src/stm32h7xx_hal_mdma.o
                0x0000000008008774                HAL_MDMA_IRQHandler
 .text.MDMA_SetConfig
                0x0000000008008a20       0xe0 Drivers/STM32H7xx_HAL_Driver/Src/stm32h7xx_hal_mdma.o
 .text.MDMA_Init
                0x0000000008008b00      0x130 Drivers/STM32H7xx_HAL_Driver/Src/stm32h7xx_hal_mdma.o
 .text.HAL_PWREx_ConfigSupply
                0x0000000008008c30       0x74 Drivers/STM32H7xx_HAL_Driver/Src/stm32h7xx_hal_pwr_ex.o
                0x0000000008008c30                HAL_PWREx_ConfigSupply
 .text.HAL_QSPI_Init
                0x0000000008008ca4       0xe8 Drivers/STM32H7xx_HAL_Driver/Src/stm32h7xx_hal_qspi.o
                0x0000000008008ca4                HAL_QSPI_Init
 .text.HAL_QSPI_IRQHandler
                0x0000000008008d8c      0x374 Drivers/STM32H7xx_HAL_Driver/Src/stm32h7xx_hal_qspi.o
                0x0000000008008d8c                HAL_QSPI_IRQHandler
 .text.HAL_QSPI_Command
                0x0000000008009100       0xbc Drivers/STM32H7xx_HAL_Driver/Src/stm32h7xx_hal_qspi.o
                0x0000000008009100                HAL_QSPI_Command
 .text.HAL_QSPI_Transmit_DMA
                0x00000000080091bc      0x1d8 Drivers/STM32H7xx_HAL_Driver/Src/stm32h7xx_hal_qspi.o
                0x00000000080091bc                HAL_QSPI_Transmit_DMA
 .text.HAL_QSPI_ErrorCallback
                0x0000000008009394       0x14 Drivers/STM32H7xx_HAL_Driver/Src/stm32h7xx_hal_qspi.o
                0x0000000008009394                HAL_QSPI_ErrorCallback
 .text.HAL_QSPI_AbortCpltCallback
                0x00000000080093a8       0x14 Drivers/STM32H7xx_HAL_Driver/Src/stm32h7xx_hal_qspi.o
                0x00000000080093a8                HAL_QSPI_AbortCpltCallback
 .text.HAL_QSPI_CmdCpltCallback
                0x00000000080093bc       0x14 Drivers/STM32H7xx_HAL_Driver/Src/stm32h7xx_hal_qspi.o
                0x00000000080093bc                HAL_QSPI_CmdCpltCallback
 .text.HAL_QSPI_RxCpltCallback
                0x00000000080093d0       0x14 Drivers/STM32H7xx_HAL_Driver/Src/stm32h7xx_hal_qspi.o
                0x00000000080093d0                HAL_QSPI_RxCpltCallback
 .text.HAL_QSPI_FifoThresholdCallback
                0x00000000080093e4       0x14 Drivers/STM32H7xx_HAL_Driver/Src/stm32h7xx_hal_qspi.o
                0x00000000080093e4                HAL_QSPI_FifoThresholdCallback
 .text.HAL_QSPI_StatusMatchCallback
                0x00000000080093f8       0x14 Drivers/STM32H7xx_HAL_Driver/Src/stm32h7xx_hal_qspi.o
                0x00000000080093f8                HAL_QSPI_StatusMatchCallback
 .text.HAL_QSPI_TimeOutCallback
                0x000000000800940c       0x14 Drivers/STM32H7xx_HAL_Driver/Src/stm32h7xx_hal_qspi.o
                0x000000000800940c                HAL_QSPI_TimeOutCallback
 .text.HAL_QSPI_Abort_IT
                0x0000000008009420       0xb8 Drivers/STM32H7xx_HAL_Driver/Src/stm32h7xx_hal_qspi.o
                0x0000000008009420                HAL_QSPI_Abort_IT
 .text.HAL_QSPI_SetTimeout
                0x00000000080094d8       0x1c Drivers/STM32H7xx_HAL_Driver/Src/stm32h7xx_hal_qspi.o
                0x00000000080094d8                HAL_QSPI_SetTimeout
 .text.QSPI_DMATxCplt
                0x00000000080094f4       0x30 Drivers/STM32H7xx_HAL_Driver/Src/stm32h7xx_hal_qspi.o
 .text.QSPI_DMAError
                0x0000000008009524       0x44 Drivers/STM32H7xx_HAL_Driver/Src/stm32h7xx_hal_qspi.o
 .text.QSPI_DMAAbortCplt
                0x0000000008009568       0x66 Drivers/STM32H7xx_HAL_Driver/Src/stm32h7xx_hal_qspi.o
 .text.QSPI_WaitFlagStateUntilTimeout
                0x00000000080095ce       0x6e Drivers/STM32H7xx_HAL_Driver/Src/stm32h7xx_hal_qspi.o
 .text.QSPI_Config
                0x000000000800963c      0x30c Drivers/STM32H7xx_HAL_Driver/Src/stm32h7xx_hal_qspi.o
 .text.HAL_RCC_OscConfig
                0x0000000008009948      0x820 Drivers/STM32H7xx_HAL_Driver/Src/stm32h7xx_hal_rcc.o
                0x0000000008009948                HAL_RCC_OscConfig
 .text.HAL_RCC_ClockConfig
                0x000000000800a168      0x36c Drivers/STM32H7xx_HAL_Driver/Src/stm32h7xx_hal_rcc.o
                0x000000000800a168                HAL_RCC_ClockConfig
 .text.HAL_RCC_GetSysClockFreq
                0x000000000800a4d4      0x2f4 Drivers/STM32H7xx_HAL_Driver/Src/stm32h7xx_hal_rcc.o
                0x000000000800a4d4                HAL_RCC_GetSysClockFreq
 .text.HAL_RCCEx_PeriphCLKConfig
                0x000000000800a7c8      0xe80 Drivers/STM32H7xx_HAL_Driver/Src/stm32h7xx_hal_rcc_ex.o
                0x000000000800a7c8                HAL_RCCEx_PeriphCLKConfig
 .text.RCCEx_PLL2_Config
                0x000000000800b648      0x164 Drivers/STM32H7xx_HAL_Driver/Src/stm32h7xx_hal_rcc_ex.o
 .text.RCCEx_PLL3_Config
                0x000000000800b7ac      0x164 Drivers/STM32H7xx_HAL_Driver/Src/stm32h7xx_hal_rcc_ex.o
 .text.HAL_SPI_Init
                0x000000000800b910      0x204 Drivers/STM32H7xx_HAL_Driver/Src/stm32h7xx_hal_spi.o
                0x000000000800b910                HAL_SPI_Init
 .text.SPI_GetPacketSize
                0x000000000800bb14       0x36 Drivers/STM32H7xx_HAL_Driver/Src/stm32h7xx_hal_spi.o
 .text.HAL_TIM_Base_Init
                0x000000000800bb4a       0xae Drivers/STM32H7xx_HAL_Driver/Src/stm32h7xx_hal_tim.o
                0x000000000800bb4a                HAL_TIM_Base_Init
 .text.HAL_TIM_PWM_Init
                0x000000000800bbf8       0xae Drivers/STM32H7xx_HAL_Driver/Src/stm32h7xx_hal_tim.o
                0x000000000800bbf8                HAL_TIM_PWM_Init
 .text.HAL_TIM_PWM_MspInit
                0x000000000800bca6       0x14 Drivers/STM32H7xx_HAL_Driver/Src/stm32h7xx_hal_tim.o
                0x000000000800bca6                HAL_TIM_PWM_MspInit
 *fill*         0x000000000800bcba        0x2 
 .text.HAL_TIM_PWM_Start
                0x000000000800bcbc      0x210 Drivers/STM32H7xx_HAL_Driver/Src/stm32h7xx_hal_tim.o
                0x000000000800bcbc                HAL_TIM_PWM_Start
 .text.HAL_TIM_PWM_ConfigChannel
                0x000000000800becc      0x220 Drivers/STM32H7xx_HAL_Driver/Src/stm32h7xx_hal_tim.o
                0x000000000800becc                HAL_TIM_PWM_ConfigChannel
 .text.HAL_TIM_ConfigClockSource
                0x000000000800c0ec      0x1e8 Drivers/STM32H7xx_HAL_Driver/Src/stm32h7xx_hal_tim.o
                0x000000000800c0ec                HAL_TIM_ConfigClockSource
 .text.TIM_Base_SetConfig
                0x000000000800c2d4      0x134 Drivers/STM32H7xx_HAL_Driver/Src/stm32h7xx_hal_tim.o
                0x000000000800c2d4                TIM_Base_SetConfig
 .text.TIM_OC1_SetConfig
                0x000000000800c408      0x120 Drivers/STM32H7xx_HAL_Driver/Src/stm32h7xx_hal_tim.o
 .text.TIM_OC2_SetConfig
                0x000000000800c528      0x114 Drivers/STM32H7xx_HAL_Driver/Src/stm32h7xx_hal_tim.o
                0x000000000800c528                TIM_OC2_SetConfig
 .text.TIM_OC3_SetConfig
                0x000000000800c63c      0x10c Drivers/STM32H7xx_HAL_Driver/Src/stm32h7xx_hal_tim.o
 .text.TIM_OC4_SetConfig
                0x000000000800c748       0xd0 Drivers/STM32H7xx_HAL_Driver/Src/stm32h7xx_hal_tim.o
 .text.TIM_OC5_SetConfig
                0x000000000800c818       0xc4 Drivers/STM32H7xx_HAL_Driver/Src/stm32h7xx_hal_tim.o
 .text.TIM_OC6_SetConfig
                0x000000000800c8dc       0xc8 Drivers/STM32H7xx_HAL_Driver/Src/stm32h7xx_hal_tim.o
 .text.TIM_TI1_ConfigInputStage
                0x000000000800c9a4       0x5e Drivers/STM32H7xx_HAL_Driver/Src/stm32h7xx_hal_tim.o
 .text.TIM_TI2_ConfigInputStage
                0x000000000800ca02       0x60 Drivers/STM32H7xx_HAL_Driver/Src/stm32h7xx_hal_tim.o
 *fill*         0x000000000800ca62        0x2 
 .text.TIM_ITRx_SetConfig
                0x000000000800ca64       0x3c Drivers/STM32H7xx_HAL_Driver/Src/stm32h7xx_hal_tim.o
 .text.TIM_ETR_SetConfig
                0x000000000800caa0       0x40 Drivers/STM32H7xx_HAL_Driver/Src/stm32h7xx_hal_tim.o
                0x000000000800caa0                TIM_ETR_SetConfig
 .text.TIM_CCxChannelCmd
                0x000000000800cae0       0x4a Drivers/STM32H7xx_HAL_Driver/Src/stm32h7xx_hal_tim.o
                0x000000000800cae0                TIM_CCxChannelCmd
 *fill*         0x000000000800cb2a        0x2 
 .text.HAL_TIMEx_MasterConfigSynchronization
                0x000000000800cb2c      0x110 Drivers/STM32H7xx_HAL_Driver/Src/stm32h7xx_hal_tim_ex.o
                0x000000000800cb2c                HAL_TIMEx_MasterConfigSynchronization
 .text.LL_GPIO_SetPinMode
                0x000000000800cc3c       0x40 Drivers/STM32H7xx_HAL_Driver/Src/stm32h7xx_ll_gpio.o
 .text.LL_GPIO_SetPinOutputType
                0x000000000800cc7c       0x30 Drivers/STM32H7xx_HAL_Driver/Src/stm32h7xx_ll_gpio.o
 .text.LL_GPIO_SetPinSpeed
                0x000000000800ccac       0x40 Drivers/STM32H7xx_HAL_Driver/Src/stm32h7xx_ll_gpio.o
 .text.LL_GPIO_SetPinPull
                0x000000000800ccec       0x40 Drivers/STM32H7xx_HAL_Driver/Src/stm32h7xx_ll_gpio.o
 .text.LL_GPIO_SetAFPin_0_7
                0x000000000800cd2c       0x58 Drivers/STM32H7xx_HAL_Driver/Src/stm32h7xx_ll_gpio.o
 .text.LL_GPIO_SetAFPin_8_15
                0x000000000800cd84       0x6c Drivers/STM32H7xx_HAL_Driver/Src/stm32h7xx_ll_gpio.o
 .text.LL_GPIO_Init
                0x000000000800cdf0       0xdc Drivers/STM32H7xx_HAL_Driver/Src/stm32h7xx_ll_gpio.o
                0x000000000800cdf0                LL_GPIO_Init
 .text.LL_RCC_HSE_IsReady
                0x000000000800cecc       0x28 Drivers/STM32H7xx_HAL_Driver/Src/stm32h7xx_ll_rcc.o
 .text.LL_RCC_HSI_IsReady
                0x000000000800cef4       0x24 Drivers/STM32H7xx_HAL_Driver/Src/stm32h7xx_ll_rcc.o
 .text.LL_RCC_HSI_GetDivider
                0x000000000800cf18       0x1c Drivers/STM32H7xx_HAL_Driver/Src/stm32h7xx_ll_rcc.o
 .text.LL_RCC_CSI_IsReady
                0x000000000800cf34       0x28 Drivers/STM32H7xx_HAL_Driver/Src/stm32h7xx_ll_rcc.o
 .text.LL_RCC_LSE_IsReady
                0x000000000800cf5c       0x24 Drivers/STM32H7xx_HAL_Driver/Src/stm32h7xx_ll_rcc.o
 .text.LL_RCC_GetSysClkSource
                0x000000000800cf80       0x1c Drivers/STM32H7xx_HAL_Driver/Src/stm32h7xx_ll_rcc.o
 .text.LL_RCC_GetSysPrescaler
                0x000000000800cf9c       0x1c Drivers/STM32H7xx_HAL_Driver/Src/stm32h7xx_ll_rcc.o
 .text.LL_RCC_GetAHBPrescaler
                0x000000000800cfb8       0x1c Drivers/STM32H7xx_HAL_Driver/Src/stm32h7xx_ll_rcc.o
 .text.LL_RCC_GetAPB1Prescaler
                0x000000000800cfd4       0x1c Drivers/STM32H7xx_HAL_Driver/Src/stm32h7xx_ll_rcc.o
 .text.LL_RCC_GetAPB2Prescaler
                0x000000000800cff0       0x1c Drivers/STM32H7xx_HAL_Driver/Src/stm32h7xx_ll_rcc.o
 .text.LL_RCC_GetClockSource
                0x000000000800d00c       0x4c Drivers/STM32H7xx_HAL_Driver/Src/stm32h7xx_ll_rcc.o
 .text.LL_RCC_GetUSARTClockSource
                0x000000000800d058       0x18 Drivers/STM32H7xx_HAL_Driver/Src/stm32h7xx_ll_rcc.o
 .text.LL_RCC_PLL_GetSource
                0x000000000800d070       0x1c Drivers/STM32H7xx_HAL_Driver/Src/stm32h7xx_ll_rcc.o
 .text.LL_RCC_PLL1P_IsEnabled
                0x000000000800d08c       0x28 Drivers/STM32H7xx_HAL_Driver/Src/stm32h7xx_ll_rcc.o
 .text.LL_RCC_PLL1Q_IsEnabled
                0x000000000800d0b4       0x28 Drivers/STM32H7xx_HAL_Driver/Src/stm32h7xx_ll_rcc.o
 .text.LL_RCC_PLL1R_IsEnabled
                0x000000000800d0dc       0x28 Drivers/STM32H7xx_HAL_Driver/Src/stm32h7xx_ll_rcc.o
 .text.LL_RCC_PLL1FRACN_IsEnabled
                0x000000000800d104       0x24 Drivers/STM32H7xx_HAL_Driver/Src/stm32h7xx_ll_rcc.o
 .text.LL_RCC_PLL1_GetN
                0x000000000800d128       0x1c Drivers/STM32H7xx_HAL_Driver/Src/stm32h7xx_ll_rcc.o
 .text.LL_RCC_PLL1_GetM
                0x000000000800d144       0x1c Drivers/STM32H7xx_HAL_Driver/Src/stm32h7xx_ll_rcc.o
 .text.LL_RCC_PLL1_GetP
                0x000000000800d160       0x20 Drivers/STM32H7xx_HAL_Driver/Src/stm32h7xx_ll_rcc.o
 .text.LL_RCC_PLL1_GetQ
                0x000000000800d180       0x20 Drivers/STM32H7xx_HAL_Driver/Src/stm32h7xx_ll_rcc.o
 .text.LL_RCC_PLL1_GetR
                0x000000000800d1a0       0x20 Drivers/STM32H7xx_HAL_Driver/Src/stm32h7xx_ll_rcc.o
 .text.LL_RCC_PLL1_GetFRACN
                0x000000000800d1c0       0x1c Drivers/STM32H7xx_HAL_Driver/Src/stm32h7xx_ll_rcc.o
 .text.LL_RCC_PLL2_IsReady
                0x000000000800d1dc       0x28 Drivers/STM32H7xx_HAL_Driver/Src/stm32h7xx_ll_rcc.o
 .text.LL_RCC_PLL2P_IsEnabled
                0x000000000800d204       0x28 Drivers/STM32H7xx_HAL_Driver/Src/stm32h7xx_ll_rcc.o
 .text.LL_RCC_PLL2Q_IsEnabled
                0x000000000800d22c       0x28 Drivers/STM32H7xx_HAL_Driver/Src/stm32h7xx_ll_rcc.o
 .text.LL_RCC_PLL2R_IsEnabled
                0x000000000800d254       0x28 Drivers/STM32H7xx_HAL_Driver/Src/stm32h7xx_ll_rcc.o
 .text.LL_RCC_PLL2FRACN_IsEnabled
                0x000000000800d27c       0x24 Drivers/STM32H7xx_HAL_Driver/Src/stm32h7xx_ll_rcc.o
 .text.LL_RCC_PLL2_GetN
                0x000000000800d2a0       0x1c Drivers/STM32H7xx_HAL_Driver/Src/stm32h7xx_ll_rcc.o
 .text.LL_RCC_PLL2_GetM
                0x000000000800d2bc       0x1c Drivers/STM32H7xx_HAL_Driver/Src/stm32h7xx_ll_rcc.o
 .text.LL_RCC_PLL2_GetP
                0x000000000800d2d8       0x20 Drivers/STM32H7xx_HAL_Driver/Src/stm32h7xx_ll_rcc.o
 .text.LL_RCC_PLL2_GetQ
                0x000000000800d2f8       0x20 Drivers/STM32H7xx_HAL_Driver/Src/stm32h7xx_ll_rcc.o
 .text.LL_RCC_PLL2_GetR
                0x000000000800d318       0x20 Drivers/STM32H7xx_HAL_Driver/Src/stm32h7xx_ll_rcc.o
 .text.LL_RCC_PLL2_GetFRACN
                0x000000000800d338       0x1c Drivers/STM32H7xx_HAL_Driver/Src/stm32h7xx_ll_rcc.o
 .text.LL_RCC_PLL3_IsReady
                0x000000000800d354       0x28 Drivers/STM32H7xx_HAL_Driver/Src/stm32h7xx_ll_rcc.o
 .text.LL_RCC_PLL3P_IsEnabled
                0x000000000800d37c       0x28 Drivers/STM32H7xx_HAL_Driver/Src/stm32h7xx_ll_rcc.o
 .text.LL_RCC_PLL3Q_IsEnabled
                0x000000000800d3a4       0x28 Drivers/STM32H7xx_HAL_Driver/Src/stm32h7xx_ll_rcc.o
 .text.LL_RCC_PLL3R_IsEnabled
                0x000000000800d3cc       0x28 Drivers/STM32H7xx_HAL_Driver/Src/stm32h7xx_ll_rcc.o
 .text.LL_RCC_PLL3FRACN_IsEnabled
                0x000000000800d3f4       0x28 Drivers/STM32H7xx_HAL_Driver/Src/stm32h7xx_ll_rcc.o
 .text.LL_RCC_PLL3_GetN
                0x000000000800d41c       0x1c Drivers/STM32H7xx_HAL_Driver/Src/stm32h7xx_ll_rcc.o
 .text.LL_RCC_PLL3_GetM
                0x000000000800d438       0x1c Drivers/STM32H7xx_HAL_Driver/Src/stm32h7xx_ll_rcc.o
 .text.LL_RCC_PLL3_GetP
                0x000000000800d454       0x20 Drivers/STM32H7xx_HAL_Driver/Src/stm32h7xx_ll_rcc.o
 .text.LL_RCC_PLL3_GetQ
                0x000000000800d474       0x20 Drivers/STM32H7xx_HAL_Driver/Src/stm32h7xx_ll_rcc.o
 .text.LL_RCC_PLL3_GetR
                0x000000000800d494       0x20 Drivers/STM32H7xx_HAL_Driver/Src/stm32h7xx_ll_rcc.o
 .text.LL_RCC_PLL3_GetFRACN
                0x000000000800d4b4       0x1c Drivers/STM32H7xx_HAL_Driver/Src/stm32h7xx_ll_rcc.o
 .text.LL_RCC_GetPLL1ClockFreq
                0x000000000800d4d0      0x130 Drivers/STM32H7xx_HAL_Driver/Src/stm32h7xx_ll_rcc.o
                0x000000000800d4d0                LL_RCC_GetPLL1ClockFreq
 .text.LL_RCC_GetPLL2ClockFreq
                0x000000000800d600      0x130 Drivers/STM32H7xx_HAL_Driver/Src/stm32h7xx_ll_rcc.o
                0x000000000800d600                LL_RCC_GetPLL2ClockFreq
 .text.LL_RCC_GetPLL3ClockFreq
                0x000000000800d730      0x134 Drivers/STM32H7xx_HAL_Driver/Src/stm32h7xx_ll_rcc.o
                0x000000000800d730                LL_RCC_GetPLL3ClockFreq
 .text.LL_RCC_CalcPLLClockFreq
                0x000000000800d864       0x80 Drivers/STM32H7xx_HAL_Driver/Src/stm32h7xx_ll_rcc.o
                0x000000000800d864                LL_RCC_CalcPLLClockFreq
 .text.LL_RCC_GetUSARTClockFreq
                0x000000000800d8e4      0x1dc Drivers/STM32H7xx_HAL_Driver/Src/stm32h7xx_ll_rcc.o
                0x000000000800d8e4                LL_RCC_GetUSARTClockFreq
 .text.RCC_GetSystemClockFreq
                0x000000000800dac0       0xc4 Drivers/STM32H7xx_HAL_Driver/Src/stm32h7xx_ll_rcc.o
 .text.RCC_GetHCLKClockFreq
                0x000000000800db84       0x2c Drivers/STM32H7xx_HAL_Driver/Src/stm32h7xx_ll_rcc.o
 .text.RCC_GetPCLK1ClockFreq
                0x000000000800dbb0       0x30 Drivers/STM32H7xx_HAL_Driver/Src/stm32h7xx_ll_rcc.o
 .text.RCC_GetPCLK2ClockFreq
                0x000000000800dbe0       0x30 Drivers/STM32H7xx_HAL_Driver/Src/stm32h7xx_ll_rcc.o
 .text.LL_TIM_SetPrescaler
                0x000000000800dc10       0x1c Drivers/STM32H7xx_HAL_Driver/Src/stm32h7xx_ll_tim.o
 .text.LL_TIM_SetAutoReload
                0x000000000800dc2c       0x1c Drivers/STM32H7xx_HAL_Driver/Src/stm32h7xx_ll_tim.o
 .text.LL_TIM_SetRepetitionCounter
                0x000000000800dc48       0x1c Drivers/STM32H7xx_HAL_Driver/Src/stm32h7xx_ll_tim.o
 .text.LL_TIM_GenerateEvent_UPDATE
                0x000000000800dc64       0x20 Drivers/STM32H7xx_HAL_Driver/Src/stm32h7xx_ll_tim.o
 .text.LL_TIM_Init
                0x000000000800dc84      0x128 Drivers/STM32H7xx_HAL_Driver/Src/stm32h7xx_ll_tim.o
                0x000000000800dc84                LL_TIM_Init
 .text.LL_USART_IsEnabled
                0x000000000800ddac       0x26 Drivers/STM32H7xx_HAL_Driver/Src/stm32h7xx_ll_usart.o
 .text.LL_USART_SetPrescaler
                0x000000000800ddd2       0x28 Drivers/STM32H7xx_HAL_Driver/Src/stm32h7xx_ll_usart.o
 .text.LL_USART_SetStopBitsLength
                0x000000000800ddfa       0x26 Drivers/STM32H7xx_HAL_Driver/Src/stm32h7xx_ll_usart.o
 .text.LL_USART_SetHWFlowCtrl
                0x000000000800de20       0x26 Drivers/STM32H7xx_HAL_Driver/Src/stm32h7xx_ll_usart.o
 *fill*         0x000000000800de46        0x2 
 .text.LL_USART_SetBaudRate
                0x000000000800de48       0xa0 Drivers/STM32H7xx_HAL_Driver/Src/stm32h7xx_ll_usart.o
 .text.LL_USART_Init
                0x000000000800dee8      0x154 Drivers/STM32H7xx_HAL_Driver/Src/stm32h7xx_ll_usart.o
                0x000000000800dee8                LL_USART_Init
 .text.__errno  0x000000000800e03c        0xc c:/st/stm32cubeide_1.3.0/stm32cubeide/plugins/com.st.stm32cube.ide.mcu.externaltools.gnu-tools-for-stm32.9-2020-q2-update.win32_1.5.0.202011040924/tools/bin/../lib/gcc/arm-none-eabi/9.3.1/../../../../arm-none-eabi/lib/thumb/v7e-m+dp/hard\libc_nano.a(lib_a-errno.o)
                0x000000000800e03c                __errno
 .text.__libc_init_array
                0x000000000800e048       0x48 c:/st/stm32cubeide_1.3.0/stm32cubeide/plugins/com.st.stm32cube.ide.mcu.externaltools.gnu-tools-for-stm32.9-2020-q2-update.win32_1.5.0.202011040924/tools/bin/../lib/gcc/arm-none-eabi/9.3.1/../../../../arm-none-eabi/lib/thumb/v7e-m+dp/hard\libc_nano.a(lib_a-init.o)
                0x000000000800e048                __libc_init_array
 .text.memset   0x000000000800e090       0x10 c:/st/stm32cubeide_1.3.0/stm32cubeide/plugins/com.st.stm32cube.ide.mcu.externaltools.gnu-tools-for-stm32.9-2020-q2-update.win32_1.5.0.202011040924/tools/bin/../lib/gcc/arm-none-eabi/9.3.1/../../../../arm-none-eabi/lib/thumb/v7e-m+dp/hard\libc_nano.a(lib_a-memset.o)
                0x000000000800e090                memset
 .text.sprintf  0x000000000800e0a0       0x40 c:/st/stm32cubeide_1.3.0/stm32cubeide/plugins/com.st.stm32cube.ide.mcu.externaltools.gnu-tools-for-stm32.9-2020-q2-update.win32_1.5.0.202011040924/tools/bin/../lib/gcc/arm-none-eabi/9.3.1/../../../../arm-none-eabi/lib/thumb/v7e-m+dp/hard\libc_nano.a(lib_a-sprintf.o)
                0x000000000800e0a0                siprintf
                0x000000000800e0a0                sprintf
 .text.__ssputs_r
                0x000000000800e0e0       0xb6 c:/st/stm32cubeide_1.3.0/stm32cubeide/plugins/com.st.stm32cube.ide.mcu.externaltools.gnu-tools-for-stm32.9-2020-q2-update.win32_1.5.0.202011040924/tools/bin/../lib/gcc/arm-none-eabi/9.3.1/../../../../arm-none-eabi/lib/thumb/v7e-m+dp/hard\libc_nano.a(lib_a-nano-svfprintf.o)
                0x000000000800e0e0                __ssputs_r
 *fill*         0x000000000800e196        0x2 
 .text._svfprintf_r
                0x000000000800e198      0x200 c:/st/stm32cubeide_1.3.0/stm32cubeide/plugins/com.st.stm32cube.ide.mcu.externaltools.gnu-tools-for-stm32.9-2020-q2-update.win32_1.5.0.202011040924/tools/bin/../lib/gcc/arm-none-eabi/9.3.1/../../../../arm-none-eabi/lib/thumb/v7e-m+dp/hard\libc_nano.a(lib_a-nano-svfprintf.o)
                0x000000000800e198                _svfiprintf_r
                0x000000000800e198                _svfprintf_r
 .text._printf_common
                0x000000000800e398       0xda c:/st/stm32cubeide_1.3.0/stm32cubeide/plugins/com.st.stm32cube.ide.mcu.externaltools.gnu-tools-for-stm32.9-2020-q2-update.win32_1.5.0.202011040924/tools/bin/../lib/gcc/arm-none-eabi/9.3.1/../../../../arm-none-eabi/lib/thumb/v7e-m+dp/hard\libc_nano.a(lib_a-nano-vfprintf_i.o)
                0x000000000800e398                _printf_common
 *fill*         0x000000000800e472        0x2 
 .text._printf_i
                0x000000000800e474      0x24c c:/st/stm32cubeide_1.3.0/stm32cubeide/plugins/com.st.stm32cube.ide.mcu.externaltools.gnu-tools-for-stm32.9-2020-q2-update.win32_1.5.0.202011040924/tools/bin/../lib/gcc/arm-none-eabi/9.3.1/../../../../arm-none-eabi/lib/thumb/v7e-m+dp/hard\libc_nano.a(lib_a-nano-vfprintf_i.o)
                0x000000000800e474                _printf_i
 .text.memcpy   0x000000000800e6c0       0x1c c:/st/stm32cubeide_1.3.0/stm32cubeide/plugins/com.st.stm32cube.ide.mcu.externaltools.gnu-tools-for-stm32.9-2020-q2-update.win32_1.5.0.202011040924/tools/bin/../lib/gcc/arm-none-eabi/9.3.1/../../../../arm-none-eabi/lib/thumb/v7e-m+dp/hard\libc_nano.a(lib_a-memcpy-stub.o)
                0x000000000800e6c0                memcpy
 .text.memmove  0x000000000800e6dc       0x34 c:/st/stm32cubeide_1.3.0/stm32cubeide/plugins/com.st.stm32cube.ide.mcu.externaltools.gnu-tools-for-stm32.9-2020-q2-update.win32_1.5.0.202011040924/tools/bin/../lib/gcc/arm-none-eabi/9.3.1/../../../../arm-none-eabi/lib/thumb/v7e-m+dp/hard\libc_nano.a(lib_a-memmove.o)
                0x000000000800e6dc                memmove
 .text._free_r  0x000000000800e710       0xa0 c:/st/stm32cubeide_1.3.0/stm32cubeide/plugins/com.st.stm32cube.ide.mcu.externaltools.gnu-tools-for-stm32.9-2020-q2-update.win32_1.5.0.202011040924/tools/bin/../lib/gcc/arm-none-eabi/9.3.1/../../../../arm-none-eabi/lib/thumb/v7e-m+dp/hard\libc_nano.a(lib_a-nano-freer.o)
                0x000000000800e710                _free_r
 .text._malloc_r
                0x000000000800e7b0       0xb4 c:/st/stm32cubeide_1.3.0/stm32cubeide/plugins/com.st.stm32cube.ide.mcu.externaltools.gnu-tools-for-stm32.9-2020-q2-update.win32_1.5.0.202011040924/tools/bin/../lib/gcc/arm-none-eabi/9.3.1/../../../../arm-none-eabi/lib/thumb/v7e-m+dp/hard\libc_nano.a(lib_a-nano-mallocr.o)
                0x000000000800e7b0                _malloc_r
 .text._realloc_r
                0x000000000800e864       0x4c c:/st/stm32cubeide_1.3.0/stm32cubeide/plugins/com.st.stm32cube.ide.mcu.externaltools.gnu-tools-for-stm32.9-2020-q2-update.win32_1.5.0.202011040924/tools/bin/../lib/gcc/arm-none-eabi/9.3.1/../../../../arm-none-eabi/lib/thumb/v7e-m+dp/hard\libc_nano.a(lib_a-nano-reallocr.o)
                0x000000000800e864                _realloc_r
 .text._sbrk_r  0x000000000800e8b0       0x20 c:/st/stm32cubeide_1.3.0/stm32cubeide/plugins/com.st.stm32cube.ide.mcu.externaltools.gnu-tools-for-stm32.9-2020-q2-update.win32_1.5.0.202011040924/tools/bin/../lib/gcc/arm-none-eabi/9.3.1/../../../../arm-none-eabi/lib/thumb/v7e-m+dp/hard\libc_nano.a(lib_a-sbrkr.o)
                0x000000000800e8b0                _sbrk_r
 .text.__malloc_lock
                0x000000000800e8d0        0xc c:/st/stm32cubeide_1.3.0/stm32cubeide/plugins/com.st.stm32cube.ide.mcu.externaltools.gnu-tools-for-stm32.9-2020-q2-update.win32_1.5.0.202011040924/tools/bin/../lib/gcc/arm-none-eabi/9.3.1/../../../../arm-none-eabi/lib/thumb/v7e-m+dp/hard\libc_nano.a(lib_a-mlock.o)
                0x000000000800e8d0                __malloc_lock
 .text.__malloc_unlock
                0x000000000800e8dc        0xc c:/st/stm32cubeide_1.3.0/stm32cubeide/plugins/com.st.stm32cube.ide.mcu.externaltools.gnu-tools-for-stm32.9-2020-q2-update.win32_1.5.0.202011040924/tools/bin/../lib/gcc/arm-none-eabi/9.3.1/../../../../arm-none-eabi/lib/thumb/v7e-m+dp/hard\libc_nano.a(lib_a-mlock.o)
                0x000000000800e8dc                __malloc_unlock
 .text._malloc_usable_size_r
                0x000000000800e8e8       0x10 c:/st/stm32cubeide_1.3.0/stm32cubeide/plugins/com.st.stm32cube.ide.mcu.externaltools.gnu-tools-for-stm32.9-2020-q2-update.win32_1.5.0.202011040924/tools/bin/../lib/gcc/arm-none-eabi/9.3.1/../../../../arm-none-eabi/lib/thumb/v7e-m+dp/hard\libc_nano.a(lib_a-nano-msizer.o)
                0x000000000800e8e8                _malloc_usable_size_r
 .text.__retarget_lock_acquire_recursive
                0x000000000800e8f8        0x2 c:/st/stm32cubeide_1.3.0/stm32cubeide/plugins/com.st.stm32cube.ide.mcu.externaltools.gnu-tools-for-stm32.9-2020-q2-update.win32_1.5.0.202011040924/tools/bin/../lib/gcc/arm-none-eabi/9.3.1/../../../../arm-none-eabi/lib/thumb/v7e-m+dp/hard\libc_nano.a(lib_a-lock.o)
                0x000000000800e8f8                __retarget_lock_acquire_recursive
 .text.__retarget_lock_release_recursive
                0x000000000800e8fa        0x2 c:/st/stm32cubeide_1.3.0/stm32cubeide/plugins/com.st.stm32cube.ide.mcu.externaltools.gnu-tools-for-stm32.9-2020-q2-update.win32_1.5.0.202011040924/tools/bin/../lib/gcc/arm-none-eabi/9.3.1/../../../../arm-none-eabi/lib/thumb/v7e-m+dp/hard\libc_nano.a(lib_a-lock.o)
                0x000000000800e8fa                __retarget_lock_release_recursive
 *(.glue_7)
 .glue_7        0x000000000800e8fc        0x0 linker stubs
 *(.glue_7t)
 .glue_7t       0x000000000800e8fc        0x0 linker stubs
 *(.eh_frame)
 .eh_frame      0x000000000800e8fc        0x0 c:/st/stm32cubeide_1.3.0/stm32cubeide/plugins/com.st.stm32cube.ide.mcu.externaltools.gnu-tools-for-stm32.9-2020-q2-update.win32_1.5.0.202011040924/tools/bin/../lib/gcc/arm-none-eabi/9.3.1/thumb/v7e-m+dp/hard/crtbegin.o
 *(.init)
 .init          0x000000000800e8fc        0x4 c:/st/stm32cubeide_1.3.0/stm32cubeide/plugins/com.st.stm32cube.ide.mcu.externaltools.gnu-tools-for-stm32.9-2020-q2-update.win32_1.5.0.202011040924/tools/bin/../lib/gcc/arm-none-eabi/9.3.1/thumb/v7e-m+dp/hard/crti.o
                0x000000000800e8fc                _init
 .init          0x000000000800e900        0x8 c:/st/stm32cubeide_1.3.0/stm32cubeide/plugins/com.st.stm32cube.ide.mcu.externaltools.gnu-tools-for-stm32.9-2020-q2-update.win32_1.5.0.202011040924/tools/bin/../lib/gcc/arm-none-eabi/9.3.1/thumb/v7e-m+dp/hard/crtn.o
 *(.fini)
 .fini          0x000000000800e908        0x4 c:/st/stm32cubeide_1.3.0/stm32cubeide/plugins/com.st.stm32cube.ide.mcu.externaltools.gnu-tools-for-stm32.9-2020-q2-update.win32_1.5.0.202011040924/tools/bin/../lib/gcc/arm-none-eabi/9.3.1/thumb/v7e-m+dp/hard/crti.o
                0x000000000800e908                _fini
 .fini          0x000000000800e90c        0x8 c:/st/stm32cubeide_1.3.0/stm32cubeide/plugins/com.st.stm32cube.ide.mcu.externaltools.gnu-tools-for-stm32.9-2020-q2-update.win32_1.5.0.202011040924/tools/bin/../lib/gcc/arm-none-eabi/9.3.1/thumb/v7e-m+dp/hard/crtn.o
                0x000000000800e914                . = ALIGN (0x4)
                0x000000000800e914                _etext = .

.vfp11_veneer   0x000000000800e914        0x0
 .vfp11_veneer  0x000000000800e914        0x0 linker stubs

.v4_bx          0x000000000800e914        0x0
 .v4_bx         0x000000000800e914        0x0 linker stubs

.iplt           0x000000000800e914        0x0
 .iplt          0x000000000800e914        0x0 c:/st/stm32cubeide_1.3.0/stm32cubeide/plugins/com.st.stm32cube.ide.mcu.externaltools.gnu-tools-for-stm32.9-2020-q2-update.win32_1.5.0.202011040924/tools/bin/../lib/gcc/arm-none-eabi/9.3.1/thumb/v7e-m+dp/hard/crtbegin.o

.rodata         0x000000000800e914      0x188
                0x000000000800e914                . = ALIGN (0x4)
 *(.rodata)
 .rodata        0x000000000800e914       0x9d Core/Src/LL_UART_TEO.o
 *fill*         0x000000000800e9b1        0x3 
 .rodata        0x000000000800e9b4       0x64 Core/Src/main.o
 *(.rodata*)
 .rodata.D1CorePrescTable
                0x000000000800ea18       0x10 Core/Src/system_stm32h7xx.o
                0x000000000800ea18                D1CorePrescTable
 .rodata.LL_RCC_PrescTable
                0x000000000800ea28       0x10 Drivers/STM32H7xx_HAL_Driver/Src/stm32h7xx_ll_rcc.o
                0x000000000800ea28                LL_RCC_PrescTable
 .rodata.USART_PRESCALER_TAB
                0x000000000800ea38       0x30 Drivers/STM32H7xx_HAL_Driver/Src/stm32h7xx_ll_usart.o
 .rodata._svfprintf_r.str1.1
                0x000000000800ea68       0x11 c:/st/stm32cubeide_1.3.0/stm32cubeide/plugins/com.st.stm32cube.ide.mcu.externaltools.gnu-tools-for-stm32.9-2020-q2-update.win32_1.5.0.202011040924/tools/bin/../lib/gcc/arm-none-eabi/9.3.1/../../../../arm-none-eabi/lib/thumb/v7e-m+dp/hard\libc_nano.a(lib_a-nano-svfprintf.o)
 .rodata._printf_i.str1.1
                0x000000000800ea79       0x22 c:/st/stm32cubeide_1.3.0/stm32cubeide/plugins/com.st.stm32cube.ide.mcu.externaltools.gnu-tools-for-stm32.9-2020-q2-update.win32_1.5.0.202011040924/tools/bin/../lib/gcc/arm-none-eabi/9.3.1/../../../../arm-none-eabi/lib/thumb/v7e-m+dp/hard\libc_nano.a(lib_a-nano-vfprintf_i.o)
                0x000000000800ea9c                . = ALIGN (0x4)
 *fill*         0x000000000800ea9b        0x1 

.rel.dyn        0x000000000800ea9c        0x0
 .rel.iplt      0x000000000800ea9c        0x0 c:/st/stm32cubeide_1.3.0/stm32cubeide/plugins/com.st.stm32cube.ide.mcu.externaltools.gnu-tools-for-stm32.9-2020-q2-update.win32_1.5.0.202011040924/tools/bin/../lib/gcc/arm-none-eabi/9.3.1/thumb/v7e-m+dp/hard/crtbegin.o

.ARM.extab      0x000000000800ea9c        0x0
                0x000000000800ea9c                . = ALIGN (0x4)
 *(.ARM.extab* .gnu.linkonce.armextab.*)
                0x000000000800ea9c                . = ALIGN (0x4)

.ARM            0x000000000800ea9c        0x0
                0x000000000800ea9c                . = ALIGN (0x4)
                0x000000000800ea9c                __exidx_start = .
 *(.ARM.exidx*)
                0x000000000800ea9c                __exidx_end = .
                0x000000000800ea9c                . = ALIGN (0x4)

.preinit_array  0x000000000800ea9c        0x0
                0x000000000800ea9c                . = ALIGN (0x4)
                0x000000000800ea9c                PROVIDE (__preinit_array_start = .)
 *(.preinit_array*)
                0x000000000800ea9c                PROVIDE (__preinit_array_end = .)
                0x000000000800ea9c                . = ALIGN (0x4)

.init_array     0x000000000800ea9c        0x4
                0x000000000800ea9c                . = ALIGN (0x4)
                0x000000000800ea9c                PROVIDE (__init_array_start = .)
 *(SORT_BY_NAME(.init_array.*))
 *(.init_array*)
 .init_array    0x000000000800ea9c        0x4 c:/st/stm32cubeide_1.3.0/stm32cubeide/plugins/com.st.stm32cube.ide.mcu.externaltools.gnu-tools-for-stm32.9-2020-q2-update.win32_1.5.0.202011040924/tools/bin/../lib/gcc/arm-none-eabi/9.3.1/thumb/v7e-m+dp/hard/crtbegin.o
                0x000000000800eaa0                PROVIDE (__init_array_end = .)
                0x000000000800eaa0                . = ALIGN (0x4)

.fini_array     0x000000000800eaa0        0x4
                0x000000000800eaa0                . = ALIGN (0x4)
                [!provide]                        PROVIDE (__fini_array_start = .)
 *(SORT_BY_NAME(.fini_array.*))
 *(.fini_array*)
 .fini_array    0x000000000800eaa0        0x4 c:/st/stm32cubeide_1.3.0/stm32cubeide/plugins/com.st.stm32cube.ide.mcu.externaltools.gnu-tools-for-stm32.9-2020-q2-update.win32_1.5.0.202011040924/tools/bin/../lib/gcc/arm-none-eabi/9.3.1/thumb/v7e-m+dp/hard/crtbegin.o
                [!provide]                        PROVIDE (__fini_array_end = .)
                0x000000000800eaa4                . = ALIGN (0x4)
                0x000000000800eaa4                _sidata = LOADADDR (.data)

.data           0x0000000024000000     0x91bc load address 0x000000000800eaa4
                0x0000000024000000                . = ALIGN (0x4)
                0x0000000024000000                _sdata = .
 *(.data)
 *(.data*)
 .data.f_start_view
                0x0000000024000000        0x4 Core/Src/HUB_75.o
                0x0000000024000000                f_start_view
 .data.Wpr_Od_Wyzszej_cz_Bajtu
                0x0000000024000004        0x1 Core/Src/HUB_75.o
                0x0000000024000004                Wpr_Od_Wyzszej_cz_Bajtu
 *fill*         0x0000000024000005        0x3 
 .data.Fonts_16
                0x0000000024000008     0x4000 Core/Src/Napisy.o
                0x0000000024000008                Fonts_16
 .data.Pozdr_wsz
                0x0000000024004008     0x5140 Core/Src/PIXEL_MAPS.o
                0x0000000024004008                Pozdr_wsz
 .data.SystemCoreClock
                0x0000000024009148        0x4 Core/Src/system_stm32h7xx.o
                0x0000000024009148                SystemCoreClock
 .data.SystemD2Clock
                0x000000002400914c        0x4 Core/Src/system_stm32h7xx.o
                0x000000002400914c                SystemD2Clock
 .data.uwTickPrio
                0x0000000024009150        0x4 Drivers/STM32H7xx_HAL_Driver/Src/stm32h7xx_hal.o
                0x0000000024009150                uwTickPrio
 .data.uwTickFreq
                0x0000000024009154        0x1 Drivers/STM32H7xx_HAL_Driver/Src/stm32h7xx_hal.o
                0x0000000024009154                uwTickFreq
 *fill*         0x0000000024009155        0x3 
 .data._impure_ptr
                0x0000000024009158        0x4 c:/st/stm32cubeide_1.3.0/stm32cubeide/plugins/com.st.stm32cube.ide.mcu.externaltools.gnu-tools-for-stm32.9-2020-q2-update.win32_1.5.0.202011040924/tools/bin/../lib/gcc/arm-none-eabi/9.3.1/../../../../arm-none-eabi/lib/thumb/v7e-m+dp/hard\libc_nano.a(lib_a-impure.o)
                0x0000000024009158                _impure_ptr
 .data.impure_data
                0x000000002400915c       0x60 c:/st/stm32cubeide_1.3.0/stm32cubeide/plugins/com.st.stm32cube.ide.mcu.externaltools.gnu-tools-for-stm32.9-2020-q2-update.win32_1.5.0.202011040924/tools/bin/../lib/gcc/arm-none-eabi/9.3.1/../../../../arm-none-eabi/lib/thumb/v7e-m+dp/hard\libc_nano.a(lib_a-impure.o)
                0x00000000240091bc                . = ALIGN (0x4)
                0x00000000240091bc                _edata = .

.igot.plt       0x00000000240091bc        0x0 load address 0x0000000008017c60
 .igot.plt      0x00000000240091bc        0x0 c:/st/stm32cubeide_1.3.0/stm32cubeide/plugins/com.st.stm32cube.ide.mcu.externaltools.gnu-tools-for-stm32.9-2020-q2-update.win32_1.5.0.202011040924/tools/bin/../lib/gcc/arm-none-eabi/9.3.1/thumb/v7e-m+dp/hard/crtbegin.o
                0x00000000240091bc                . = ALIGN (0x4)

.bss            0x00000000240091bc     0xb68c load address 0x0000000008017c60
                0x00000000240091bc                _sbss = .
                0x00000000240091bc                __bss_start__ = _sbss
 *(.bss)
 .bss           0x00000000240091bc       0x1c c:/st/stm32cubeide_1.3.0/stm32cubeide/plugins/com.st.stm32cube.ide.mcu.externaltools.gnu-tools-for-stm32.9-2020-q2-update.win32_1.5.0.202011040924/tools/bin/../lib/gcc/arm-none-eabi/9.3.1/thumb/v7e-m+dp/hard/crtbegin.o
 *(.bss*)
 .bss.Conv_BP   0x00000000240091d8     0x2710 Core/Src/HUB_75.o
                0x00000000240091d8                Conv_BP
 .bss.OUT_B1    0x000000002400b8e8      0x9f6 Core/Src/HUB_75.o
                0x000000002400b8e8                OUT_B1
 *fill*         0x000000002400c2de        0x2 
 .bss.OUT_B2    0x000000002400c2e0      0x9f6 Core/Src/HUB_75.o
                0x000000002400c2e0                OUT_B2
 *fill*         0x000000002400ccd6        0x2 
 .bss.k         0x000000002400ccd8        0x4 Core/Src/HUB_75.o
                0x000000002400ccd8                k
 .bss.l         0x000000002400ccdc        0x4 Core/Src/HUB_75.o
                0x000000002400ccdc                l
 .bss.LINIA     0x000000002400cce0        0x4 Core/Src/HUB_75.o
                0x000000002400cce0                LINIA
 .bss.zT_SCROLL
                0x000000002400cce4        0x4 Core/Src/HUB_75.o
                0x000000002400cce4                zT_SCROLL
 .bss.zT_View   0x000000002400cce8        0x4 Core/Src/HUB_75.o
                0x000000002400cce8                zT_View
 .bss.SedingBufor_Adr
                0x000000002400ccec        0x4 Core/Src/HUB_75.o
                0x000000002400ccec                SedingBufor_Adr
 .bss.Bufor_Send_Picker
                0x000000002400ccf0        0x1 Core/Src/HUB_75.o
                0x000000002400ccf0                Bufor_Send_Picker
 *fill*         0x000000002400ccf1        0x3 
 .bss.miejsce_znaku
                0x000000002400ccf4        0x4 Core/Src/Napisy.o
                0x000000002400ccf4                miejsce_znaku
 .bss.p_mark    0x000000002400ccf8        0x4 Core/Src/Napisy.o
                0x000000002400ccf8                p_mark
 .bss.Zacznij_Wpr_Od
                0x000000002400ccfc        0x4 Core/Src/Napisy.o
                0x000000002400ccfc                Zacznij_Wpr_Od
 .bss.Created_By_UART_BMP
                0x000000002400cd00     0x2710 Core/Src/String_From_UART.o
                0x000000002400cd00                Created_By_UART_BMP
 .bss.Ilosc_Lini_tesktu
                0x000000002400f410        0x4 Core/Src/String_From_UART.o
                0x000000002400f410                Ilosc_Lini_tesktu
 .bss.Z_czasOtrzymania_tekstu
                0x000000002400f414        0x4 Core/Src/String_From_UART.o
                0x000000002400f414                Z_czasOtrzymania_tekstu
 .bss.t2        0x000000002400f418        0x4 Core/Src/stm32h7xx_it.o
                0x000000002400f418                t2
 .bss.__sbrk_heap_end
                0x000000002400f41c        0x4 Core/Src/sysmem.o
 .bss.__malloc_free_list
                0x000000002400f420        0x4 c:/st/stm32cubeide_1.3.0/stm32cubeide/plugins/com.st.stm32cube.ide.mcu.externaltools.gnu-tools-for-stm32.9-2020-q2-update.win32_1.5.0.202011040924/tools/bin/../lib/gcc/arm-none-eabi/9.3.1/../../../../arm-none-eabi/lib/thumb/v7e-m+dp/hard\libc_nano.a(lib_a-nano-mallocr.o)
                0x000000002400f420                __malloc_free_list
 .bss.__malloc_sbrk_start
                0x000000002400f424        0x4 c:/st/stm32cubeide_1.3.0/stm32cubeide/plugins/com.st.stm32cube.ide.mcu.externaltools.gnu-tools-for-stm32.9-2020-q2-update.win32_1.5.0.202011040924/tools/bin/../lib/gcc/arm-none-eabi/9.3.1/../../../../arm-none-eabi/lib/thumb/v7e-m+dp/hard\libc_nano.a(lib_a-nano-mallocr.o)
                0x000000002400f424                __malloc_sbrk_start
 *(COMMON)
 COMMON         0x000000002400f428       0x40 Core/Src/HUB_75.o
                0x000000002400f428                SCR_PROCESS
                0x000000002400f429                My_Scr_Status
                0x000000002400f42c                start_view_by_time
                0x000000002400f430                sCommand
 COMMON         0x000000002400f468      0x1cc Core/Src/LL_UART_TEO.o
                0x000000002400f468                Thuart3
                0x000000002400f490                Tx_USART3
                0x000000002400f56c                Rx_USART3
 COMMON         0x000000002400f634     0x5064 Core/Src/Napisy.o
                0x000000002400f634                xoffset
                0x000000002400f638                x
                0x000000002400f63c                yoffset
                0x000000002400f640                String_Buf_16
                0x0000000024014460                y
                0x0000000024014464                height
                0x0000000024014468                Font
                0x0000000024014690                xadvance
                0x0000000024014694                width
 COMMON         0x0000000024014698       0x10 Core/Src/iwdg.o
                0x0000000024014698                hiwdg1
 COMMON         0x00000000240146a8       0xb8 Core/Src/quadspi.o
                0x00000000240146a8                hmdma_quadspi_fifo_th
                0x0000000024014714                hqspi
 COMMON         0x0000000024014760       0x88 Core/Src/spi.o
                0x0000000024014760                hspi2
 COMMON         0x00000000240147e8       0x4c Core/Src/tim.o
                0x00000000240147e8                htim4
 COMMON         0x0000000024014834        0x4 Drivers/STM32H7xx_HAL_Driver/Src/stm32h7xx_hal.o
                0x0000000024014834                uwTick
 COMMON         0x0000000024014838        0x4 c:/st/stm32cubeide_1.3.0/stm32cubeide/plugins/com.st.stm32cube.ide.mcu.externaltools.gnu-tools-for-stm32.9-2020-q2-update.win32_1.5.0.202011040924/tools/bin/../lib/gcc/arm-none-eabi/9.3.1/../../../../arm-none-eabi/lib/thumb/v7e-m+dp/hard\libc_nano.a(lib_a-reent.o)
                0x0000000024014838                errno
 COMMON         0x000000002401483c        0x9 c:/st/stm32cubeide_1.3.0/stm32cubeide/plugins/com.st.stm32cube.ide.mcu.externaltools.gnu-tools-for-stm32.9-2020-q2-update.win32_1.5.0.202011040924/tools/bin/../lib/gcc/arm-none-eabi/9.3.1/../../../../arm-none-eabi/lib/thumb/v7e-m+dp/hard\libc_nano.a(lib_a-lock.o)
                0x000000002401483c                __lock___atexit_recursive_mutex
                0x000000002401483d                __lock___arc4random_mutex
                0x000000002401483e                __lock___env_recursive_mutex
                0x000000002401483f                __lock___sinit_recursive_mutex
                0x0000000024014840                __lock___malloc_recursive_mutex
                0x0000000024014841                __lock___at_quick_exit_mutex
                0x0000000024014842                __lock___dd_hash_mutex
                0x0000000024014843                __lock___tz_mutex
                0x0000000024014844                __lock___sfp_recursive_mutex
                0x0000000024014848                . = ALIGN (0x4)
 *fill*         0x0000000024014845        0x3 
                0x0000000024014848                _ebss = .
                0x0000000024014848                __bss_end__ = _ebss

._user_heap_stack
                0x0000000024014848      0x600 load address 0x0000000008017c60
                0x0000000024014848                . = ALIGN (0x8)
                [!provide]                        PROVIDE (end = .)
                0x0000000024014848                PROVIDE (_end = .)
                0x0000000024014a48                . = (. + _Min_Heap_Size)
 *fill*         0x0000000024014848      0x200 
                0x0000000024014e48                . = (. + _Min_Stack_Size)
 *fill*         0x0000000024014a48      0x400 
                0x0000000024014e48                . = ALIGN (0x8)

/DISCARD/
 libc.a(*)
 libm.a(*)
 libgcc.a(*)

.ARM.attributes
                0x0000000000000000       0x2e
 *(.ARM.attributes)
 .ARM.attributes
                0x0000000000000000       0x1e c:/st/stm32cubeide_1.3.0/stm32cubeide/plugins/com.st.stm32cube.ide.mcu.externaltools.gnu-tools-for-stm32.9-2020-q2-update.win32_1.5.0.202011040924/tools/bin/../lib/gcc/arm-none-eabi/9.3.1/thumb/v7e-m+dp/hard/crti.o
 .ARM.attributes
                0x000000000000001e       0x32 c:/st/stm32cubeide_1.3.0/stm32cubeide/plugins/com.st.stm32cube.ide.mcu.externaltools.gnu-tools-for-stm32.9-2020-q2-update.win32_1.5.0.202011040924/tools/bin/../lib/gcc/arm-none-eabi/9.3.1/thumb/v7e-m+dp/hard/crtbegin.o
 .ARM.attributes
                0x0000000000000050       0x32 Core/Src/HUB_75.o
 .ARM.attributes
                0x0000000000000082       0x32 Core/Src/LL_UART_TEO.o
 .ARM.attributes
                0x00000000000000b4       0x32 Core/Src/Napisy.o
 .ARM.attributes
                0x00000000000000e6       0x32 Core/Src/PIXEL_MAPS.o
 .ARM.attributes
                0x0000000000000118       0x32 Core/Src/String_From_UART.o
 .ARM.attributes
                0x000000000000014a       0x32 Core/Src/gpio.o
 .ARM.attributes
                0x000000000000017c       0x32 Core/Src/iwdg.o
 .ARM.attributes
                0x00000000000001ae       0x32 Core/Src/main.o
 .ARM.attributes
                0x00000000000001e0       0x32 Core/Src/mdma.o
 .ARM.attributes
                0x0000000000000212       0x32 Core/Src/quadspi.o
 .ARM.attributes
                0x0000000000000244       0x32 Core/Src/spi.o
 .ARM.attributes
                0x0000000000000276       0x32 Core/Src/stm32h7xx_hal_msp.o
 .ARM.attributes
                0x00000000000002a8       0x32 Core/Src/stm32h7xx_it.o
 .ARM.attributes
                0x00000000000002da       0x32 Core/Src/sysmem.o
 .ARM.attributes
                0x000000000000030c       0x32 Core/Src/system_stm32h7xx.o
 .ARM.attributes
                0x000000000000033e       0x32 Core/Src/tim.o
 .ARM.attributes
                0x0000000000000370       0x32 Core/Src/usart.o
 .ARM.attributes
                0x00000000000003a2       0x21 Core/Startup/startup_stm32h750vbtx.o
 .ARM.attributes
                0x00000000000003c3       0x32 Drivers/STM32H7xx_HAL_Driver/Src/stm32h7xx_hal.o
 .ARM.attributes
                0x00000000000003f5       0x32 Drivers/STM32H7xx_HAL_Driver/Src/stm32h7xx_hal_cortex.o
 .ARM.attributes
                0x0000000000000427       0x32 Drivers/STM32H7xx_HAL_Driver/Src/stm32h7xx_hal_gpio.o
 .ARM.attributes
                0x0000000000000459       0x32 Drivers/STM32H7xx_HAL_Driver/Src/stm32h7xx_hal_iwdg.o
 .ARM.attributes
                0x000000000000048b       0x32 Drivers/STM32H7xx_HAL_Driver/Src/stm32h7xx_hal_mdma.o
 .ARM.attributes
                0x00000000000004bd       0x32 Drivers/STM32H7xx_HAL_Driver/Src/stm32h7xx_hal_pwr_ex.o
 .ARM.attributes
                0x00000000000004ef       0x32 Drivers/STM32H7xx_HAL_Driver/Src/stm32h7xx_hal_qspi.o
 .ARM.attributes
                0x0000000000000521       0x32 Drivers/STM32H7xx_HAL_Driver/Src/stm32h7xx_hal_rcc.o
 .ARM.attributes
                0x0000000000000553       0x32 Drivers/STM32H7xx_HAL_Driver/Src/stm32h7xx_hal_rcc_ex.o
 .ARM.attributes
                0x0000000000000585       0x32 Drivers/STM32H7xx_HAL_Driver/Src/stm32h7xx_hal_spi.o
 .ARM.attributes
                0x00000000000005b7       0x32 Drivers/STM32H7xx_HAL_Driver/Src/stm32h7xx_hal_tim.o
 .ARM.attributes
                0x00000000000005e9       0x32 Drivers/STM32H7xx_HAL_Driver/Src/stm32h7xx_hal_tim_ex.o
 .ARM.attributes
                0x000000000000061b       0x32 Drivers/STM32H7xx_HAL_Driver/Src/stm32h7xx_ll_gpio.o
 .ARM.attributes
                0x000000000000064d       0x32 Drivers/STM32H7xx_HAL_Driver/Src/stm32h7xx_ll_rcc.o
 .ARM.attributes
                0x000000000000067f       0x32 Drivers/STM32H7xx_HAL_Driver/Src/stm32h7xx_ll_tim.o
 .ARM.attributes
                0x00000000000006b1       0x32 Drivers/STM32H7xx_HAL_Driver/Src/stm32h7xx_ll_usart.o
 .ARM.attributes
                0x00000000000006e3       0x32 c:/st/stm32cubeide_1.3.0/stm32cubeide/plugins/com.st.stm32cube.ide.mcu.externaltools.gnu-tools-for-stm32.9-2020-q2-update.win32_1.5.0.202011040924/tools/bin/../lib/gcc/arm-none-eabi/9.3.1/../../../../arm-none-eabi/lib/thumb/v7e-m+dp/hard\libc_nano.a(lib_a-errno.o)
 .ARM.attributes
                0x0000000000000715       0x30 c:/st/stm32cubeide_1.3.0/stm32cubeide/plugins/com.st.stm32cube.ide.mcu.externaltools.gnu-tools-for-stm32.9-2020-q2-update.win32_1.5.0.202011040924/tools/bin/../lib/gcc/arm-none-eabi/9.3.1/../../../../arm-none-eabi/lib/thumb/v7e-m+dp/hard\libc_nano.a(lib_a-impure.o)
 .ARM.attributes
                0x0000000000000745       0x32 c:/st/stm32cubeide_1.3.0/stm32cubeide/plugins/com.st.stm32cube.ide.mcu.externaltools.gnu-tools-for-stm32.9-2020-q2-update.win32_1.5.0.202011040924/tools/bin/../lib/gcc/arm-none-eabi/9.3.1/../../../../arm-none-eabi/lib/thumb/v7e-m+dp/hard\libc_nano.a(lib_a-init.o)
 .ARM.attributes
                0x0000000000000777       0x32 c:/st/stm32cubeide_1.3.0/stm32cubeide/plugins/com.st.stm32cube.ide.mcu.externaltools.gnu-tools-for-stm32.9-2020-q2-update.win32_1.5.0.202011040924/tools/bin/../lib/gcc/arm-none-eabi/9.3.1/../../../../arm-none-eabi/lib/thumb/v7e-m+dp/hard\libc_nano.a(lib_a-memset.o)
 .ARM.attributes
                0x00000000000007a9       0x32 c:/st/stm32cubeide_1.3.0/stm32cubeide/plugins/com.st.stm32cube.ide.mcu.externaltools.gnu-tools-for-stm32.9-2020-q2-update.win32_1.5.0.202011040924/tools/bin/../lib/gcc/arm-none-eabi/9.3.1/../../../../arm-none-eabi/lib/thumb/v7e-m+dp/hard\libc_nano.a(lib_a-sprintf.o)
 .ARM.attributes
                0x00000000000007db       0x32 c:/st/stm32cubeide_1.3.0/stm32cubeide/plugins/com.st.stm32cube.ide.mcu.externaltools.gnu-tools-for-stm32.9-2020-q2-update.win32_1.5.0.202011040924/tools/bin/../lib/gcc/arm-none-eabi/9.3.1/../../../../arm-none-eabi/lib/thumb/v7e-m+dp/hard\libc_nano.a(lib_a-nano-svfprintf.o)
 .ARM.attributes
                0x000000000000080d       0x32 c:/st/stm32cubeide_1.3.0/stm32cubeide/plugins/com.st.stm32cube.ide.mcu.externaltools.gnu-tools-for-stm32.9-2020-q2-update.win32_1.5.0.202011040924/tools/bin/../lib/gcc/arm-none-eabi/9.3.1/../../../../arm-none-eabi/lib/thumb/v7e-m+dp/hard\libc_nano.a(lib_a-nano-vfprintf_i.o)
 .ARM.attributes
                0x000000000000083f       0x1c c:/st/stm32cubeide_1.3.0/stm32cubeide/plugins/com.st.stm32cube.ide.mcu.externaltools.gnu-tools-for-stm32.9-2020-q2-update.win32_1.5.0.202011040924/tools/bin/../lib/gcc/arm-none-eabi/9.3.1/../../../../arm-none-eabi/lib/thumb/v7e-m+dp/hard\libc_nano.a(lib_a-memchr.o)
 .ARM.attributes
                0x000000000000085b       0x32 c:/st/stm32cubeide_1.3.0/stm32cubeide/plugins/com.st.stm32cube.ide.mcu.externaltools.gnu-tools-for-stm32.9-2020-q2-update.win32_1.5.0.202011040924/tools/bin/../lib/gcc/arm-none-eabi/9.3.1/../../../../arm-none-eabi/lib/thumb/v7e-m+dp/hard\libc_nano.a(lib_a-memcpy-stub.o)
 .ARM.attributes
                0x000000000000088d       0x32 c:/st/stm32cubeide_1.3.0/stm32cubeide/plugins/com.st.stm32cube.ide.mcu.externaltools.gnu-tools-for-stm32.9-2020-q2-update.win32_1.5.0.202011040924/tools/bin/../lib/gcc/arm-none-eabi/9.3.1/../../../../arm-none-eabi/lib/thumb/v7e-m+dp/hard\libc_nano.a(lib_a-memmove.o)
 .ARM.attributes
                0x00000000000008bf       0x32 c:/st/stm32cubeide_1.3.0/stm32cubeide/plugins/com.st.stm32cube.ide.mcu.externaltools.gnu-tools-for-stm32.9-2020-q2-update.win32_1.5.0.202011040924/tools/bin/../lib/gcc/arm-none-eabi/9.3.1/../../../../arm-none-eabi/lib/thumb/v7e-m+dp/hard\libc_nano.a(lib_a-nano-freer.o)
 .ARM.attributes
                0x00000000000008f1       0x32 c:/st/stm32cubeide_1.3.0/stm32cubeide/plugins/com.st.stm32cube.ide.mcu.externaltools.gnu-tools-for-stm32.9-2020-q2-update.win32_1.5.0.202011040924/tools/bin/../lib/gcc/arm-none-eabi/9.3.1/../../../../arm-none-eabi/lib/thumb/v7e-m+dp/hard\libc_nano.a(lib_a-nano-mallocr.o)
 .ARM.attributes
                0x0000000000000923       0x32 c:/st/stm32cubeide_1.3.0/stm32cubeide/plugins/com.st.stm32cube.ide.mcu.externaltools.gnu-tools-for-stm32.9-2020-q2-update.win32_1.5.0.202011040924/tools/bin/../lib/gcc/arm-none-eabi/9.3.1/../../../../arm-none-eabi/lib/thumb/v7e-m+dp/hard\libc_nano.a(lib_a-nano-reallocr.o)
 .ARM.attributes
                0x0000000000000955       0x32 c:/st/stm32cubeide_1.3.0/stm32cubeide/plugins/com.st.stm32cube.ide.mcu.externaltools.gnu-tools-for-stm32.9-2020-q2-update.win32_1.5.0.202011040924/tools/bin/../lib/gcc/arm-none-eabi/9.3.1/../../../../arm-none-eabi/lib/thumb/v7e-m+dp/hard\libc_nano.a(lib_a-sbrkr.o)
 .ARM.attributes
                0x0000000000000987       0x32 c:/st/stm32cubeide_1.3.0/stm32cubeide/plugins/com.st.stm32cube.ide.mcu.externaltools.gnu-tools-for-stm32.9-2020-q2-update.win32_1.5.0.202011040924/tools/bin/../lib/gcc/arm-none-eabi/9.3.1/../../../../arm-none-eabi/lib/thumb/v7e-m+dp/hard\libc_nano.a(lib_a-mlock.o)
 .ARM.attributes
                0x00000000000009b9       0x32 c:/st/stm32cubeide_1.3.0/stm32cubeide/plugins/com.st.stm32cube.ide.mcu.externaltools.gnu-tools-for-stm32.9-2020-q2-update.win32_1.5.0.202011040924/tools/bin/../lib/gcc/arm-none-eabi/9.3.1/../../../../arm-none-eabi/lib/thumb/v7e-m+dp/hard\libc_nano.a(lib_a-nano-msizer.o)
 .ARM.attributes
                0x00000000000009eb       0x32 c:/st/stm32cubeide_1.3.0/stm32cubeide/plugins/com.st.stm32cube.ide.mcu.externaltools.gnu-tools-for-stm32.9-2020-q2-update.win32_1.5.0.202011040924/tools/bin/../lib/gcc/arm-none-eabi/9.3.1/../../../../arm-none-eabi/lib/thumb/v7e-m+dp/hard\libc_nano.a(lib_a-reent.o)
 .ARM.attributes
                0x0000000000000a1d       0x32 c:/st/stm32cubeide_1.3.0/stm32cubeide/plugins/com.st.stm32cube.ide.mcu.externaltools.gnu-tools-for-stm32.9-2020-q2-update.win32_1.5.0.202011040924/tools/bin/../lib/gcc/arm-none-eabi/9.3.1/../../../../arm-none-eabi/lib/thumb/v7e-m+dp/hard\libc_nano.a(lib_a-lock.o)
 .ARM.attributes
                0x0000000000000a4f       0x1e c:/st/stm32cubeide_1.3.0/stm32cubeide/plugins/com.st.stm32cube.ide.mcu.externaltools.gnu-tools-for-stm32.9-2020-q2-update.win32_1.5.0.202011040924/tools/bin/../lib/gcc/arm-none-eabi/9.3.1/thumb/v7e-m+dp/hard/crtn.o
OUTPUT(WYSWTLACZ_HUB75a.elf elf32-littlearm)
LOAD linker stubs
LOAD c:/st/stm32cubeide_1.3.0/stm32cubeide/plugins/com.st.stm32cube.ide.mcu.externaltools.gnu-tools-for-stm32.9-2020-q2-update.win32_1.5.0.202011040924/tools/bin/../lib/gcc/arm-none-eabi/9.3.1/../../../../arm-none-eabi/lib/thumb/v7e-m+dp/hard\libc.a
LOAD c:/st/stm32cubeide_1.3.0/stm32cubeide/plugins/com.st.stm32cube.ide.mcu.externaltools.gnu-tools-for-stm32.9-2020-q2-update.win32_1.5.0.202011040924/tools/bin/../lib/gcc/arm-none-eabi/9.3.1/../../../../arm-none-eabi/lib/thumb/v7e-m+dp/hard\libm.a
LOAD c:/st/stm32cubeide_1.3.0/stm32cubeide/plugins/com.st.stm32cube.ide.mcu.externaltools.gnu-tools-for-stm32.9-2020-q2-update.win32_1.5.0.202011040924/tools/bin/../lib/gcc/arm-none-eabi/9.3.1/thumb/v7e-m+dp/hard\libgcc.a

.debug_info     0x0000000000000000    0x347e1
 .debug_info    0x0000000000000000     0x2260 Core/Src/HUB_75.o
 .debug_info    0x0000000000002260     0x1233 Core/Src/LL_UART_TEO.o
 .debug_info    0x0000000000003493     0x123c Core/Src/Napisy.o
 .debug_info    0x00000000000046cf      0xc66 Core/Src/PIXEL_MAPS.o
 .debug_info    0x0000000000005335     0x1014 Core/Src/String_From_UART.o
 .debug_info    0x0000000000006349     0x11c1 Core/Src/gpio.o
 .debug_info    0x000000000000750a      0xd2f Core/Src/iwdg.o
 .debug_info    0x0000000000008239     0x2d9c Core/Src/main.o
 .debug_info    0x000000000000afd5     0x1396 Core/Src/mdma.o
 .debug_info    0x000000000000c36b     0x1bac Core/Src/quadspi.o
 .debug_info    0x000000000000df17     0x18a0 Core/Src/spi.o
 .debug_info    0x000000000000f7b7     0x1009 Core/Src/stm32h7xx_hal_msp.o
 .debug_info    0x00000000000107c0     0x17c2 Core/Src/stm32h7xx_it.o
 .debug_info    0x0000000000011f82      0xa25 Core/Src/sysmem.o
 .debug_info    0x00000000000129a7     0x1468 Core/Src/system_stm32h7xx.o
 .debug_info    0x0000000000013e0f     0x24f7 Core/Src/tim.o
 .debug_info    0x0000000000016306     0x206c Core/Src/usart.o
 .debug_info    0x0000000000018372       0x22 Core/Startup/startup_stm32h750vbtx.o
 .debug_info    0x0000000000018394     0x1f64 Drivers/STM32H7xx_HAL_Driver/Src/stm32h7xx_hal.o
 .debug_info    0x000000000001a2f8     0x1bda Drivers/STM32H7xx_HAL_Driver/Src/stm32h7xx_hal_cortex.o
 .debug_info    0x000000000001bed2     0x17bf Drivers/STM32H7xx_HAL_Driver/Src/stm32h7xx_hal_gpio.o
 .debug_info    0x000000000001d691      0xca8 Drivers/STM32H7xx_HAL_Driver/Src/stm32h7xx_hal_iwdg.o
 .debug_info    0x000000000001e339     0x16c6 Drivers/STM32H7xx_HAL_Driver/Src/stm32h7xx_hal_mdma.o
 .debug_info    0x000000000001f9ff     0x1b06 Drivers/STM32H7xx_HAL_Driver/Src/stm32h7xx_hal_pwr_ex.o
 .debug_info    0x0000000000021505     0x1d6a Drivers/STM32H7xx_HAL_Driver/Src/stm32h7xx_hal_qspi.o
 .debug_info    0x000000000002326f     0x192a Drivers/STM32H7xx_HAL_Driver/Src/stm32h7xx_hal_rcc.o
 .debug_info    0x0000000000024b99     0x1cc2 Drivers/STM32H7xx_HAL_Driver/Src/stm32h7xx_hal_rcc_ex.o
 .debug_info    0x000000000002685b     0x1fa0 Drivers/STM32H7xx_HAL_Driver/Src/stm32h7xx_hal_spi.o
 .debug_info    0x00000000000287fb     0x3612 Drivers/STM32H7xx_HAL_Driver/Src/stm32h7xx_hal_tim.o
 .debug_info    0x000000000002be0d     0x21a8 Drivers/STM32H7xx_HAL_Driver/Src/stm32h7xx_hal_tim_ex.o
 .debug_info    0x000000000002dfb5     0x1390 Drivers/STM32H7xx_HAL_Driver/Src/stm32h7xx_ll_gpio.o
 .debug_info    0x000000000002f345     0x2281 Drivers/STM32H7xx_HAL_Driver/Src/stm32h7xx_ll_rcc.o
 .debug_info    0x00000000000315c6     0x1dd7 Drivers/STM32H7xx_HAL_Driver/Src/stm32h7xx_ll_tim.o
 .debug_info    0x000000000003339d     0x1444 Drivers/STM32H7xx_HAL_Driver/Src/stm32h7xx_ll_usart.o

.debug_abbrev   0x0000000000000000     0x5a5b
 .debug_abbrev  0x0000000000000000      0x39f Core/Src/HUB_75.o
 .debug_abbrev  0x000000000000039f      0x2ed Core/Src/LL_UART_TEO.o
 .debug_abbrev  0x000000000000068c      0x2f9 Core/Src/Napisy.o
 .debug_abbrev  0x0000000000000985      0x200 Core/Src/PIXEL_MAPS.o
 .debug_abbrev  0x0000000000000b85      0x299 Core/Src/String_From_UART.o
 .debug_abbrev  0x0000000000000e1e      0x229 Core/Src/gpio.o
 .debug_abbrev  0x0000000000001047      0x204 Core/Src/iwdg.o
 .debug_abbrev  0x000000000000124b      0x2c6 Core/Src/main.o
 .debug_abbrev  0x0000000000001511      0x20f Core/Src/mdma.o
 .debug_abbrev  0x0000000000001720      0x278 Core/Src/quadspi.o
 .debug_abbrev  0x0000000000001998      0x265 Core/Src/spi.o
 .debug_abbrev  0x0000000000001bfd      0x20f Core/Src/stm32h7xx_hal_msp.o
 .debug_abbrev  0x0000000000001e0c      0x282 Core/Src/stm32h7xx_it.o
 .debug_abbrev  0x000000000000208e      0x1bf Core/Src/sysmem.o
 .debug_abbrev  0x000000000000224d      0x251 Core/Src/system_stm32h7xx.o
 .debug_abbrev  0x000000000000249e      0x2fb Core/Src/tim.o
 .debug_abbrev  0x0000000000002799      0x2a3 Core/Src/usart.o
 .debug_abbrev  0x0000000000002a3c       0x12 Core/Startup/startup_stm32h750vbtx.o