stm32h7xx_ll_tim.h:1402:22:LL_TIM_EnableCounter	16	static
stm32h7xx_ll_tim.h:4322:22:LL_TIM_EnableIT_CC1	16	static
HUB_75.c:95:6:TIM5_CallBack	8	static
HUB_75.c:158:6:Send_BUF_IN_SCR	16	static
HUB_75.c:236:6:View256ColorBitMap	16	static
HUB_75.c:242:6:PrepareFullBuffer	24	static
HUB_75.c:258:13:PrepareFull256Color_Buffer	24	static
HUB_75.c:297:13:Prepare256Color_Row	24	static
HUB_75.c:336:13:PrepareAndGetWithBritnessRowPart255Color	56	static
HUB_75.c:420:6:PrepareRow	24	static
HUB_75.c:451:6:PrepareRowPart	40	static
HUB_75.c:598:6:HAL_QSPI_TxCpltCallback	24	static,ignoring_inline_asm
HUB_75.c:614:6:HUB_75_INIT	8	static
HUB_75.c:639:6:Select_Send_Buf	16	static
HUB_75.c:657:10:Verical_Scroll_Flow_withHOLD	40	static
HUB_75.c:705:10:Vertical_Scroll_Flow	48	static
HUB_75.c:749:10:Viewing_BitMapBy_Time	24	static
HUB_75.c:769:10:Horizontal_SCROLL	40	static
HUB_75.c:811:10:HOR_SCROLL_PROCES	40	static
