stm32h7xx_ll_usart.h:2993:26:LL_USART_IsActiveFlag_RXNE_RXFNE	16	static
stm32h7xx_ll_usart.h:3004:26:LL_USART_IsActiveFlag_TC	16	static
stm32h7xx_ll_usart.h:3020:26:LL_USART_IsActiveFlag_TXE_TXFNF	16	static
stm32h7xx_ll_usart.h:3308:22:LL_USART_ClearFlag_ORE	16	static
stm32h7xx_ll_usart.h:3343:22:LL_USART_ClearFlag_TC	16	static
stm32h7xx_ll_usart.h:3476:22:LL_USART_EnableIT_RXNE_RXFNE	16	static
stm32h7xx_ll_usart.h:3487:22:LL_USART_EnableIT_TC	16	static
stm32h7xx_ll_usart.h:3503:22:LL_USART_EnableIT_TXE_TXFNF	16	static
stm32h7xx_ll_usart.h:3601:22:LL_USART_EnableIT_ERROR	16	static
stm32h7xx_ll_usart.h:3720:22:LL_USART_DisableIT_TXE_TXFNF	16	static
stm32h7xx_ll_usart.h:3912:26:LL_USART_IsEnabledIT_RXNE_RXFNE	16	static
stm32h7xx_ll_usart.h:3923:26:LL_USART_IsEnabledIT_TC	16	static
stm32h7xx_ll_usart.h:3939:26:LL_USART_IsEnabledIT_TXE_TXFNF	16	static
stm32h7xx_ll_usart.h:4254:25:LL_USART_ReceiveData8	16	static
stm32h7xx_ll_usart.h:4277:22:LL_USART_TransmitData8	16	static
LL_UART_TEO.c:27:6:INIT_UART3	8	static
LL_UART_TEO.c:44:6:InitEcho	16	static
LL_UART_TEO.c:51:6:HandleEcho	40	static
LL_UART_TEO.c:103:6:USART_CharReception_Callback	24	static
LL_UART_TEO.c:108:6:Print_Data	24	static
LL_UART_TEO.c:115:6:USART_TXEmpty_Callback	24	static
LL_UART_TEO.c:127:6:USART_CharTransmitComplete_Callback	16	static
LL_UART_TEO.c:135:6:TUART_CallBack_IRQ	16	static
