stm32h7xx_ll_tim.h:3952:22:LL_TIM_ClearFlag_CC1	16	static
stm32h7xx_it.c:74:6:NMI_Handler	4	static
stm32h7xx_it.c:87:6:HardFault_Handler	4	static
stm32h7xx_it.c:102:6:MemManage_Handler	4	static
stm32h7xx_it.c:117:6:BusFault_Handler	4	static
stm32h7xx_it.c:132:6:UsageFault_Handler	4	static
stm32h7xx_it.c:147:6:SVC_Handler	4	static
stm32h7xx_it.c:160:6:DebugMon_Handler	4	static
stm32h7xx_it.c:173:6:PendSV_Handler	4	static
stm32h7xx_it.c:186:6:SysTick_Handler	8	static
stm32h7xx_it.c:207:6:TIM2_IRQHandler	8	static
stm32h7xx_it.c:220:6:TIM3_IRQHandler	4	static
stm32h7xx_it.c:235:6:USART3_IRQHandler	8	static
stm32h7xx_it.c:248:6:TIM5_IRQHandler	8	static
stm32h7xx_it.c:265:6:QUADSPI_IRQHandler	8	static
stm32h7xx_it.c:279:6:MDMA_IRQHandler	8	static
