stm32h7xx_ll_rcc.h:1693:26:LL_RCC_HSE_IsReady	4	static
stm32h7xx_ll_rcc.h:1731:26:LL_RCC_HSI_IsReady	4	static
stm32h7xx_ll_rcc.h:1770:26:LL_RCC_HSI_GetDivider	4	static
stm32h7xx_ll_rcc.h:1890:26:LL_RCC_CSI_IsReady	4	static
stm32h7xx_ll_rcc.h:2023:26:LL_RCC_HSI48_IsReady	4	static
stm32h7xx_ll_rcc.h:2351:26:LL_RCC_LSE_IsReady	4	static
stm32h7xx_ll_rcc.h:2389:26:LL_RCC_LSI_IsReady	4	static
stm32h7xx_ll_rcc.h:2426:26:LL_RCC_GetSysClkSource	4	static
stm32h7xx_ll_rcc.h:2623:26:LL_RCC_GetSysPrescaler	4	static
stm32h7xx_ll_rcc.h:2646:26:LL_RCC_GetAHBPrescaler	4	static
stm32h7xx_ll_rcc.h:2665:26:LL_RCC_GetAPB1Prescaler	4	static
stm32h7xx_ll_rcc.h:2684:26:LL_RCC_GetAPB2Prescaler	4	static
stm32h7xx_ll_rcc.h:2703:26:LL_RCC_GetAPB3Prescaler	4	static
stm32h7xx_ll_rcc.h:2722:26:LL_RCC_GetAPB4Prescaler	4	static
stm32h7xx_ll_rcc.h:3473:26:LL_RCC_GetClockSource	24	static
stm32h7xx_ll_rcc.h:3504:26:LL_RCC_GetUSARTClockSource	16	static
stm32h7xx_ll_rcc.h:3522:26:LL_RCC_GetLPUARTClockSource	16	static
stm32h7xx_ll_rcc.h:3549:26:LL_RCC_GetI2CClockSource	16	static
stm32h7xx_ll_rcc.h:3584:26:LL_RCC_GetLPTIMClockSource	16	static
stm32h7xx_ll_rcc.h:3638:26:LL_RCC_GetSAIClockSource	16	static
stm32h7xx_ll_rcc.h:3652:26:LL_RCC_GetSDMMCClockSource	16	static
stm32h7xx_ll_rcc.h:3673:26:LL_RCC_GetRNGClockSource	16	static
stm32h7xx_ll_rcc.h:3694:26:LL_RCC_GetUSBClockSource	16	static
stm32h7xx_ll_rcc.h:3714:26:LL_RCC_GetCECClockSource	16	static
stm32h7xx_ll_rcc.h:3750:26:LL_RCC_GetDFSDMClockSource	16	static
stm32h7xx_ll_rcc.h:3788:26:LL_RCC_GetFMCClockSource	16	static
stm32h7xx_ll_rcc.h:3810:26:LL_RCC_GetQSPIClockSource	16	static
stm32h7xx_ll_rcc.h:3850:26:LL_RCC_GetCLKPClockSource	16	static
stm32h7xx_ll_rcc.h:3891:26:LL_RCC_GetSPIClockSource	16	static
stm32h7xx_ll_rcc.h:3907:26:LL_RCC_GetSPDIFClockSource	16	static
stm32h7xx_ll_rcc.h:3927:26:LL_RCC_GetFDCANClockSource	16	static
stm32h7xx_ll_rcc.h:3946:26:LL_RCC_GetSWPClockSource	16	static
stm32h7xx_ll_rcc.h:3966:26:LL_RCC_GetADCClockSource	16	static
stm32h7xx_ll_rcc.h:4319:26:LL_RCC_PLL_GetSource	4	static
stm32h7xx_ll_rcc.h:4350:26:LL_RCC_PLL1_IsReady	4	static
stm32h7xx_ll_rcc.h:4403:26:LL_RCC_PLL1P_IsEnabled	4	static
stm32h7xx_ll_rcc.h:4413:26:LL_RCC_PLL1Q_IsEnabled	4	static
stm32h7xx_ll_rcc.h:4423:26:LL_RCC_PLL1R_IsEnabled	4	static
stm32h7xx_ll_rcc.h:4433:26:LL_RCC_PLL1FRACN_IsEnabled	4	static
stm32h7xx_ll_rcc.h:4516:26:LL_RCC_PLL1_GetN	4	static
stm32h7xx_ll_rcc.h:4526:26:LL_RCC_PLL1_GetM	4	static
stm32h7xx_ll_rcc.h:4536:26:LL_RCC_PLL1_GetP	4	static
stm32h7xx_ll_rcc.h:4546:26:LL_RCC_PLL1_GetQ	4	static
stm32h7xx_ll_rcc.h:4556:26:LL_RCC_PLL1_GetR	4	static
stm32h7xx_ll_rcc.h:4566:26:LL_RCC_PLL1_GetFRACN	4	static
stm32h7xx_ll_rcc.h:4664:26:LL_RCC_PLL2_IsReady	4	static
stm32h7xx_ll_rcc.h:4717:26:LL_RCC_PLL2P_IsEnabled	4	static
stm32h7xx_ll_rcc.h:4727:26:LL_RCC_PLL2Q_IsEnabled	4	static
stm32h7xx_ll_rcc.h:4737:26:LL_RCC_PLL2R_IsEnabled	4	static
stm32h7xx_ll_rcc.h:4747:26:LL_RCC_PLL2FRACN_IsEnabled	4	static
stm32h7xx_ll_rcc.h:4830:26:LL_RCC_PLL2_GetN	4	static
stm32h7xx_ll_rcc.h:4840:26:LL_RCC_PLL2_GetM	4	static
stm32h7xx_ll_rcc.h:4850:26:LL_RCC_PLL2_GetP	4	static
stm32h7xx_ll_rcc.h:4860:26:LL_RCC_PLL2_GetQ	4	static
stm32h7xx_ll_rcc.h:4870:26:LL_RCC_PLL2_GetR	4	static
stm32h7xx_ll_rcc.h:4880:26:LL_RCC_PLL2_GetFRACN	4	static
stm32h7xx_ll_rcc.h:4976:26:LL_RCC_PLL3_IsReady	4	static
stm32h7xx_ll_rcc.h:5029:26:LL_RCC_PLL3P_IsEnabled	4	static
stm32h7xx_ll_rcc.h:5039:26:LL_RCC_PLL3Q_IsEnabled	4	static
stm32h7xx_ll_rcc.h:5049:26:LL_RCC_PLL3R_IsEnabled	4	static
stm32h7xx_ll_rcc.h:5059:26:LL_RCC_PLL3FRACN_IsEnabled	4	static
stm32h7xx_ll_rcc.h:5142:26:LL_RCC_PLL3_GetN	4	static
stm32h7xx_ll_rcc.h:5152:26:LL_RCC_PLL3_GetM	4	static
stm32h7xx_ll_rcc.h:5162:26:LL_RCC_PLL3_GetP	4	static
stm32h7xx_ll_rcc.h:5172:26:LL_RCC_PLL3_GetQ	4	static
stm32h7xx_ll_rcc.h:5182:26:LL_RCC_PLL3_GetR	4	static
stm32h7xx_ll_rcc.h:5192:26:LL_RCC_PLL3_GetFRACN	4	static
stm32h7xx_ll_rcc.c:120:6:LL_RCC_DeInit	8	static
stm32h7xx_ll_rcc.c:260:6:LL_RCC_GetSystemClocksFreq	16	static
stm32h7xx_ll_rcc.c:286:6:LL_RCC_GetPLL1ClockFreq	48	static
stm32h7xx_ll_rcc.c:360:6:LL_RCC_GetPLL2ClockFreq	48	static
stm32h7xx_ll_rcc.c:434:6:LL_RCC_GetPLL3ClockFreq	48	static
stm32h7xx_ll_rcc.c:515:10:LL_RCC_CalcPLLClockFreq	32	static
stm32h7xx_ll_rcc.c:534:10:LL_RCC_GetUSARTClockFreq	40	static
stm32h7xx_ll_rcc.c:609:10:LL_RCC_GetLPUARTClockFreq	40	static
stm32h7xx_ll_rcc.c:673:10:LL_RCC_GetI2CClockFreq	40	static
stm32h7xx_ll_rcc.c:733:10:LL_RCC_GetLPTIMClockFreq	40	static
stm32h7xx_ll_rcc.c:818:10:LL_RCC_GetSAIClockFreq	32	static
stm32h7xx_ll_rcc.c:930:10:LL_RCC_GetADCClockFreq	32	static
stm32h7xx_ll_rcc.c:972:10:LL_RCC_GetSDMMCClockFreq	32	static
stm32h7xx_ll_rcc.c:1010:10:LL_RCC_GetRNGClockFreq	32	static
stm32h7xx_ll_rcc.c:1061:10:LL_RCC_GetCECClockFreq	24	static
stm32h7xx_ll_rcc.c:1103:10:LL_RCC_GetUSBClockFreq	32	static
stm32h7xx_ll_rcc.c:1149:10:LL_RCC_GetDFSDMClockFreq	32	static
stm32h7xx_ll_rcc.c:1248:10:LL_RCC_GetSPDIFClockFreq	32	static
stm32h7xx_ll_rcc.c:1303:10:LL_RCC_GetSPIClockFreq	40	static
stm32h7xx_ll_rcc.c:1413:10:LL_RCC_GetSWPClockFreq	32	static
stm32h7xx_ll_rcc.c:1445:10:LL_RCC_GetFDCANClockFreq	32	static
stm32h7xx_ll_rcc.c:1490:10:LL_RCC_GetFMCClockFreq	40	static
stm32h7xx_ll_rcc.c:1537:10:LL_RCC_GetQSPIClockFreq	40	static
stm32h7xx_ll_rcc.c:1633:10:LL_RCC_GetCLKPClockFreq	24	static
stm32h7xx_ll_rcc.c:1684:17:RCC_GetSystemClockFreq	24	static
stm32h7xx_ll_rcc.c:1723:17:RCC_GetHCLKClockFreq	16	static
stm32h7xx_ll_rcc.c:1734:17:RCC_GetPCLK1ClockFreq	16	static
stm32h7xx_ll_rcc.c:1745:17:RCC_GetPCLK2ClockFreq	16	static
stm32h7xx_ll_rcc.c:1756:17:RCC_GetPCLK3ClockFreq	16	static
stm32h7xx_ll_rcc.c:1767:17:RCC_GetPCLK4ClockFreq	16	static
